Microchip MPLAB XC8 Compiler V2.05 ()

Linker command line:

-W-3 --edf=C:\Program Files (x86)\Microchip\xc8\v2.05\pic\dat\en_msgs.txt \
  -cs -h+dist/default/debug\BicycleComputerPIC16.debug.sym \
  --cmf=dist/default/debug\BicycleComputerPIC16.debug.cmf -z -Q16F1619 \
  -oC:\Users\igna\AppData\Local\Temp\s3bs.2 --defsym=__MPLAB_BUILD=1 \
  -Mdist/default/debug/BicycleComputerPIC16.debug.map -E1 -ver=XC8 \
  --acfsm=1493 -ASTACK=02110h-023EFh -pstack=STACK -ACODE=00h-07FFhx4 \
  -ASTRCODE=00h-01FFFh -ASTRING=00h-0FFhx32 -ACONST=00h-0FFhx32 \
  -AENTRY=00h-0FFhx32 -ACOMMON=070h-07Fh -ABANK0=020h-06Fh \
  -ABANK1=0A0h-0EFh -ABANK2=0120h-016Fh -ABANK3=01A0h-01EFh \
  -ABANK4=0220h-026Fh -ABANK5=02A0h-02EFh -ABANK6=0320h-036Fh \
  -ABANK7=03A0h-03EFh -ABANK8=0420h-046Fh -ABANK9=04A0h-04EFh \
  -ABANK10=0520h-056Fh -ABANK11=05A0h-05EFh -ABANK12=0620h-064Fh \
  -ABIGRAM=02000h-023EFh \
  -ARAM=020h-06Fh,0A0h-0EFh,0120h-016Fh,01A0h-01EFh,0220h-026Fh,02A0h-02EFh,0320h-036Fh,03A0h-03EFh,0420h-046Fh,04A0h-04EFh,0520h-056Fh,05A0h-05EFh,0620h-064Fh \
  -AABS1=020h-07Fh,0A0h-0EFh,0120h-016Fh,01A0h-01EFh,0220h-026Fh,02A0h-02EFh,0320h-036Fh,03A0h-03EFh,0420h-046Fh,04A0h-04EFh,0520h-056Fh,05A0h-05EFh,0620h-064Fh \
  -ASFR0=00h-01Fh -ASFR1=080h-09Fh -ASFR2=0100h-011Fh -ASFR3=0180h-019Fh \
  -ASFR4=0200h-021Fh -ASFR5=0280h-029Fh -ASFR6=0300h-031Fh \
  -ASFR7=0380h-039Fh -ASFR8=0400h-041Fh -ASFR9=0480h-049Fh \
  -ASFR10=0500h-051Fh -ASFR11=0580h-059Fh -ASFR12=0600h-061Fh \
  -ASFR13=0680h-06EFh -ASFR14=0700h-076Fh -ASFR15=0780h-07EFh \
  -ASFR16=0800h-086Fh -ASFR17=0880h-08EFh -ASFR18=0900h-096Fh \
  -ASFR19=0980h-09EFh -ASFR20=0A00h-0A6Fh -ASFR21=0A80h-0AEFh \
  -ASFR22=0B00h-0B6Fh -ASFR23=0B80h-0BEFh -ASFR24=0C00h-0C6Fh \
  -ASFR25=0C80h-0CEFh -ASFR26=0D00h-0D6Fh -ASFR27=0D80h-0DEFh \
  -ASFR28=0E00h-0E6Fh -ASFR29=0E80h-0EEFh -ASFR30=0F00h-0F6Fh \
  -ASFR31=0F80h-0FEFh -preset_vec=00h,intentry=04h,init,end_init \
  -ppowerup=CODE -pcinit=CODE -pfunctab=ENTRY -ACONFIG=08007h-08009h \
  -pconfig=CONFIG -DCONFIG=2 -AIDLOC=08000h-08003h -pidloc=IDLOC -DIDLOC=2 \
  -DCODE=2 -DSTRCODE=2 -DSTRING=2 -DCONST=2 -DENTRY=2 -k \
  C:\Users\igna\AppData\Local\Temp\s3bs.o \
  dist/default/debug\BicycleComputerPIC16.debug.o 

Object code version is 3.11

Machine type is 16F1619



                Name                               Link     Load   Length Selector   Space Scale
C:\Users\igna\AppData\Local\Temp\s3bs.o
                end_init                             14       14        2        8       0
                reset_vec                             0        0        2        0       0
                config                             8007     8007        3    1000E       0
dist/default/debug\BicycleComputerPIC16.debug.o
                cinit                                16       16       27        8       0
                intentry                              4        4       10        8       0
                text46                              A09      A09       82     1412       0
                text45                              269      269      1E9        8       0
                text44                             1743     1743       1F     2E86       0
                text43                               3D       3D      22C        8       0
                text42                             17D0     17D0       30     2FA0       0
                text41                              A8B      A8B       96     1516       0
                text40                              B21      B21       AA     1642       0
                text39                                2        2        1        0       0
                text38                             1686     1686        D     2D0C       0
                text37                             1626     1626        6     2C4C       0
                text36                             16A1     16A1       13     2D42       0
                text35                                3        3        1        6       0
                text34                              7F1      7F1        F        8       0
                text32                             164D     164D        9     2C9A       0
                text31                             1656     1656        9     2CAC       0
                text30                             165F     165F        9     2CBE       0
                text29                             1782     1782       25     2F04       0
                text28                             163E     163E        7     2C7C       0
                text27                             1668     1668        9     2CD0       0
                text26                              80A      80A       33     1014       0
                text25                             1671     1671        9     2CE2       0
                text24                             16DE     16DE       18     2DBC       0
                text23                             167A     167A        C     2CF4       0
                text22                              8F1      8F1       46     11E2       0
                text21                              611      611      17A        8       0
                text20                              98D      98D       7C     131A       0
                text19                              78B      78B       66        8       0
                text18                              CAA      CAA       F7     1954       0
                text17                              BCB      BCB       DF     1796       0
                text16                             16F6     16F6       19     2DEC       0
                text15                              800      800        A        8       0
                text14                             162C     162C        6     2C58       0
                text13                              8B1      8B1       40     1162       0
                text12                             17A7     17A7       29     2F4E       0
                text11                             170F     170F       19     2E1E       0
                text10                              937      937       56     126E       0
                text9                               EAF      EAF      151     1D5E       0
                text8                               DA1      DA1      10E     1B42       0
                text7                               83D      83D       37     107A       0
                text6                              16B4     16B4       15     2D68       0
                text5                              1728     1728       1B     2E50       0
                text4                              1645     1645        8     2C8A       0
                text3                              1693     1693        E     2D26       0
                text2                               874      874       3D     10E8       0
                text1                              16C9     16C9       15     2D92       0
                maintext                            452      452      1BF        8       0
                cstackBANK0                          20       20       20       20       1
                cstackCOMMON                         70       70        E       70       1
                cstackBANK1                          A0       A0       50       A0       1
                cstackBANK2                         140      140       10      120       1
                clrtext                            1632     1632        6     2C64       0
                inittext                           1638     1638        6     2C70       0
                bssBANK3                            1A0      1A0       20      1A0       1
                dataBANK2                           120      120       20      120       1
                bssBANK2                            150      150        C      120       1
                bssBANK0                             40       40       1F       20       1
                stringtext7                        1844     1844        3     3000       0
                stringtext6                        183B     183B        9     3000       0
                stringtext5                        1831     1831        A     3000       0
                stringtext4                        1827     1827        A     3000       0
                stringtext3                        181B     181B        C     3000       0
                stringtext2                        180E     180E        D     3000       0
                stringtext1                        1800     1800        E     3000       0
                nvBANK2                             15C      15C        A      120       1
                nvBANK0                              5F       5F        1       20       1
                idataBANK2                         1762     1762       20     2EC4       0

TOTAL           Name                               Link     Load   Length     Space
        CLASS   STACK          

        CLASS   CODE           
                end_init                             14       14        2         0
                cinit                                16       16       27         0
                intentry                              4        4       10         0
                reset_vec                             0        0        2         0
                text46                              A09      A09       82         0
                text45                              269      269      1E9         0
                text44                             1743     1743       1F         0
                text43                               3D       3D      22C         0
                text42                             17D0     17D0       30         0
                text41                              A8B      A8B       96         0
                text40                              B21      B21       AA         0
                text39                                2        2        1         0
                text38                             1686     1686        D         0
                text37                             1626     1626        6         0
                text36                             16A1     16A1       13         0
                text35                                3        3        1         0
                text34                              7F1      7F1        F         0
                text32                             164D     164D        9         0
                text31                             1656     1656        9         0
                text30                             165F     165F        9         0
                text29                             1782     1782       25         0
                text28                             163E     163E        7         0
                text27                             1668     1668        9         0
                text26                              80A      80A       33         0
                text25                             1671     1671        9         0
                text24                             16DE     16DE       18         0
                text23                             167A     167A        C         0
                text22                              8F1      8F1       46         0
                text21                              611      611      17A         0
                text20                              98D      98D       7C         0
                text19                              78B      78B       66         0
                text18                              CAA      CAA       F7         0
                text17                              BCB      BCB       DF         0
                text16                             16F6     16F6       19         0
                text15                              800      800        A         0
                text14                             162C     162C        6         0
                text13                              8B1      8B1       40         0
                text12                             17A7     17A7       29         0
                text11                             170F     170F       19         0
                text10                              937      937       56         0
                text9                               EAF      EAF      151         0
                text8                               DA1      DA1      10E         0
                text7                               83D      83D       37         0
                text6                              16B4     16B4       15         0
                text5                              1728     1728       1B         0
                text4                              1645     1645        8         0
                text3                              1693     1693        E         0
                text2                               874      874       3D         0
                text1                              16C9     16C9       15         0
                maintext                            452      452      1BF         0
                clrtext                            1632     1632        6         0
                inittext                           1638     1638        6         0
                idataBANK2                         1762     1762       20         0

        CLASS   STRCODE        
                stringtext7                        1844     1844        3         0
                stringtext6                        183B     183B        9         0
                stringtext5                        1831     1831        A         0
                stringtext4                        1827     1827        A         0
                stringtext3                        181B     181B        C         0
                stringtext2                        180E     180E        D         0
                stringtext1                        1800     1800        E         0

        CLASS   STRING         

        CLASS   CONST          

        CLASS   ENTRY          

        CLASS   COMMON         
                cstackCOMMON                         70       70        E         1

        CLASS   BANK0          
                cstackBANK0                          20       20       20         1
                bssBANK0                             40       40       1F         1
                nvBANK0                              5F       5F        1         1

        CLASS   BANK1          
                cstackBANK1                          A0       A0       50         1

        CLASS   BANK2          
                cstackBANK2                         140      140       10         1
                dataBANK2                           120      120       20         1
                bssBANK2                            150      150        C         1
                nvBANK2                             15C      15C        A         1

        CLASS   BANK3          
                bssBANK3                            1A0      1A0       20         1

        CLASS   BANK4          

        CLASS   BANK5          

        CLASS   BANK6          

        CLASS   BANK7          

        CLASS   BANK8          

        CLASS   BANK9          

        CLASS   BANK10         

        CLASS   BANK11         

        CLASS   BANK12         

        CLASS   BIGRAM         

        CLASS   RAM            

        CLASS   ABS1           
                abs_s1                               7E       7E        2         1

        CLASS   SFR0           

        CLASS   SFR1           

        CLASS   SFR2           

        CLASS   SFR3           

        CLASS   SFR4           

        CLASS   SFR5           

        CLASS   SFR6           

        CLASS   SFR7           

        CLASS   SFR8           

        CLASS   SFR9           

        CLASS   SFR10          

        CLASS   SFR11          

        CLASS   SFR12          

        CLASS   SFR13          

        CLASS   SFR14          

        CLASS   SFR15          

        CLASS   SFR16          

        CLASS   SFR17          

        CLASS   SFR18          

        CLASS   SFR19          

        CLASS   SFR20          

        CLASS   SFR21          

        CLASS   SFR22          

        CLASS   SFR23          

        CLASS   SFR24          

        CLASS   SFR25          

        CLASS   SFR26          

        CLASS   SFR27          

        CLASS   SFR28          

        CLASS   SFR29          

        CLASS   SFR30          

        CLASS   SFR31          

        CLASS   CONFIG         
                config                             8007     8007        3         0

        CLASS   IDLOC          

        CLASS   BANK31         

        CLASS   BANK30         

        CLASS   BANK29         

        CLASS   BANK28         

        CLASS   BANK27         

        CLASS   BANK26         

        CLASS   BANK25         

        CLASS   BANK24         

        CLASS   BANK23         

        CLASS   BANK22         

        CLASS   BANK21         

        CLASS   BANK20         

        CLASS   BANK19         

        CLASS   BANK18         

        CLASS   BANK17         

        CLASS   BANK16         

        CLASS   BANK15         

        CLASS   BANK14         

        CLASS   BANK13         

        CLASS   EEDATA         



SEGMENTS        Name                           Load    Length   Top    Selector   Space  Class     Delta

                reset_vec                      000000  000003  000003         0       0  CODE        2
                text35                         000003  000001  000004         6       0  CODE        2
                intentry                       000004  000806  00080A         8       0  CODE        2
                cstackBANK0                    000020  000040  000060        20       1  BANK0       1
                cstackCOMMON                   000070  00000E  00007E        70       1  COMMON      1
                cstackBANK1                    0000A0  000050  0000F0        A0       1  BANK1       1
                dataBANK2                      000120  000046  000166       120       1  BANK2       1
                bssBANK3                       0001A0  000020  0001C0       1A0       1  BANK3       1
                text26                         00080A  000033  00083D      1014       0  CODE        2
                text7                          00083D  000037  000874      107A       0  CODE        2
                text2                          000874  00003D  0008B1      10E8       0  CODE        2
                text13                         0008B1  000040  0008F1      1162       0  CODE        2
                text22                         0008F1  000046  000937      11E2       0  CODE        2
                text10                         000937  000056  00098D      126E       0  CODE        2
                text20                         00098D  00007C  000A09      131A       0  CODE        2
                text46                         000A09  000082  000A8B      1412       0  CODE        2
                text41                         000A8B  000096  000B21      1516       0  CODE        2
                text40                         000B21  0000AA  000BCB      1642       0  CODE        2
                text17                         000BCB  0000DF  000CAA      1796       0  CODE        2
                text18                         000CAA  0000F7  000DA1      1954       0  CODE        2
                text8                          000DA1  00010E  000EAF      1B42       0  CODE        2
                text9                          000EAF  000151  001000      1D5E       0  CODE        2
                text37                         001626  000006  00162C      2C4C       0  CODE        2
                text14                         00162C  000006  001632      2C58       0  CODE        2
                clrtext                        001632  000006  001638      2C64       0  CODE        2
                inittext                       001638  000006  00163E      2C70       0  CODE        2
                text28                         00163E  000007  001645      2C7C       0  CODE        2
                text4                          001645  000008  00164D      2C8A       0  CODE        2
                text32                         00164D  000009  001656      2C9A       0  CODE        2
                text31                         001656  000009  00165F      2CAC       0  CODE        2
                text30                         00165F  000009  001668      2CBE       0  CODE        2
                text27                         001668  000009  001671      2CD0       0  CODE        2
                text25                         001671  000009  00167A      2CE2       0  CODE        2
                text23                         00167A  00000C  001686      2CF4       0  CODE        2
                text38                         001686  00000D  001693      2D0C       0  CODE        2
                text3                          001693  00000E  0016A1      2D26       0  CODE        2
                text36                         0016A1  000013  0016B4      2D42       0  CODE        2
                text6                          0016B4  000015  0016C9      2D68       0  CODE        2
                text1                          0016C9  000015  0016DE      2D92       0  CODE        2
                text24                         0016DE  000018  0016F6      2DBC       0  CODE        2
                text16                         0016F6  000019  00170F      2DEC       0  CODE        2
                text11                         00170F  000019  001728      2E1E       0  CODE        2
                text5                          001728  00001B  001743      2E50       0  CODE        2
                text44                         001743  00001F  001762      2E86       0  CODE        2
                idataBANK2                     001762  000020  001782      2EC4       0  CODE        2
                text29                         001782  000025  0017A7      2F04       0  CODE        2
                text12                         0017A7  000029  0017D0      2F4E       0  CODE        2
                text42                         0017D0  000030  001800      2FA0       0  CODE        2
                stringtext1                    001800  000047  001847      3000       0  STRCODE     2
                config                         008007  000003  00800A     1000E       0  CONFIG      2


UNUSED ADDRESS RANGES

        Name                Unused          Largest block    Delta
        BANK0            00060-0006F              10           1
        BANK10           00520-0056F              50           1
        BANK11           005A0-005EF              50           1
        BANK12           00620-0064F              30           1
        BANK2            00166-0016F               A           1
        BANK3            001C0-001EF              30           1
        BANK4            00220-0026F              50           1
        BANK5            002A0-002EF              50           1
        BANK6            00320-0036F              50           1
        BANK7            003A0-003EF              50           1
        BANK8            00420-0046F              50           1
        BANK9            004A0-004EF              50           1
        BIGRAM           02000-023EF             3F0           1
        CODE             01000-01625             626           2
                         01847-01FFF             7B9
        CONST            01000-01625             100           2
                         01847-01FFF             100
        ENTRY            01000-01625             100           2
                         01847-01FFF             100
        IDLOC            08000-08003               4           2
        RAM              00060-0006F              10           1
                         00166-0016F               A
                         001C0-001EF              30
                         00220-0026F              50
                         002A0-002EF              50
                         00320-0036F              50
                         003A0-003EF              50
                         00420-0046F              50
                         004A0-004EF              50
                         00520-0056F              50
                         005A0-005EF              50
                         00620-0064F              30
        SFR0             00000-0001F              20           1
        SFR1             00080-0009F              20           1
        SFR10            00500-0051F              20           1
        SFR11            00580-0059F              20           1
        SFR12            00600-0061F              20           1
        SFR13            00680-006EF              70           1
        SFR14            00700-0076F              70           1
        SFR15            00780-007EF              70           1
        SFR16            00800-0086F              70           1
        SFR17            00880-008EF              70           1
        SFR18            00900-0096F              70           1
        SFR19            00980-009EF              70           1
        SFR2             00100-0011F              20           1
        SFR20            00A00-00A6F              70           1
        SFR21            00A80-00AEF              70           1
        SFR22            00B00-00B6F              70           1
        SFR23            00B80-00BEF              70           1
        SFR24            00C00-00C6F              70           1
        SFR25            00C80-00CEF              70           1
        SFR26            00D00-00D6F              70           1
        SFR27            00D80-00DEF              70           1
        SFR28            00E00-00E6F              70           1
        SFR29            00E80-00EEF              70           1
        SFR3             00180-0019F              20           1
        SFR30            00F00-00F6F              70           1
        SFR31            00F80-00FEF              70           1
        SFR4             00200-0021F              20           1
        SFR5             00280-0029F              20           1
        SFR6             00300-0031F              20           1
        SFR7             00380-0039F              20           1
        SFR8             00400-0041F              20           1
        SFR9             00480-0049F              20           1
        STACK            02110-023EF             2E0           1
        STRCODE          01000-01625             626           2
                         01847-01FFF             7B9
        STRING           01000-01625             100           2
                         01847-01FFF             100

                                  Symbol Table

?__Umul8_16                                    cstackCOMMON 00070
?___aldiv                                      cstackCOMMON 00070
?___aodiv                                      cstackBANK1  000A0
?___aomod                                      cstackBANK1  000A0
?___awmod                                      cstackBANK1  000C5
?___fladd                                      cstackCOMMON 00070
?___fldiv                                      cstackBANK1  000A0
?___flmul                                      cstackBANK0  00020
?___fltol                                      cstackBANK1  000BA
?___lmul                                       cstackBANK0  00026
?___xxtofl                                     cstackBANK0  0002E
?_abs                                          cstackBANK1  000B3
?_dtoa                                         cstackBANK1  000BC
?_fputc                                        cstackBANK1  000A2
?_fputs                                        cstackBANK1  000AA
?_pad                                          cstackBANK1  000B3
?_printf                                       cstackBANK2  00145
?_strlen                                       cstackBANK1  000A0
?_vfpfcnvrt                                    cstackBANK1  000DA
?_vfprintf                                     cstackBANK1  000EC
EUSART_SetErrorHandler@interruptHandler        cstackBANK1  000A0
EUSART_SetFramingErrorHandler@interruptHandler cstackBANK1  000A0
EUSART_SetOverrunErrorHandler@interruptHandler cstackBANK1  000A0
EUSART_Write@txData                            cstackBANK1  000A0
IOCCF7_SetInterruptHandler@InterruptHandler    cstackBANK1  000A0
TMR0_SetInterruptHandler@InterruptHandler      cstackBANK1  000A0
_ANSELA                                        (abs)        0018C
_ANSELB                                        (abs)        0018D
_ANSELC                                        (abs)        0018E
_BAUD1CON                                      (abs)        0019F
_BORCON                                        (abs)        00116
_EUSART_DefaultErrorHandler                    (abs)        00000
_EUSART_DefaultFramingErrorHandler             (abs)        00000
_EUSART_DefaultOverrunErrorHandler             (abs)        00000
_EUSART_ErrorHandler                           nvBANK2      00160
_EUSART_FramingErrorHandler                    nvBANK2      00164
_EUSART_Initialize                             text29       01782
_EUSART_OverrunErrorHandler                    nvBANK2      00162
_EUSART_SetErrorHandler                        text32       0164D
_EUSART_SetFramingErrorHandler                 text31       01656
_EUSART_SetOverrunErrorHandler                 text30       0165F
_EUSART_Write                                  text15       00800
_EUSART_is_tx_ready                            text3        01693
_EUSART_is_tx_ready$167                        cstackBANK1  000A0
_INTCONbits                                    (abs)        0000B
_INTERRUPT_InterruptManager                    intentry     00004
_IOCCF7_DefaultInterruptHandler                text39       00002
_IOCCF7_ISR                                    text38       01686
_IOCCF7_InterruptHandler                       nvBANK2      0015E
_IOCCF7_SetInterruptHandler                    text27       01668
_IOCCFbits                                     (abs)        00399
_IOCCNbits                                     (abs)        00398
_IOCCPbits                                     (abs)        00397
_LATA                                          (abs)        0010C
_LATB                                          (abs)        0010D
_LATC                                          (abs)        0010E
_ODCONA                                        (abs)        0028C
_ODCONB                                        (abs)        0028D
_ODCONC                                        (abs)        0028E
_OPTION_REG                                    (abs)        00095
_OPTION_REGbits                                (abs)        00095
_OSCCON                                        (abs)        00099
_OSCILLATOR_Initialize                         text28       0163E
_OSCTUNE                                       (abs)        00098
_PIN_MANAGER_IOC                               text37       01626
_PIN_MANAGER_Initialize                        text26       0080A
_PIR1bits                                      (abs)        00010
_RB7PPS                                        (abs)        00E9F
_RC1REG                                        (abs)        00199
_RC1STA                                        (abs)        0019D
_RC1STAbits                                    (abs)        0019D
_SLRCONA                                       (abs)        0030C
_SLRCONB                                       (abs)        0030D
_SLRCONC                                       (abs)        0030E
_SPBRGH                                        (abs)        0019C
_SPBRGL                                        (abs)        0019B
_SYSTEM_Initialize                             text23       0167A
_TMR0                                          (abs)        00015
_TMR0_DefaultInterruptHandler                  text35       00003
_TMR0_ISR                                      text34       007F1
_TMR0_Initialize                               text24       016DE
_TMR0_InterruptHandler                         nvBANK2      0015C
_TMR0_SetInterruptHandler                      text25       01671
_TRISA                                         (abs)        0008C
_TRISB                                         (abs)        0008D
_TRISC                                         (abs)        0008E
_TX1REG                                        (abs)        0019A
_TX1STA                                        (abs)        0019E
_TX1STAbits                                    (abs)        0019E
_WPUA                                          (abs)        0020C
_WPUB                                          (abs)        0020D
_WPUC                                          (abs)        0020E
__CFG_BOREN$ON                                 (abs)        00000
__CFG_BORV$LO                                  (abs)        00000
__CFG_CLKOUTEN$OFF                             (abs)        00000
__CFG_CP$OFF                                   (abs)        00000
__CFG_FCMEN$ON                                 (abs)        00000
__CFG_FOSC$INTOSC                              (abs)        00000
__CFG_IESO$ON                                  (abs)        00000
__CFG_LPBOR$OFF                                (abs)        00000
__CFG_LVP$OFF                                  (abs)        00000
__CFG_MCLRE$ON                                 (abs)        00000
__CFG_PLLEN$OFF                                (abs)        00000
__CFG_PPS1WAY$ON                               (abs)        00000
__CFG_PWRTE$OFF                                (abs)        00000
__CFG_STVREN$ON                                (abs)        00000
__CFG_WDTCCS$SWC                               (abs)        00000
__CFG_WDTCPS$WDTCPS1F                          (abs)        00000
__CFG_WDTCWS$WDTCWSSW                          (abs)        00000
__CFG_WDTE$OFF                                 (abs)        00000
__CFG_WRT$OFF                                  (abs)        00000
__CFG_ZCD$OFF                                  (abs)        00000
__Habs1                                        abs1         00000
__Hbank0                                       bank0        00000
__Hbank1                                       bank1        00000
__Hbank10                                      bank10       00000
__Hbank11                                      bank11       00000
__Hbank12                                      bank12       00000
__Hbank13                                      bank13       00000
__Hbank14                                      bank14       00000
__Hbank15                                      bank15       00000
__Hbank16                                      bank16       00000
__Hbank17                                      bank17       00000
__Hbank18                                      bank18       00000
__Hbank19                                      bank19       00000
__Hbank2                                       bank2        00000
__Hbank20                                      bank20       00000
__Hbank21                                      bank21       00000
__Hbank22                                      bank22       00000
__Hbank23                                      bank23       00000
__Hbank24                                      bank24       00000
__Hbank25                                      bank25       00000
__Hbank26                                      bank26       00000
__Hbank27                                      bank27       00000
__Hbank28                                      bank28       00000
__Hbank29                                      bank29       00000
__Hbank3                                       bank3        00000
__Hbank30                                      bank30       00000
__Hbank31                                      bank31       00000
__Hbank4                                       bank4        00000
__Hbank5                                       bank5        00000
__Hbank6                                       bank6        00000
__Hbank7                                       bank7        00000
__Hbank8                                       bank8        00000
__Hbank9                                       bank9        00000
__Hbigram                                      bigram       00000
__HbssBANK0                                    bssBANK0     00000
__HbssBANK2                                    bssBANK2     00000
__HbssBANK3                                    bssBANK3     00000
__Hcinit                                       cinit        0003D
__Hclrtext                                     clrtext      00000
__Hcode                                        code         00000
__Hcommon                                      common       00000
__Hconfig                                      config       0800A
__HcstackBANK0                                 cstackBANK0  00000
__HcstackBANK1                                 cstackBANK1  00000
__HcstackBANK2                                 cstackBANK2  00000
__HcstackCOMMON                                cstackCOMMON 00000
__HdataBANK2                                   dataBANK2    00000
__Heeprom_data                                 eeprom_data  00000
__Hend_init                                    end_init     00016
__Hfunctab                                     functab      00000
__HidataBANK2                                  idataBANK2   00000
__Hidloc                                       idloc        00000
__Hinit                                        init         00014
__Hinittext                                    inittext     00000
__Hintentry                                    intentry     00014
__Hmaintext                                    maintext     00000
__HnvBANK0                                     nvBANK0      00000
__HnvBANK2                                     nvBANK2      00000
__Hpowerup                                     powerup      00000
__Hram                                         ram          00000
__Hreset_vec                                   reset_vec    00002
__Hsfr0                                        sfr0         00000
__Hsfr1                                        sfr1         00000
__Hsfr10                                       sfr10        00000
__Hsfr11                                       sfr11        00000
__Hsfr12                                       sfr12        00000
__Hsfr13                                       sfr13        00000
__Hsfr14                                       sfr14        00000
__Hsfr15                                       sfr15        00000
__Hsfr16                                       sfr16        00000
__Hsfr17                                       sfr17        00000
__Hsfr18                                       sfr18        00000
__Hsfr19                                       sfr19        00000
__Hsfr2                                        sfr2         00000
__Hsfr20                                       sfr20        00000
__Hsfr21                                       sfr21        00000
__Hsfr22                                       sfr22        00000
__Hsfr23                                       sfr23        00000
__Hsfr24                                       sfr24        00000
__Hsfr25                                       sfr25        00000
__Hsfr26                                       sfr26        00000
__Hsfr27                                       sfr27        00000
__Hsfr28                                       sfr28        00000
__Hsfr29                                       sfr29        00000
__Hsfr3                                        sfr3         00000
__Hsfr30                                       sfr30        00000
__Hsfr31                                       sfr31        00000
__Hsfr4                                        sfr4         00000
__Hsfr5                                        sfr5         00000
__Hsfr6                                        sfr6         00000
__Hsfr7                                        sfr7         00000
__Hsfr8                                        sfr8         00000
__Hsfr9                                        sfr9         00000
__Hspace_0                                     (abs)        0800A
__Hspace_1                                     (abs)        001C0
__Hspace_2                                     (abs)        00000
__Hspace_3                                     (abs)        00000
__Hstack                                       stack        00000
__Hstrings                                     strings      00000
__Hstringtext1                                 stringtext1  00000
__Hstringtext2                                 stringtext2  00000
__Hstringtext3                                 stringtext3  00000
__Hstringtext4                                 stringtext4  00000
__Hstringtext5                                 stringtext5  00000
__Hstringtext6                                 stringtext6  00000
__Hstringtext7                                 stringtext7  00000
__Hstringtext8                                 stringtext8  00000
__Htext                                        text         00000
__Labs1                                        abs1         00000
__Lbank0                                       bank0        00000
__Lbank1                                       bank1        00000
__Lbank10                                      bank10       00000
__Lbank11                                      bank11       00000
__Lbank12                                      bank12       00000
__Lbank13                                      bank13       00000
__Lbank14                                      bank14       00000
__Lbank15                                      bank15       00000
__Lbank16                                      bank16       00000
__Lbank17                                      bank17       00000
__Lbank18                                      bank18       00000
__Lbank19                                      bank19       00000
__Lbank2                                       bank2        00000
__Lbank20                                      bank20       00000
__Lbank21                                      bank21       00000
__Lbank22                                      bank22       00000
__Lbank23                                      bank23       00000
__Lbank24                                      bank24       00000
__Lbank25                                      bank25       00000
__Lbank26                                      bank26       00000
__Lbank27                                      bank27       00000
__Lbank28                                      bank28       00000
__Lbank29                                      bank29       00000
__Lbank3                                       bank3        00000
__Lbank30                                      bank30       00000
__Lbank31                                      bank31       00000
__Lbank4                                       bank4        00000
__Lbank5                                       bank5        00000
__Lbank6                                       bank6        00000
__Lbank7                                       bank7        00000
__Lbank8                                       bank8        00000
__Lbank9                                       bank9        00000
__Lbigram                                      bigram       00000
__LbssBANK0                                    bssBANK0     00000
__LbssBANK2                                    bssBANK2     00000
__LbssBANK3                                    bssBANK3     00000
__Lcinit                                       cinit        00016
__Lclrtext                                     clrtext      00000
__Lcode                                        code         00000
__Lcommon                                      common       00000
__Lconfig                                      config       08007
__LcstackBANK0                                 cstackBANK0  00000
__LcstackBANK1                                 cstackBANK1  00000
__LcstackBANK2                                 cstackBANK2  00000
__LcstackCOMMON                                cstackCOMMON 00000
__LdataBANK2                                   dataBANK2    00000
__Leeprom_data                                 eeprom_data  00000
__Lend_init                                    end_init     00014
__Lfunctab                                     functab      00000
__LidataBANK2                                  idataBANK2   00000
__Lidloc                                       idloc        00000
__Linit                                        init         00014
__Linittext                                    inittext     00000
__Lintentry                                    intentry     00004
__Lmaintext                                    maintext     00000
__LnvBANK0                                     nvBANK0      00000
__LnvBANK2                                     nvBANK2      00000
__Lpowerup                                     powerup      00000
__Lram                                         ram          00000
__Lreset_vec                                   reset_vec    00000
__Lsfr0                                        sfr0         00000
__Lsfr1                                        sfr1         00000
__Lsfr10                                       sfr10        00000
__Lsfr11                                       sfr11        00000
__Lsfr12                                       sfr12        00000
__Lsfr13                                       sfr13        00000
__Lsfr14                                       sfr14        00000
__Lsfr15                                       sfr15        00000
__Lsfr16                                       sfr16        00000
__Lsfr17                                       sfr17        00000
__Lsfr18                                       sfr18        00000
__Lsfr19                                       sfr19        00000
__Lsfr2                                        sfr2         00000
__Lsfr20                                       sfr20        00000
__Lsfr21                                       sfr21        00000
__Lsfr22                                       sfr22        00000
__Lsfr23                                       sfr23        00000
__Lsfr24                                       sfr24        00000
__Lsfr25                                       sfr25        00000
__Lsfr26                                       sfr26        00000
__Lsfr27                                       sfr27        00000
__Lsfr28                                       sfr28        00000
__Lsfr29                                       sfr29        00000
__Lsfr3                                        sfr3         00000
__Lsfr30                                       sfr30        00000
__Lsfr31                                       sfr31        00000
__Lsfr4                                        sfr4         00000
__Lsfr5                                        sfr5         00000
__Lsfr6                                        sfr6         00000
__Lsfr7                                        sfr7         00000
__Lsfr8                                        sfr8         00000
__Lsfr9                                        sfr9         00000
__Lspace_0                                     (abs)        00000
__Lspace_1                                     (abs)        00000
__Lspace_2                                     (abs)        00000
__Lspace_3                                     (abs)        00000
__Lstack                                       stack        00000
__Lstrings                                     strings      00000
__Lstringtext1                                 stringtext1  00000
__Lstringtext2                                 stringtext2  00000
__Lstringtext3                                 stringtext3  00000
__Lstringtext4                                 stringtext4  00000
__Lstringtext5                                 stringtext5  00000
__Lstringtext6                                 stringtext6  00000
__Lstringtext7                                 stringtext7  00000
__Lstringtext8                                 stringtext8  00000
__Ltext                                        text         00000
__S0                                           (abs)        0800A
__S1                                           (abs)        001C0
__S2                                           (abs)        00000
__Umul8_16                                     text44       01743
__Umul8_16@multiplicand                        cstackCOMMON 00070
__Umul8_16@multiplier                          cstackCOMMON 00078
__Umul8_16@product                             cstackCOMMON 00074
__Umul8_16@word_mpld                           cstackCOMMON 00076
___aldiv                                       text46       00A09
___aldiv@counter                               cstackBANK0  00020
___aldiv@dividend                              cstackCOMMON 00074
___aldiv@divisor                               cstackCOMMON 00070
___aldiv@quotient                              cstackBANK0  00022
___aldiv@sign                                  cstackBANK0  00021
___aodiv                                       text18       00CAA
___aodiv@counter                               cstackBANK1  000B1
___aodiv@dividend                              cstackBANK1  000A8
___aodiv@divisor                               cstackBANK1  000A0
___aodiv@quotient                              cstackBANK1  000B3
___aodiv@sign                                  cstackBANK1  000B2
___aomod                                       text17       00BCB
___aomod@counter                               cstackBANK1  000B1
___aomod@dividend                              cstackBANK1  000A8
___aomod@divisor                               cstackBANK1  000A0
___aomod@sign                                  cstackBANK1  000B2
___awmod                                       text22       008F1
___awmod@counter                               cstackBANK1  000CA
___awmod@dividend                              cstackBANK1  000C7
___awmod@divisor                               cstackBANK1  000C5
___awmod@sign                                  cstackBANK1  000CB
___fladd                                       text45       00269
___fladd@a                                     cstackCOMMON 00074
___fladd@aexp                                  cstackCOMMON 00079
___fladd@b                                     cstackCOMMON 00070
___fladd@bexp                                  cstackCOMMON 0007A
___fladd@grs                                   cstackCOMMON 0007B
___fladd@signs                                 cstackCOMMON 00078
___fldiv                                       text21       00611
___fldiv@a                                     cstackBANK1  000A0
___fldiv@aexp                                  cstackBANK1  000B9
___fldiv@b                                     cstackBANK1  000A4
___fldiv@bexp                                  cstackBANK1  000B8
___fldiv@grs                                   cstackBANK1  000B4
___fldiv@new_exp                               cstackBANK1  000B2
___fldiv@rem                                   cstackBANK1  000AD
___fldiv@sign                                  cstackBANK1  000B1
___flge                                        text20       0098D
___flge@ff1                                    cstackBANK1  000A0
___flge@ff2                                    cstackBANK1  000A4
___flmul                                       text43       0003D
___flmul@a                                     cstackBANK0  00024
___flmul@aexp                                  cstackBANK0  0002D
___flmul@b                                     cstackBANK0  00020
___flmul@bexp                                  cstackBANK0  0002E
___flmul@grs                                   cstackBANK0  00029
___flmul@prod                                  cstackBANK0  0002F
___flmul@sign                                  cstackBANK0  00028
___flmul@temp                                  cstackBANK0  00033
___fltol                                       text19       0078B
___fltol@exp1                                  cstackBANK1  000C4
___fltol@f1                                    cstackBANK1  000BA
___fltol@sign1                                 cstackBANK1  000C3
___int_sp                                      stack        00000
___latbits                                     (abs)        00002
___lmul                                        text42       017D0
___lmul@multiplicand                           cstackBANK0  0002A
___lmul@multiplier                             cstackBANK0  00026
___lmul@product                                cstackCOMMON 00079
___sp                                          stack        00000
___stackhi                                     (abs)        023EF
___stacklo                                     (abs)        02110
___xxtofl                                      text41       00A8B
___xxtofl@arg                                  cstackBANK0  00038
___xxtofl@exp                                  cstackBANK0  00037
___xxtofl@sign                                 cstackBANK0  00036
___xxtofl@val                                  cstackBANK0  0002E
__end_of_EUSART_Initialize                     text29       017A7
__end_of_EUSART_SetErrorHandler                text32       01656
__end_of_EUSART_SetFramingErrorHandler         text31       0165F
__end_of_EUSART_SetOverrunErrorHandler         text30       01668
__end_of_EUSART_Write                          text15       0080A
__end_of_EUSART_is_tx_ready                    text3        016A1
__end_of_INTERRUPT_InterruptManager            intentry     00014
__end_of_IOCCF7_DefaultInterruptHandler        text39       00003
__end_of_IOCCF7_ISR                            text38       01693
__end_of_IOCCF7_SetInterruptHandler            text27       01671
__end_of_OSCILLATOR_Initialize                 text28       01645
__end_of_PIN_MANAGER_IOC                       text37       0162C
__end_of_PIN_MANAGER_Initialize                text26       0083D
__end_of_SYSTEM_Initialize                     text23       01686
__end_of_TMR0_DefaultInterruptHandler          text35       00004
__end_of_TMR0_ISR                              text34       00800
__end_of_TMR0_Initialize                       text24       016F6
__end_of_TMR0_SetInterruptHandler              text25       0167A
__end_of__Umul8_16                             text44       01762
__end_of___aldiv                               text46       00A8B
__end_of___aodiv                               text18       00DA1
__end_of___aomod                               text17       00CAA
__end_of___awmod                               text22       00937
__end_of___fladd                               text45       00452
__end_of___fldiv                               text21       0078B
__end_of___flge                                text20       00A09
__end_of___flmul                               text43       00269
__end_of___fltol                               text19       007F1
__end_of___lmul                                text42       01800
__end_of___xxtofl                              text41       00B21
__end_of__initialization                       cinit        00039
__end_of_abs                                   text16       0170F
__end_of_dtoa                                  text9        01000
__end_of_fputc                                 text13       008F1
__end_of_fputs                                 text12       017D0
__end_of_main                                  maintext     00611
__end_of_pad                                   text10       0098D
__end_of_printf                                text6        016C9
__end_of_putch                                 text14       01632
__end_of_puts                                  text5        01743
__end_of_resetCursor                           text4        0164D
__end_of_setCursor                             text2        008B1
__end_of_speedCalc                             text40       00BCB
__end_of_strlen                                text11       01728
__end_of_timerISR                              text36       016B4
__end_of_vfpfcnvrt                             text8        00EAF
__end_of_vfprintf                              text7        00874
__end_of_writeString                           text1        016DE
__initialization                               cinit        00016
__pbssBANK0                                    bssBANK0     00040
__pbssBANK2                                    bssBANK2     00150
__pbssBANK3                                    bssBANK3     001A0
__pcstackBANK0                                 cstackBANK0  00020
__pcstackBANK1                                 cstackBANK1  000A0
__pcstackBANK2                                 cstackBANK2  00140
__pcstackCOMMON                                cstackCOMMON 00070
__pdataBANK2                                   dataBANK2    00120
__pidataBANK2                                  idataBANK2   01762
__pintentry                                    intentry     00004
__pmaintext                                    maintext     00452
__pnvBANK0                                     nvBANK0      0005F
__pnvBANK2                                     nvBANK2      0015C
__pstringtext1                                 stringtext1  01800
__pstringtext2                                 stringtext2  0180E
__pstringtext3                                 stringtext3  0181B
__pstringtext4                                 stringtext4  01827
__pstringtext5                                 stringtext5  01831
__pstringtext6                                 stringtext6  0183B
__pstringtext7                                 stringtext7  01844
__pstringtext8                                 stringtext8  00000
__ptext1                                       text1        016C9
__ptext10                                      text10       00937
__ptext11                                      text11       0170F
__ptext12                                      text12       017A7
__ptext13                                      text13       008B1
__ptext14                                      text14       0162C
__ptext15                                      text15       00800
__ptext16                                      text16       016F6
__ptext17                                      text17       00BCB
__ptext18                                      text18       00CAA
__ptext19                                      text19       0078B
__ptext2                                       text2        00874
__ptext20                                      text20       0098D
__ptext21                                      text21       00611
__ptext22                                      text22       008F1
__ptext23                                      text23       0167A
__ptext24                                      text24       016DE
__ptext25                                      text25       01671
__ptext26                                      text26       0080A
__ptext27                                      text27       01668
__ptext28                                      text28       0163E
__ptext29                                      text29       01782
__ptext3                                       text3        01693
__ptext30                                      text30       0165F
__ptext31                                      text31       01656
__ptext32                                      text32       0164D
__ptext34                                      text34       007F1
__ptext35                                      text35       00003
__ptext36                                      text36       016A1
__ptext37                                      text37       01626
__ptext38                                      text38       01686
__ptext39                                      text39       00002
__ptext4                                       text4        01645
__ptext40                                      text40       00B21
__ptext41                                      text41       00A8B
__ptext42                                      text42       017D0
__ptext43                                      text43       0003D
__ptext44                                      text44       01743
__ptext45                                      text45       00269
__ptext46                                      text46       00A09
__ptext5                                       text5        01728
__ptext6                                       text6        016B4
__ptext7                                       text7        0083D
__ptext8                                       text8        00DA1
__ptext9                                       text9        00EAF
__size_of_EUSART_Initialize                    (abs)        00000
__size_of_EUSART_SetErrorHandler               (abs)        00000
__size_of_EUSART_SetFramingErrorHandler        (abs)        00000
__size_of_EUSART_SetOverrunErrorHandler        (abs)        00000
__size_of_EUSART_Write                         (abs)        00000
__size_of_EUSART_is_tx_ready                   (abs)        00000
__size_of_INTERRUPT_InterruptManager           (abs)        00000
__size_of_IOCCF7_DefaultInterruptHandler       (abs)        00000
__size_of_IOCCF7_ISR                           (abs)        00000
__size_of_IOCCF7_SetInterruptHandler           (abs)        00000
__size_of_OSCILLATOR_Initialize                (abs)        00000
__size_of_PIN_MANAGER_IOC                      (abs)        00000
__size_of_PIN_MANAGER_Initialize               (abs)        00000
__size_of_SYSTEM_Initialize                    (abs)        00000
__size_of_TMR0_DefaultInterruptHandler         (abs)        00000
__size_of_TMR0_ISR                             (abs)        00000
__size_of_TMR0_Initialize                      (abs)        00000
__size_of_TMR0_SetInterruptHandler             (abs)        00000
__size_of__Umul8_16                            (abs)        00000
__size_of___aldiv                              (abs)        00000
__size_of___aodiv                              (abs)        00000
__size_of___aomod                              (abs)        00000
__size_of___awmod                              (abs)        00000
__size_of___fladd                              (abs)        00000
__size_of___fldiv                              (abs)        00000
__size_of___flge                               (abs)        00000
__size_of___flmul                              (abs)        00000
__size_of___fltol                              (abs)        00000
__size_of___lmul                               (abs)        00000
__size_of___xxtofl                             (abs)        00000
__size_of_abs                                  (abs)        00000
__size_of_dtoa                                 (abs)        00000
__size_of_fputc                                (abs)        00000
__size_of_fputs                                (abs)        00000
__size_of_main                                 (abs)        00000
__size_of_pad                                  (abs)        00000
__size_of_printf                               (abs)        00000
__size_of_putch                                (abs)        00000
__size_of_puts                                 (abs)        00000
__size_of_resetCursor                          (abs)        00000
__size_of_setCursor                            (abs)        00000
__size_of_speedCalc                            (abs)        00000
__size_of_strlen                               (abs)        00000
__size_of_timerISR                             (abs)        00000
__size_of_vfpfcnvrt                            (abs)        00000
__size_of_vfprintf                             (abs)        00000
__size_of_writeString                          (abs)        00000
_abs                                           text16       016F6
_adcCounter                                    bssBANK2     00154
_counter                                       bssBANK0     0005B
_dbuf                                          bssBANK3     001A0
_distHi                                        bssBANK0     00056
_distLo                                        bssBANK0     00054
_distance                                      bssBANK0     00040
_distanceDisp                                  dataBANK2    0012D
_dtoa                                          text9        00EAF
_dtoa$700                                      cstackBANK1  000C7
_eusartRxLastError                             bssBANK0     0005A
_flags                                         bssBANK0     0004E
_fputc                                         text13       008B1
_fputs                                         text12       017A7
_heartRate                                     bssBANK2     00150
_hrDisp                                        dataBANK2    00120
_hrInt                                         bssBANK0     00050
_main                                          maintext     00452
_nout                                          bssBANK0     00048
_pad                                           text10       00937
_prec                                          bssBANK0     0004C
_printf                                        text6        016B4
_putch                                         text14       0162C
_puts                                          text5        01728
_puts$1046                                     cstackBANK1  000B7
_resetCursor                                   text4        01645
_rpm                                           bssBANK2     00158
_setCursor                                     text2        00874
_speed                                         bssBANK0     00044
_speedCalc                                     text40       00B21
_speedCalc$1227                                cstackBANK0  0003C
_speedDisp                                     dataBANK2    00138
_speedInt                                      bssBANK0     00058
_speedLo                                       bssBANK0     00052
_strlen                                        text11       0170F
_timer0ReloadVal                               nvBANK0      0005F
_timerISR                                      text36       016A1
_vfpfcnvrt                                     text8        00DA1
_vfprintf                                      text7        0083D
_width                                         bssBANK0     0004A
_writeString                                   text1        016C9
abs@a                                          cstackBANK1  000B3
btemp                                          (abs)        0007E
clear_ram0                                     clrtext      01632
dtoa@d                                         cstackBANK1  000BC
dtoa@fp                                        cstackBANK1  000C9
dtoa@i                                         cstackBANK1  000D8
dtoa@n                                         cstackBANK1  000D0
dtoa@p                                         cstackBANK1  000CA
dtoa@s                                         cstackBANK1  000CE
dtoa@w                                         cstackBANK1  000CC
end_of_initialization                          cinit        00039
fputc@c                                        cstackBANK1  000A2
fputc@fp                                       cstackBANK1  000A4
fputs@c                                        cstackBANK1  000B0
fputs@fp                                       cstackBANK1  000AC
fputs@i                                        cstackBANK1  000B1
fputs@s                                        cstackBANK1  000AA
init_ram                                       inittext     01638
int$flags                                      (abs)        0007E
intlevel0                                      functab      00000
intlevel1                                      functab      00000
intlevel2                                      functab      00000
intlevel3                                      functab      00000
intlevel4                                      functab      00000
intlevel5                                      functab      00000
pad@buf                                        cstackBANK1  000B3
pad@fp                                         cstackBANK1  000BB
pad@i                                          cstackBANK1  000B7
pad@p                                          cstackBANK1  000B4
pad@w                                          cstackBANK1  000B9
printf@ap                                      cstackBANK2  0014D
printf@fmt                                     cstackBANK2  00145
putch@txData                                   cstackBANK1  000A1
puts@s                                         cstackBANK1  000B3
reset_vec                                      reset_vec    00000
setCursor@a                                    cstackBANK1  000A4
setCursor@b                                    cstackBANK1  000A1
start                                          init         00014
start_initialization                           cinit        00016
strlen@a                                       cstackBANK1  000A3
strlen@s                                       cstackBANK1  000A4
vfpfcnvrt@ap                                   cstackBANK1  000DB
vfpfcnvrt@fmt                                  cstackBANK1  000DA
vfpfcnvrt@fp                                   cstackBANK1  000EB
vfpfcnvrt@ll                                   cstackBANK1  000E1
vfpfcnvrt@vp                                   cstackBANK1  000E9
vfprintf@ap                                    cstackBANK1  000EE
vfprintf@cfmt                                  cstackBANK2  00143
vfprintf@fmt                                   cstackBANK1  000EC
vfprintf@fp                                    cstackBANK2  00142
writeString@string                             cstackBANK1  000B8
wtemp0                                         (abs)        0007E


FUNCTION INFORMATION:

 *************** function _main *****************
 Defined at:
		line 34 in file "main.c"
 Parameters:    Size  Location     Type
		None
 Auto vars:     Size  Location     Type
		None
 Return value:  Size  Location     Type
                  1    wreg      void 
 Registers used:
		wreg, fsr0l, fsr0h, fsr1l, fsr1h, status,2, status,0, pclath, cstack
 Tracked objects:
		On entry : 
		On exit  : 
		Unchanged: 
 Data sizes:     COMMON   BANK0   BANK1   BANK2   BANK3   BANK4   BANK5   BANK6   BANK7   BANK8   BANK9  BANK10  BANK11  BANK12
      Params:         0       0       0       0       0       0       0       0       0       0       0       0       0       0
      Locals:         0       0       0       0       0       0       0       0       0       0       0       0       0       0
      Temps:          0       0       0       2       0       0       0       0       0       0       0       0       0       0
      Totals:         0       0       0       2       0       0       0       0       0       0       0       0       0       0
Total ram usage:        2 bytes
 Hardware stack levels required when called:   15
 This function calls:
		_IOCCF7_SetInterruptHandler
		_SYSTEM_Initialize
		_TMR0_SetInterruptHandler
		___awmod
		___fldiv
		___flge
		___fltol
		_printf
		_resetCursor
		_setCursor
		_writeString
 This function is called by:
		Startup code after reset
 This function uses a non-reentrant model


 *************** function _writeString *****************
 Defined at:
		line 61 in file "displayOptions.c"
 Parameters:    Size  Location     Type
  string          1    wreg     PTR unsigned char 
		 -> hrDisp(13), distanceDisp(11), speedDisp(8), 
 Auto vars:     Size  Location     Type
  string          1   24[BANK1 ] PTR unsigned char 
		 -> hrDisp(13), distanceDisp(11), speedDisp(8), 
 Return value:  Size  Location     Type
                  1    wreg      void 
 Registers used:
		wreg, fsr0l, fsr0h, fsr1l, fsr1h, status,2, status,0, pclath, cstack
 Tracked objects:
		On entry : 
		On exit  : 
		Unchanged: 
 Data sizes:     COMMON   BANK0   BANK1   BANK2   BANK3   BANK4   BANK5   BANK6   BANK7   BANK8   BANK9  BANK10  BANK11  BANK12
      Params:         0       0       0       0       0       0       0       0       0       0       0       0       0       0
      Locals:         0       0       1       0       0       0       0       0       0       0       0       0       0       0
      Temps:          0       0       0       0       0       0       0       0       0       0       0       0       0       0
      Totals:         0       0       1       0       0       0       0       0       0       0       0       0       0       0
Total ram usage:        1 bytes
 Hardware stack levels used:    1
 Hardware stack levels required when called:   11
 This function calls:
		_EUSART_is_tx_ready
		_puts
 This function is called by:
		_main
 This function uses a non-reentrant model


 *************** function _setCursor *****************
 Defined at:
		line 73 in file "displayOptions.c"
 Parameters:    Size  Location     Type
  a               1    wreg     unsigned char 
  b               1    1[BANK1 ] unsigned char 
 Auto vars:     Size  Location     Type
  a               1    4[BANK1 ] unsigned char 
 Return value:  Size  Location     Type
                  1    wreg      void 
 Registers used:
		wreg, fsr0l, fsr0h, status,2, status,0, pclath, cstack
 Tracked objects:
		On entry : 
		On exit  : 
		Unchanged: 
 Data sizes:     COMMON   BANK0   BANK1   BANK2   BANK3   BANK4   BANK5   BANK6   BANK7   BANK8   BANK9  BANK10  BANK11  BANK12
      Params:         0       0       1       0       0       0       0       0       0       0       0       0       0       0
      Locals:         0       0       1       0       0       0       0       0       0       0       0       0       0       0
      Temps:          0       0       2       0       0       0       0       0       0       0       0       0       0       0
      Totals:         0       0       4       0       0       0       0       0       0       0       0       0       0       0
Total ram usage:        4 bytes
 Hardware stack levels used:    1
 Hardware stack levels required when called:    7
 This function calls:
		_EUSART_Write
		_EUSART_is_tx_ready
 This function is called by:
		_main
 This function uses a non-reentrant model


 *************** function _EUSART_is_tx_ready *****************
 Defined at:
		line 93 in file "mcc_generated_files/eusart.c"
 Parameters:    Size  Location     Type
		None
 Auto vars:     Size  Location     Type
		None
 Return value:  Size  Location     Type
                  1    wreg      _Bool 
 Registers used:
		wreg, status,2
 Tracked objects:
		On entry : 
		On exit  : 
		Unchanged: 
 Data sizes:     COMMON   BANK0   BANK1   BANK2   BANK3   BANK4   BANK5   BANK6   BANK7   BANK8   BANK9  BANK10  BANK11  BANK12
      Params:         0       0       0       0       0       0       0       0       0       0       0       0       0       0
      Locals:         0       0       1       0       0       0       0       0       0       0       0       0       0       0
      Temps:          0       0       0       0       0       0       0       0       0       0       0       0       0       0
      Totals:         0       0       1       0       0       0       0       0       0       0       0       0       0       0
Total ram usage:        1 bytes
 Hardware stack levels used:    1
 Hardware stack levels required when called:    6
 This function calls:
		Nothing
 This function is called by:
		_writeString
		_setCursor
		_backlightBrightness
		_writePrintf
 This function uses a non-reentrant model


 *************** function _resetCursor *****************
 Defined at:
		line 57 in file "displayOptions.c"
 Parameters:    Size  Location     Type
		None
 Auto vars:     Size  Location     Type
		None
 Return value:  Size  Location     Type
                  1    wreg      void 
 Registers used:
		wreg, fsr0l, fsr0h, fsr1l, fsr1h, status,2, status,0, pclath, cstack
 Tracked objects:
		On entry : 
		On exit  : 
		Unchanged: 
 Data sizes:     COMMON   BANK0   BANK1   BANK2   BANK3   BANK4   BANK5   BANK6   BANK7   BANK8   BANK9  BANK10  BANK11  BANK12
      Params:         0       0       0       0       0       0       0       0       0       0       0       0       0       0
      Locals:         0       0       0       0       0       0       0       0       0       0       0       0       0       0
      Temps:          0       0       0       0       0       0       0       0       0       0       0       0       0       0
      Totals:         0       0       0       0       0       0       0       0       0       0       0       0       0       0
Total ram usage:        0 bytes
 Hardware stack levels used:    1
 Hardware stack levels required when called:   11
 This function calls:
		_puts
 This function is called by:
		_main
 This function uses a non-reentrant model


 *************** function _puts *****************
 Defined at:
		line 3 in file "C:\Program Files (x86)\Microchip\xc8\v2.05\pic\sources\c99\common\puts.c"
 Parameters:    Size  Location     Type
  s               2   19[BANK1 ] PTR const unsigned char 
		 -> STR_7(3), hrDisp(13), distanceDisp(11), speedDisp(8), 
 Auto vars:     Size  Location     Type
  r               2    0        int 
 Return value:  Size  Location     Type
                  2   19[BANK1 ] int 
 Registers used:
		wreg, fsr0l, fsr0h, fsr1l, fsr1h, status,2, status,0, pclath, cstack
 Tracked objects:
		On entry : 
		On exit  : 
		Unchanged: 
 Data sizes:     COMMON   BANK0   BANK1   BANK2   BANK3   BANK4   BANK5   BANK6   BANK7   BANK8   BANK9  BANK10  BANK11  BANK12
[...]
 Hardware stack levels used:    1
 Hardware stack levels required when called:    4
 This function calls:
		_IOCCF7_ISR
 This function is called by:
		_INTERRUPT_InterruptManager
 This function uses a non-reentrant model


 *************** function _IOCCF7_ISR *****************
 Defined at:
		line 86 in file "mcc_generated_files/pin_manager.c"
 Parameters:    Size  Location     Type
		None
 Auto vars:     Size  Location     Type
		None
 Return value:  Size  Location     Type
                  1    wreg      void 
 Registers used:
		wreg, status,2, status,0, pclath, cstack
 Tracked objects:
		On entry : 
		On exit  : 
		Unchanged: 
 Data sizes:     COMMON   BANK0   BANK1   BANK2   BANK3   BANK4   BANK5   BANK6   BANK7   BANK8   BANK9  BANK10  BANK11  BANK12
      Params:         0       0       0       0       0       0       0       0       0       0       0       0       0       0
      Locals:         0       0       0       0       0       0       0       0       0       0       0       0       0       0
      Temps:          0       0       0       0       0       0       0       0       0       0       0       0       0       0
      Totals:         0       0       0       0       0       0       0       0       0       0       0       0       0       0
Total ram usage:        0 bytes
 Hardware stack levels used:    1
 Hardware stack levels required when called:    3
 This function calls:
		Absolute function
		_IOCCF7_DefaultInterruptHandler
		_speedCalc
 This function is called by:
		_PIN_MANAGER_IOC
 This function uses a non-reentrant model


 *************** function _IOCCF7_DefaultInterruptHandler *****************
 Defined at:
		line 108 in file "mcc_generated_files/pin_manager.c"
 Parameters:    Size  Location     Type
		None
 Auto vars:     Size  Location     Type
		None
 Return value:  Size  Location     Type
                  1    wreg      void 
 Registers used:
		None
 Tracked objects:
		On entry : 
		On exit  : 
		Unchanged: 
 Data sizes:     COMMON   BANK0   BANK1   BANK2   BANK3   BANK4   BANK5   BANK6   BANK7   BANK8   BANK9  BANK10  BANK11  BANK12
      Params:         0       0       0       0       0       0       0       0       0       0       0       0       0       0
      Locals:         0       0       0       0       0       0       0       0       0       0       0       0       0       0
      Temps:          0       0       0       0       0       0       0       0       0       0       0       0       0       0
      Totals:         0       0       0       0       0       0       0       0       0       0       0       0       0       0
Total ram usage:        0 bytes
 Hardware stack levels used:    1
 This function calls:
		Nothing
 This function is called by:
		_PIN_MANAGER_Initialize
		_IOCCF7_ISR
 This function uses a non-reentrant model


 *************** function _speedCalc *****************
 Defined at:
		line 113 in file "main.c"
 Parameters:    Size  Location     Type
		None
 Auto vars:     Size  Location     Type
		None
 Return value:  Size  Location     Type
                  1    wreg      void 
 Registers used:
		wreg, status,2, status,0, pclath, cstack
 Tracked objects:
		On entry : 
		On exit  : 
		Unchanged: 
 Data sizes:     COMMON   BANK0   BANK1   BANK2   BANK3   BANK4   BANK5   BANK6   BANK7   BANK8   BANK9  BANK10  BANK11  BANK12
      Params:         0       0       0       0       0       0       0       0       0       0       0       0       0       0
      Locals:         0       4       0       0       0       0       0       0       0       0       0       0       0       0
      Temps:          0       0       0       0       0       0       0       0       0       0       0       0       0       0
      Totals:         0       4       0       0       0       0       0       0       0       0       0       0       0       0
Total ram usage:        4 bytes
 Hardware stack levels used:    1
 Hardware stack levels required when called:    2
 This function calls:
		___aldiv
		___fladd
		___flmul
		___lmul
		___xxtofl
 This function is called by:
		_main
		_IOCCF7_ISR
 This function uses a non-reentrant model


 *************** function ___xxtofl *****************
 Defined at:
		line 10 in file "C:\Program Files (x86)\Microchip\xc8\v2.05\pic\sources\c99\common\xxtofl.c"
 Parameters:    Size  Location     Type
  sign            1    wreg     unsigned char 
  val             4   14[BANK0 ] long 
 Auto vars:     Size  Location     Type
  sign            1   22[BANK0 ] unsigned char 
  arg             4   24[BANK0 ] unsigned long 
  exp             1   23[BANK0 ] unsigned char 
 Return value:  Size  Location     Type
                  4   14[BANK0 ] unsigned char 
 Registers used:
		wreg, status,2, status,0
 Tracked objects:
		On entry : 
		On exit  : 
		Unchanged: 
 Data sizes:     COMMON   BANK0   BANK1   BANK2   BANK3   BANK4   BANK5   BANK6   BANK7   BANK8   BANK9  BANK10  BANK11  BANK12
      Params:         0       4       0       0       0       0       0       0       0       0       0       0       0       0
      Locals:         0       6       0       0       0       0       0       0       0       0       0       0       0       0
      Temps:          0       4       0       0       0       0       0       0       0       0       0       0       0       0
      Totals:         0      14       0       0       0       0       0       0       0       0       0       0       0       0
Total ram usage:       14 bytes
 Hardware stack levels used:    1
 This function calls:
		Nothing
 This function is called by:
		_speedCalc
 This function uses a non-reentrant model


 *************** function ___lmul *****************
 Defined at:
		line 15 in file "C:\Program Files (x86)\Microchip\xc8\v2.05\pic\sources\c99\common\Umul32.c"
 Parameters:    Size  Location     Type
  multiplier      4    6[BANK0 ] unsigned long 
  multiplicand    4   10[BANK0 ] unsigned long 
 Auto vars:     Size  Location     Type
  product         4    9[COMMON] unsigned long 
 Return value:  Size  Location     Type
                  4    6[BANK0 ] unsigned long 
 Registers used:
		wreg, status,2, status,0
 Tracked objects:
		On entry : 
		On exit  : 
		Unchanged: 
 Data sizes:     COMMON   BANK0   BANK1   BANK2   BANK3   BANK4   BANK5   BANK6   BANK7   BANK8   BANK9  BANK10  BANK11  BANK12
      Params:         0       8       0       0       0       0       0       0       0       0       0       0       0       0
      Locals:         4       0       0       0       0       0       0       0       0       0       0       0       0       0
      Temps:          0       0       0       0       0       0       0       0       0       0       0       0       0       0
      Totals:         4       8       0       0       0       0       0       0       0       0       0       0       0       0
Total ram usage:       12 bytes
 Hardware stack levels used:    1
 This function calls:
		Nothing
 This function is called by:
		_speedCalc
 This function uses a non-reentrant model


 *************** function ___flmul *****************
 Defined at:
		line 8 in file "C:\Program Files (x86)\Microchip\xc8\v2.05\pic\sources\c99\common\sprcmul.c"
 Parameters:    Size  Location     Type
  b               4    0[BANK0 ] unsigned long 
  a               4    4[BANK0 ] unsigned long 
 Auto vars:     Size  Location     Type
  prod            4   15[BANK0 ] struct .
  grs             4    9[BANK0 ] unsigned long 
  temp            2   19[BANK0 ] struct .
  bexp            1   14[BANK0 ] unsigned char 
  aexp            1   13[BANK0 ] unsigned char 
  sign            1    8[BANK0 ] unsigned char 
 Return value:  Size  Location     Type
                  4    0[BANK0 ] unsigned char 
 Registers used:
		wreg, status,2, status,0, pclath, cstack
 Tracked objects:
		On entry : 
		On exit  : 
		Unchanged: 
 Data sizes:     COMMON   BANK0   BANK1   BANK2   BANK3   BANK4   BANK5   BANK6   BANK7   BANK8   BANK9  BANK10  BANK11  BANK12
      Params:         0       8       0       0       0       0       0       0       0       0       0       0       0       0
      Locals:         0      13       0       0       0       0       0       0       0       0       0       0       0       0
      Temps:          5       0       0       0       0       0       0       0       0       0       0       0       0       0
      Totals:         5      21       0       0       0       0       0       0       0       0       0       0       0       0
Total ram usage:       26 bytes
 Hardware stack levels used:    1
 Hardware stack levels required when called:    1
 This function calls:
		__Umul8_16
 This function is called by:
		_speedCalc
 This function uses a non-reentrant model


 *************** function __Umul8_16 *****************
 Defined at:
		line 4 in file "C:\Program Files (x86)\Microchip\xc8\v2.05\pic\sources\c99\common\Umul8_16.c"
 Parameters:    Size  Location     Type
  multiplier      1    wreg     unsigned char 
  multiplicand    1    0[COMMON] unsigned char 
 Auto vars:     Size  Location     Type
  multiplier      1    8[COMMON] unsigned char 
  word_mpld       2    6[COMMON] unsigned int 
  product         2    4[COMMON] unsigned int 
 Return value:  Size  Location     Type
                  2    0[COMMON] unsigned int 
 Registers used:
		wreg, status,2, status,0
 Tracked objects:
		On entry : 
		On exit  : 
		Unchanged: 
 Data sizes:     COMMON   BANK0   BANK1   BANK2   BANK3   BANK4   BANK5   BANK6   BANK7   BANK8   BANK9  BANK10  BANK11  BANK12
      Params:         2       0       0       0       0       0       0       0       0       0       0       0       0       0
      Locals:         5       0       0       0       0       0       0       0       0       0       0       0       0       0
      Temps:          2       0       0       0       0       0       0       0       0       0       0       0       0       0
      Totals:         9       0       0       0       0       0       0       0       0       0       0       0       0       0
Total ram usage:        9 bytes
 Hardware stack levels used:    1
 This function calls:
		Nothing
 This function is called by:
		___flmul
 This function uses a non-reentrant model


 *************** function ___fladd *****************
 Defined at:
		line 10 in file "C:\Program Files (x86)\Microchip\xc8\v2.05\pic\sources\c99\common\sprcadd.c"
 Parameters:    Size  Location     Type
  b               4    0[COMMON] unsigned int 
  a               4    4[COMMON] unsigned int 
 Auto vars:     Size  Location     Type
  grs             1   11[COMMON] unsigned char 
  bexp            1   10[COMMON] unsigned char 
  aexp            1    9[COMMON] unsigned char 
  signs           1    8[COMMON] unsigned char 
 Return value:  Size  Location     Type
                  4    0[COMMON] unsigned char 
 Registers used:
		wreg, status,2, status,0
 Tracked objects:
		On entry : 
		On exit  : 
		Unchanged: 
 Data sizes:     COMMON   BANK0   BANK1   BANK2   BANK3   BANK4   BANK5   BANK6   BANK7   BANK8   BANK9  BANK10  BANK11  BANK12
      Params:         8       0       0       0       0       0       0       0       0       0       0       0       0       0
      Locals:         4       0       0       0       0       0       0       0       0       0       0       0       0       0
      Temps:          0       8       0       0       0       0       0       0       0       0       0       0       0       0
      Totals:        12       8       0       0       0       0       0       0       0       0       0       0       0       0
Total ram usage:       20 bytes
 Hardware stack levels used:    1
 This function calls:
		Nothing
 This function is called by:
		_speedCalc
 This function uses a non-reentrant model


 *************** function ___aldiv *****************
 Defined at:
		line 5 in file "C:\Program Files (x86)\Microchip\xc8\v2.05\pic\sources\c99\common\aldiv.c"
 Parameters:    Size  Location     Type
  divisor         4    0[COMMON] long 
  dividend        4    4[COMMON] long 
 Auto vars:     Size  Location     Type
  quotient        4    2[BANK0 ] long 
  sign            1    1[BANK0 ] unsigned char 
  counter         1    0[BANK0 ] unsigned char 
 Return value:  Size  Location     Type
                  4    0[COMMON] long 
 Registers used:
		wreg, status,2, status,0
 Tracked objects:
		On entry : 
		On exit  : 
		Unchanged: 
 Data sizes:     COMMON   BANK0   BANK1   BANK2   BANK3   BANK4   BANK5   BANK6   BANK7   BANK8   BANK9  BANK10  BANK11  BANK12
      Params:         8       0       0       0       0       0       0       0       0       0       0       0       0       0
      Locals:         0       6       0       0       0       0       0       0       0       0       0       0       0       0
      Temps:          1       0       0       0       0       0       0       0       0       0       0       0       0       0
      Totals:         9       6       0       0       0       0       0       0       0       0       0       0       0       0
Total ram usage:       15 bytes
 Hardware stack levels used:    1
 This function calls:
		Nothing
 This function is called by:
		_speedCalc
 This function uses a non-reentrant model



MODULE INFORMATION

Module		Function		Class		Link	Load	Size
C:\Program Files (x86)\Microchip\xc8\v2.05\pic\sources\c99\common\Umul32.c
		___lmul        		CODE           	17D0	0000	49

C:\Program Files (x86)\Microchip\xc8\v2.05\pic\sources\c99\common\Umul32.c estimated size: 49

C:\Program Files (x86)\Microchip\xc8\v2.05\pic\sources\c99\common\awmod.c
		___awmod       		CODE           	08F1	0000	71

C:\Program Files (x86)\Microchip\xc8\v2.05\pic\sources\c99\common\awmod.c estimated size: 71

C:\Program Files (x86)\Microchip\xc8\v2.05\pic\sources\c99\common\printf.c
		_printf        		CODE           	16B4	0000	22

C:\Program Files (x86)\Microchip\xc8\v2.05\pic\sources\c99\common\printf.c estimated size: 22

mcc_generated_files/interrupt_manager.c
		_INTERRUPT_InterruptManager		CODE           	0004	0000	17

mcc_generated_files/interrupt_manager.c estimated size: 17

C:\Program Files (x86)\Microchip\xc8\v2.05\pic\sources\c99\common\flge.c
		___flge        		CODE           	098D	0000	125

C:\Program Files (x86)\Microchip\xc8\v2.05\pic\sources\c99\common\flge.c estimated size: 125

displayOptions.c
		_writeString   		CODE           	16C9	0000	22
		_resetCursor   		CODE           	1645	0000	9
		_setCursor     		CODE           	0874	0000	62

displayOptions.c estimated size: 93

C:\Program Files (x86)\Microchip\xc8\v2.05\pic\sources\c99\common\nf_fputc.c
		_fputc         		CODE           	08B1	0000	65

C:\Program Files (x86)\Microchip\xc8\v2.05\pic\sources\c99\common\nf_fputc.c estimated size: 65

mcc_generated_files/tmr0.c
		_TMR0_SetInterruptHandler		CODE           	1671	0000	10
		_TMR0_DefaultInterruptHandler		CODE           	0003	0000	2
		_TMR0_ISR      		CODE           	07F1	0000	16
		_TMR0_Initialize		CODE           	16DE	0000	25

mcc_generated_files/tmr0.c estimated size: 53

mcc_generated_files/pin_manager.c
		_PIN_MANAGER_Initialize		CODE           	080A	0000	52
		_IOCCF7_DefaultInterruptHandler		CODE           	0002	0000	2
		_IOCCF7_ISR    		CODE           	1686	0000	14
		_PIN_MANAGER_IOC		CODE           	1626	0000	7
		_IOCCF7_SetInterruptHandler		CODE           	1668	0000	10

mcc_generated_files/pin_manager.c estimated size: 85

C:\Program Files (x86)\Microchip\xc8\v2.05\pic\sources\c99\common\aodiv.c
		___aodiv       		CODE           	0CAA	0000	248

C:\Program Files (x86)\Microchip\xc8\v2.05\pic\sources\c99\common\aodiv.c estimated size: 248

C:\Program Files (x86)\Microchip\xc8\v2.05\pic\sources\c99\common\xxtofl.c
		___xxtofl      		CODE           	0A8B	0000	151

C:\Program Files (x86)\Microchip\xc8\v2.05\pic\sources\c99\common\xxtofl.c estimated size: 151

C:\Program Files (x86)\Microchip\xc8\v2.05\pic\sources\c99\common\strlen.c
		_strlen        		CODE           	170F	0000	26

C:\Program Files (x86)\Microchip\xc8\v2.05\pic\sources\c99\common\strlen.c estimated size: 26

C:\Program Files (x86)\Microchip\xc8\v2.05\pic\sources\c99\common\fltol.c
		___fltol       		CODE           	078B	0000	103

C:\Program Files (x86)\Microchip\xc8\v2.05\pic\sources\c99\common\fltol.c estimated size: 103

C:\Program Files (x86)\Microchip\xc8\v2.05\pic\sources\c99\common\aldiv.c
		___aldiv       		CODE           	0A09	0000	131

C:\Program Files (x86)\Microchip\xc8\v2.05\pic\sources\c99\common\aldiv.c estimated size: 131

C:\Program Files (x86)\Microchip\xc8\v2.05\pic\sources\c99\common\sprcmul.c
		___flmul       		CODE           	003D	0000	557

C:\Program Files (x86)\Microchip\xc8\v2.05\pic\sources\c99\common\sprcmul.c estimated size: 557

C:\Program Files (x86)\Microchip\xc8\v2.05\pic\sources\c99\common\sprcdiv.c
		___fldiv       		CODE           	0611	0000	379

C:\Program Files (x86)\Microchip\xc8\v2.05\pic\sources\c99\common\sprcdiv.c estimated size: 379

C:\Program Files (x86)\Microchip\xc8\v2.05\pic\sources\c99\common\doprnt.c
		_vfpfcnvrt     		CODE           	0DA1	0000	271
		_pad           		CODE           	0937	0000	87
		_dtoa          		CODE           	0EAF	0000	338
		_vfprintf      		CODE           	083D	0000	56

C:\Program Files (x86)\Microchip\xc8\v2.05\pic\sources\c99\common\doprnt.c estimated size: 752

shared
		__initialization		CODE           	0016	0000	36

shared estimated size: 36

mcc_generated_files/mcc.c
		_OSCILLATOR_Initialize		CODE           	163E	0000	8
		_SYSTEM_Initialize		CODE           	167A	0000	13

mcc_generated_files/mcc.c estimated size: 21

C:\Program Files (x86)\Microchip\xc8\v2.05\pic\sources\c99\common\abs.c
		_abs           		CODE           	16F6	0000	26

C:\Program Files (x86)\Microchip\xc8\v2.05\pic\sources\c99\common\abs.c estimated size: 26

C:\Program Files (x86)\Microchip\xc8\v2.05\pic\sources\c99\common\puts.c
		_puts          		CODE           	1728	0000	28

C:\Program Files (x86)\Microchip\xc8\v2.05\pic\sources\c99\common\puts.c estimated size: 28

C:\Program Files (x86)\Microchip\xc8\v2.05\pic\sources\c99\common\nf_fputs.c
		_fputs         		CODE           	17A7	0000	42

C:\Program Files (x86)\Microchip\xc8\v2.05\pic\sources\c99\common\nf_fputs.c estimated size: 42

mcc_generated_files/eusart.c
		_putch         		CODE           	162C	0000	7
		_EUSART_Write  		CODE           	0800	0000	11
		_EUSART_Initialize		CODE           	1782	0000	38
		_EUSART_SetFramingErrorHandler		CODE           	1656	0000	10
		_EUSART_SetErrorHandler		CODE           	164D	0000	10
		_EUSART_SetOverrunErrorHandler		CODE           	165F	0000	10
		_EUSART_is_tx_ready		CODE           	1693	0000	15

mcc_generated_files/eusart.c estimated size: 101

C:\Program Files (x86)\Microchip\xc8\v2.05\pic\sources\c99\common\Umul8_16.c
		__Umul8_16     		CODE           	1743	0000	32

C:\Program Files (x86)\Microchip\xc8\v2.05\pic\sources\c99\common\Umul8_16.c estimated size: 32

main.c
		_main          		CODE           	0452	0000	448
		_speedCalc     		CODE           	0B21	0000	171
		_timerISR      		CODE           	16A1	0000	20

main.c estimated size: 639

C:\Program Files (x86)\Microchip\xc8\v2.05\pic\sources\c99\common\sprcadd.c
		___fladd       		CODE           	0269	0000	490

C:\Program Files (x86)\Microchip\xc8\v2.05\pic\sources\c99\common\sprcadd.c estimated size: 490

C:\Program Files (x86)\Microchip\xc8\v2.05\pic\sources\c99\common\aomod.c
		___aomod       		CODE           	0BCB	0000	224

C:\Program Files (x86)\Microchip\xc8\v2.05\pic\sources\c99\common\aomod.c estimated size: 224

