Microchip MPLAB XC8 Compiler V2.05 ()

Linker command line:

-W-3 --edf=C:\Program Files (x86)\Microchip\xc8\v2.05\pic\dat\en_msgs.txt \
  -cs -h+dist/default/production\BicycleComputerPIC16.production.sym \
  --cmf=dist/default/production\BicycleComputerPIC16.production.cmf -z \
  -Q16F1619 -oC:\Users\igna\AppData\Local\Temp\s2ek.2 \
  --defsym=__MPLAB_BUILD=1 \
  -Mdist/default/production/BicycleComputerPIC16.production.map -E1 \
  -ver=XC8 --acfsm=1493 -ASTACK=020DBh-023EFh -pstack=STACK \
  -ACODE=00h-07FFhx4 -ASTRCODE=00h-01FFFh -ASTRING=00h-0FFhx32 \
  -ACONST=00h-0FFhx32 -AENTRY=00h-0FFhx32 -ACOMMON=070h-07Fh \
  -ABANK0=020h-06Fh -ABANK1=0A0h-0EFh -ABANK2=0120h-016Fh \
  -ABANK3=01A0h-01EFh -ABANK4=0220h-026Fh -ABANK5=02A0h-02EFh \
  -ABANK6=0320h-036Fh -ABANK7=03A0h-03EFh -ABANK8=0420h-046Fh \
  -ABANK9=04A0h-04EFh -ABANK10=0520h-056Fh -ABANK11=05A0h-05EFh \
  -ABANK12=0620h-064Fh -ABIGRAM=02000h-023EFh \
  -ARAM=020h-06Fh,0A0h-0EFh,0120h-016Fh,01A0h-01EFh,0220h-026Fh,02A0h-02EFh,0320h-036Fh,03A0h-03EFh,0420h-046Fh,04A0h-04EFh,0520h-056Fh,05A0h-05EFh,0620h-064Fh \
  -AABS1=020h-07Fh,0A0h-0EFh,0120h-016Fh,01A0h-01EFh,0220h-026Fh,02A0h-02EFh,0320h-036Fh,03A0h-03EFh,0420h-046Fh,04A0h-04EFh,0520h-056Fh,05A0h-05EFh,0620h-064Fh \
  -ASFR0=00h-01Fh -ASFR1=080h-09Fh -ASFR2=0100h-011Fh -ASFR3=0180h-019Fh \
  -ASFR4=0200h-021Fh -ASFR5=0280h-029Fh -ASFR6=0300h-031Fh \
  -ASFR7=0380h-039Fh -ASFR8=0400h-041Fh -ASFR9=0480h-049Fh \
  -ASFR10=0500h-051Fh -ASFR11=0580h-059Fh -ASFR12=0600h-061Fh \
  -ASFR13=0680h-06EFh -ASFR14=0700h-076Fh -ASFR15=0780h-07EFh \
  -ASFR16=0800h-086Fh -ASFR17=0880h-08EFh -ASFR18=0900h-096Fh \
  -ASFR19=0980h-09EFh -ASFR20=0A00h-0A6Fh -ASFR21=0A80h-0AEFh \
  -ASFR22=0B00h-0B6Fh -ASFR23=0B80h-0BEFh -ASFR24=0C00h-0C6Fh \
  -ASFR25=0C80h-0CEFh -ASFR26=0D00h-0D6Fh -ASFR27=0D80h-0DEFh \
  -ASFR28=0E00h-0E6Fh -ASFR29=0E80h-0EEFh -ASFR30=0F00h-0F6Fh \
  -ASFR31=0F80h-0FEFh -preset_vec=00h,intentry=04h,init,end_init \
  -ppowerup=CODE -pcinit=CODE -pfunctab=ENTRY -ACONFIG=08007h-08009h \
  -pconfig=CONFIG -DCONFIG=2 -AIDLOC=08000h-08003h -pidloc=IDLOC -DIDLOC=2 \
  -DCODE=2 -DSTRCODE=2 -DSTRING=2 -DCONST=2 -DENTRY=2 -k \
  C:\Users\igna\AppData\Local\Temp\s2ek.o \
  dist/default/production\BicycleComputerPIC16.production.o 

Object code version is 3.11

Machine type is 16F1619



                Name                               Link     Load   Length Selector   Space Scale
C:\Users\igna\AppData\Local\Temp\s2ek.o
                end_init                             14       14        2        8       0
                reset_vec                             0        0        2        0       0
                config                             8007     8007        3    1000E       0
dist/default/production\BicycleComputerPIC16.production.o
                cinit                                16       16       1D        8       0
                intentry                              4        4       10        8       0
                text44                              28C      28C      1E9        8       0
                text43                             1797     1797       31     2F2E       0
                text42                                2        2        1        0       0
                text41                             163C     163C        D     2C78       0
                text40                             15E4     15E4        6     2BC8       0
                text39                              800      800       12     1000       0
                text38                                3        3        1        6       0
                text37                             1649     1649        F     2C92       0
                text35                             15F7     15F7        8     2BEE       0
                text34                             160F     160F        9     2C1E       0
                text33                             1618     1618        9     2C30       0
                text32                             1621     1621        9     2C42       0
                text31                             171D     171D       24     2E3A       0
                text30                             15F0     15F0        7     2BE0       0
                text29                             162A     162A        9     2C54       0
                text28                             17C8     17C8       38     2F90       0
                text27                             1633     1633        9     2C66       0
                text26                             1667     1667       15     2CCE       0
                text25                             1658     1658        F     2CB0       0
                text24                              E86      E86      17A     1D0C       0
                text23                              94D      94D       7C     129A       0
                text22                             16FD     16FD       20     2DFA       0
                text21                               33       33      259        8       0
                text20                              475      475      1E2        8       0
                text19                             16DE     16DE       1F     2DBC       0
                text18                              8E7      8E7       66     11CE       0
                text17                              9C9      9C9       96     1392       0
                text16                              B3E      B3E       F7     167C       0
                text15                              A5F      A5F       DF     14BE       0
                text14                             1691     1691       19     2D22       0
                text13                             15FF     15FF        8     2BFE       0
                text12                             15EA     15EA        6     2BD4       0
                text11                              812      812       40     1024       0
                text10                             1741     1741       29     2E82       0
                text9                              16AA     16AA       19     2D54       0
                text8                               894      894       53     1128       0
                text7                               657      657      1A3        8       0
                text6                               C35      C35      103     186A       0
                text5                              176A     176A       2D     2ED4       0
                text4                              167C     167C       15     2CF8       0
                text3                              16C3     16C3       1B     2D86       0
                text2                              1607     1607        8     2C0E       0
                text1                               852      852       42     10A4       0
                maintext                            D38      D38      14E     1A70       0
                cstackBANK0                          20       20       40       20       1
                cstackCOMMON                         70       70        C       70       1
                cstackBANK1                          CE       CE       1C       A0       1
                cstackBANK2                         14C      14C        9      120       1
                clrtext                             7FA      7FA        6        8       0
                bssBANK2                            120      120       2C      120       1
                bssBANK1                             A0       A0       2E       A0       1
                bssBANK0                             60       60        7       20       1
                bssCOMMON                            7C       7C        2       70       1
                stringtext5                        1823     1823        3     3000       0
                stringtext4                        1820     1820        3     3000       0
                nvBANK2                             155      155        6      120       1
                nvBANK1                              EA       EA        4       A0       1
                nvBANK0                              67       67        1       20       1
                stringtext3                        1818     1818        8     3000       0
                stringtext2                        180D     180D        B     3000       0
                stringtext1                        1800     1800        D     3000       0

TOTAL           Name                               Link     Load   Length     Space
        CLASS   STACK          

        CLASS   CODE           
                end_init                             14       14        2         0
                cinit                                16       16       1D         0
                intentry                              4        4       10         0
                reset_vec                             0        0        2         0
                text44                              28C      28C      1E9         0
                text43                             1797     1797       31         0
                text42                                2        2        1         0
                text41                             163C     163C        D         0
                text40                             15E4     15E4        6         0
                text39                              800      800       12         0
                text38                                3        3        1         0
                text37                             1649     1649        F         0
                text35                             15F7     15F7        8         0
                text34                             160F     160F        9         0
                text33                             1618     1618        9         0
                text32                             1621     1621        9         0
                text31                             171D     171D       24         0
                text30                             15F0     15F0        7         0
                text29                             162A     162A        9         0
                text28                             17C8     17C8       38         0
                text27                             1633     1633        9         0
                text26                             1667     1667       15         0
                text25                             1658     1658        F         0
                text24                              E86      E86      17A         0
                text23                              94D      94D       7C         0
                text22                             16FD     16FD       20         0
                text21                               33       33      259         0
                text20                              475      475      1E2         0
                text19                             16DE     16DE       1F         0
                text18                              8E7      8E7       66         0
                text17                              9C9      9C9       96         0
                text16                              B3E      B3E       F7         0
                text15                              A5F      A5F       DF         0
                text14                             1691     1691       19         0
                text13                             15FF     15FF        8         0
                text12                             15EA     15EA        6         0
                text11                              812      812       40         0
                text10                             1741     1741       29         0
                text9                              16AA     16AA       19         0
                text8                               894      894       53         0
                text7                               657      657      1A3         0
                text6                               C35      C35      103         0
                text5                              176A     176A       2D         0
                text4                              167C     167C       15         0
                text3                              16C3     16C3       1B         0
                text2                              1607     1607        8         0
                text1                               852      852       42         0
                maintext                            D38      D38      14E         0
                clrtext                             7FA      7FA        6         0

        CLASS   STRCODE        
                stringtext5                        1823     1823        3         0
                stringtext4                        1820     1820        3         0
                stringtext3                        1818     1818        8         0
                stringtext2                        180D     180D        B         0
                stringtext1                        1800     1800        D         0

        CLASS   STRING         

        CLASS   CONST          

        CLASS   ENTRY          

        CLASS   COMMON         
                cstackCOMMON                         70       70        C         1
                bssCOMMON                            7C       7C        2         1

        CLASS   BANK0          
                cstackBANK0                          20       20       40         1
                bssBANK0                             60       60        7         1
                nvBANK0                              67       67        1         1

        CLASS   BANK1          
                cstackBANK1                          CE       CE       1C         1
                bssBANK1                             A0       A0       2E         1
                nvBANK1                              EA       EA        4         1

        CLASS   BANK2          
                cstackBANK2                         14C      14C        9         1
                bssBANK2                            120      120       2C         1
                nvBANK2                             155      155        6         1

        CLASS   BANK3          

        CLASS   BANK4          

        CLASS   BANK5          

        CLASS   BANK6          

        CLASS   BANK7          

        CLASS   BANK8          

        CLASS   BANK9          

        CLASS   BANK10         

        CLASS   BANK11         

        CLASS   BANK12         

        CLASS   BIGRAM         

        CLASS   RAM            

        CLASS   ABS1           
                abs_s1                               7E       7E        2         1

        CLASS   SFR0           

        CLASS   SFR1           

        CLASS   SFR2           

        CLASS   SFR3           

        CLASS   SFR4           

        CLASS   SFR5           

        CLASS   SFR6           

        CLASS   SFR7           

        CLASS   SFR8           

        CLASS   SFR9           

        CLASS   SFR10          

        CLASS   SFR11          

        CLASS   SFR12          

        CLASS   SFR13          

        CLASS   SFR14          

        CLASS   SFR15          

        CLASS   SFR16          

        CLASS   SFR17          

        CLASS   SFR18          

        CLASS   SFR19          

        CLASS   SFR20          

        CLASS   SFR21          

        CLASS   SFR22          

        CLASS   SFR23          

        CLASS   SFR24          

        CLASS   SFR25          

        CLASS   SFR26          

        CLASS   SFR27          

        CLASS   SFR28          

        CLASS   SFR29          

        CLASS   SFR30          

        CLASS   SFR31          

        CLASS   CONFIG         
                config                             8007     8007        3         0

        CLASS   IDLOC          

        CLASS   BANK31         

        CLASS   BANK30         

        CLASS   BANK29         

        CLASS   BANK28         

        CLASS   BANK27         

        CLASS   BANK26         

        CLASS   BANK25         

        CLASS   BANK24         

        CLASS   BANK23         

        CLASS   BANK22         

        CLASS   BANK21         

        CLASS   BANK20         

        CLASS   BANK19         

        CLASS   BANK18         

        CLASS   BANK17         

        CLASS   BANK16         

        CLASS   BANK15         

        CLASS   BANK14         

        CLASS   BANK13         

        CLASS   EEDATA         



SEGMENTS        Name                           Load    Length   Top    Selector   Space  Class     Delta

                reset_vec                      000000  000003  000003         0       0  CODE        2
                text38                         000003  000001  000004         6       0  CODE        2
                intentry                       000004  0007FC  000800         8       0  CODE        2
                cstackBANK0                    000020  000048  000068        20       1  BANK0       1
                cstackCOMMON                   000070  00000E  00007E        70       1  COMMON      1
                bssBANK1                       0000A0  00004E  0000EE        A0       1  BANK1       1
                bssBANK2                       000120  00003B  00015B       120       1  BANK2       1
                text39                         000800  000012  000812      1000       0  CODE        2
                text11                         000812  000040  000852      1024       0  CODE        2
                text1                          000852  000042  000894      10A4       0  CODE        2
                text8                          000894  000053  0008E7      1128       0  CODE        2
                text18                         0008E7  000066  00094D      11CE       0  CODE        2
                text23                         00094D  00007C  0009C9      129A       0  CODE        2
                text17                         0009C9  000096  000A5F      1392       0  CODE        2
                text15                         000A5F  0000DF  000B3E      14BE       0  CODE        2
                text16                         000B3E  0000F7  000C35      167C       0  CODE        2
                text6                          000C35  000103  000D38      186A       0  CODE        2
                maintext                       000D38  00014E  000E86      1A70       0  CODE        2
                text24                         000E86  00017A  001000      1D0C       0  CODE        2
                text40                         0015E4  000006  0015EA      2BC8       0  CODE        2
                text12                         0015EA  000006  0015F0      2BD4       0  CODE        2
                text30                         0015F0  000007  0015F7      2BE0       0  CODE        2
                text35                         0015F7  000008  0015FF      2BEE       0  CODE        2
                text13                         0015FF  000008  001607      2BFE       0  CODE        2
                text2                          001607  000008  00160F      2C0E       0  CODE        2
                text34                         00160F  000009  001618      2C1E       0  CODE        2
                text33                         001618  000009  001621      2C30       0  CODE        2
                text32                         001621  000009  00162A      2C42       0  CODE        2
                text29                         00162A  000009  001633      2C54       0  CODE        2
                text27                         001633  000009  00163C      2C66       0  CODE        2
                text41                         00163C  00000D  001649      2C78       0  CODE        2
                text37                         001649  00000F  001658      2C92       0  CODE        2
                text25                         001658  00000F  001667      2CB0       0  CODE        2
                text26                         001667  000015  00167C      2CCE       0  CODE        2
                text4                          00167C  000015  001691      2CF8       0  CODE        2
                text14                         001691  000019  0016AA      2D22       0  CODE        2
                text9                          0016AA  000019  0016C3      2D54       0  CODE        2
                text3                          0016C3  00001B  0016DE      2D86       0  CODE        2
                text19                         0016DE  00001F  0016FD      2DBC       0  CODE        2
                text22                         0016FD  000020  00171D      2DFA       0  CODE        2
                text31                         00171D  000024  001741      2E3A       0  CODE        2
                text10                         001741  000029  00176A      2E82       0  CODE        2
                text5                          00176A  00002D  001797      2ED4       0  CODE        2
                text43                         001797  000031  0017C8      2F2E       0  CODE        2
                text28                         0017C8  000038  001800      2F90       0  CODE        2
                stringtext1                    001800  000026  001826      3000       0  STRCODE     2
                config                         008007  000003  00800A     1000E       0  CONFIG      2


UNUSED ADDRESS RANGES

        Name                Unused          Largest block    Delta
        BANK0            00068-0006F               8           1
        BANK1            000EE-000EF               2           1
        BANK10           00520-0056F              50           1
        BANK11           005A0-005EF              50           1
        BANK12           00620-0064F              30           1
        BANK2            0015B-0016F              15           1
        BANK3            001A0-001EF              50           1
        BANK4            00220-0026F              50           1
        BANK5            002A0-002EF              50           1
        BANK6            00320-0036F              50           1
        BANK7            003A0-003EF              50           1
        BANK8            00420-0046F              50           1
        BANK9            004A0-004EF              50           1
        BIGRAM           02000-023EF             3F0           1
        CODE             01000-015E3             5E4           2
                         01826-01FFF             7DA
        CONST            01000-015E3             100           2
                         01826-01FFF             100
        ENTRY            01000-015E3             100           2
                         01826-01FFF             100
        IDLOC            08000-08003               4           2
        RAM              00068-0006F               8           1
                         000EE-000EF               2
                         0015B-0016F              15
                         001A0-001EF              50
                         00220-0026F              50
                         002A0-002EF              50
                         00320-0036F              50
                         003A0-003EF              50
                         00420-0046F              50
                         004A0-004EF              50
                         00520-0056F              50
                         005A0-005EF              50
                         00620-0064F              30
        SFR0             00000-0001F              20           1
        SFR1             00080-0009F              20           1
        SFR10            00500-0051F              20           1
        SFR11            00580-0059F              20           1
        SFR12            00600-0061F              20           1
        SFR13            00680-006EF              70           1
        SFR14            00700-0076F              70           1
        SFR15            00780-007EF              70           1
        SFR16            00800-0086F              70           1
        SFR17            00880-008EF              70           1
        SFR18            00900-0096F              70           1
        SFR19            00980-009EF              70           1
        SFR2             00100-0011F              20           1
        SFR20            00A00-00A6F              70           1
        SFR21            00A80-00AEF              70           1
        SFR22            00B00-00B6F              70           1
        SFR23            00B80-00BEF              70           1
        SFR24            00C00-00C6F              70           1
        SFR25            00C80-00CEF              70           1
        SFR26            00D00-00D6F              70           1
        SFR27            00D80-00DEF              70           1
        SFR28            00E00-00E6F              70           1
        SFR29            00E80-00EEF              70           1
        SFR3             00180-0019F              20           1
        SFR30            00F00-00F6F              70           1
        SFR31            00F80-00FEF              70           1
        SFR4             00200-0021F              20           1
        SFR5             00280-0029F              20           1
        SFR6             00300-0031F              20           1
        SFR7             00380-0039F              20           1
        SFR8             00400-0041F              20           1
        SFR9             00480-0049F              20           1
        STACK            020DB-023EF             315           1
        STRCODE          01000-015E3             5E4           2
                         01826-01FFF             7DA
        STRING           01000-015E3             100           2
                         01826-01FFF             100

                                  Symbol Table

?__Umul8_16                                    cstackBANK0  00028
?___aodiv                                      cstackBANK0  00028
?___aomod                                      cstackBANK0  00028
?___fladd                                      cstackBANK0  00028
?___fldiv                                      cstackBANK0  00044
?___flmul                                      cstackBANK1  000CE
?___flsub                                      cstackBANK0  0003C
?___fltol                                      cstackBANK0  00028
?___xxtofl                                     cstackBANK0  00028
?_abs                                          cstackBANK0  0003B
?_dtoa                                         cstackBANK0  00044
?_fputc                                        cstackBANK0  0002A
?_fputs                                        cstackBANK0  00032
?_pad                                          cstackBANK0  0003B
?_printf                                       cstackBANK2  0014C
?_strlen                                       cstackBANK0  00028
?_vfpfcnvrt                                    cstackBANK0  0004F
?_vfprintf                                     cstackBANK1  000E1
?i1___fladd                                    cstackCOMMON 00070
EUSART_SetErrorHandler@interruptHandler        cstackBANK0  00028
EUSART_SetFramingErrorHandler@interruptHandler cstackBANK0  00028
EUSART_SetOverrunErrorHandler@interruptHandler cstackBANK0  00028
EUSART_Write@txData                            cstackBANK0  00028
IOCCF7_SetInterruptHandler@InterruptHandler    cstackBANK0  00028
TMR0_SetInterruptHandler@InterruptHandler      cstackBANK0  00028
_ADCON0                                        (abs)        0009D
_ADCON0bits                                    (abs)        0009D
_ADCON1                                        (abs)        0009E
_ADCON2                                        (abs)        0009F
_ADC_Initialize                                text35       015F7
_ADRESH                                        (abs)        0009C
_ADRESL                                        (abs)        0009B
_ANSELA                                        (abs)        0018C
_ANSELB                                        (abs)        0018D
_ANSELC                                        (abs)        0018E
_BAUD1CON                                      (abs)        0019F
_BORCON                                        (abs)        00116
_EUSART_DefaultErrorHandler                    (abs)        00000
_EUSART_DefaultFramingErrorHandler             (abs)        00000
_EUSART_DefaultOverrunErrorHandler             (abs)        00000
_EUSART_ErrorHandler                           nvBANK2      00155
_EUSART_FramingErrorHandler                    nvBANK2      00159
_EUSART_Initialize                             text31       0171D
_EUSART_OverrunErrorHandler                    nvBANK2      00157
_EUSART_SetErrorHandler                        text34       0160F
_EUSART_SetFramingErrorHandler                 text33       01618
_EUSART_SetOverrunErrorHandler                 text32       01621
_EUSART_Write                                  text13       015FF
_INLVLC7                                       (abs)        01C77
_INTCONbits                                    (abs)        0000B
_INTERRUPT_InterruptManager                    intentry     00004
_IOCCF7_DefaultInterruptHandler                text42       00002
_IOCCF7_ISR                                    text41       0163C
_IOCCF7_InterruptHandler                       nvBANK1      000EC
_IOCCF7_SetInterruptHandler                    text29       0162A
_IOCCFbits                                     (abs)        00399
_IOCCNbits                                     (abs)        00398
_IOCCPbits                                     (abs)        00397
_LATA                                          (abs)        0010C
_LATB                                          (abs)        0010D
_LATC                                          (abs)        0010E
_ODCONA                                        (abs)        0028C
_ODCONB                                        (abs)        0028D
_ODCONC                                        (abs)        0028E
_OPTION_REG                                    (abs)        00095
_OPTION_REGbits                                (abs)        00095
_OSCCON                                        (abs)        00099
_OSCILLATOR_Initialize                         text30       015F0
_OSCTUNE                                       (abs)        00098
_PIN_MANAGER_IOC                               text40       015E4
_PIN_MANAGER_Initialize                        text28       017C8
_PIR1bits                                      (abs)        00010
_RB7PPS                                        (abs)        00E9F
_RC1REG                                        (abs)        00199
_RC1STA                                        (abs)        0019D
_RC1STAbits                                    (abs)        0019D
_SLRC7                                         (abs)        01877
_SLRCONA                                       (abs)        0030C
_SLRCONB                                       (abs)        0030D
_SLRCONC                                       (abs)        0030E
_SPBRGH                                        (abs)        0019C
_SPBRGL                                        (abs)        0019B
_SYSTEM_Initialize                             text25       01658
_TMR0                                          (abs)        00015
_TMR0_DefaultInterruptHandler                  text38       00003
_TMR0_ISR                                      text37       01649
_TMR0_Initialize                               text26       01667
_TMR0_InterruptHandler                         nvBANK1      000EA
_TMR0_SetInterruptHandler                      text27       01633
_TRISA                                         (abs)        0008C
_TRISB                                         (abs)        0008D
_TRISC                                         (abs)        0008E
_TX1REG                                        (abs)        0019A
_TX1STA                                        (abs)        0019E
_TX1STAbits                                    (abs)        0019E
_WPUA                                          (abs)        0020C
_WPUB                                          (abs)        0020D
_WPUC                                          (abs)        0020E
__CFG_BOREN$ON                                 (abs)        00000
__CFG_BORV$LO                                  (abs)        00000
__CFG_CLKOUTEN$OFF                             (abs)        00000
__CFG_CP$OFF                                   (abs)        00000
__CFG_FCMEN$ON                                 (abs)        00000
__CFG_FOSC$INTOSC                              (abs)        00000
__CFG_IESO$ON                                  (abs)        00000
__CFG_LPBOR$OFF                                (abs)        00000
__CFG_LVP$OFF                                  (abs)        00000
__CFG_MCLRE$ON                                 (abs)        00000
__CFG_PLLEN$OFF                                (abs)        00000
__CFG_PPS1WAY$ON                               (abs)        00000
__CFG_PWRTE$OFF                                (abs)        00000
__CFG_STVREN$ON                                (abs)        00000
__CFG_WDTCCS$SWC                               (abs)        00000
__CFG_WDTCPS$WDTCPS1F                          (abs)        00000
__CFG_WDTCWS$WDTCWSSW                          (abs)        00000
__CFG_WDTE$OFF                                 (abs)        00000
__CFG_WRT$OFF                                  (abs)        00000
__CFG_ZCD$OFF                                  (abs)        00000
__Habs1                                        abs1         00000
__Hbank0                                       bank0        00000
__Hbank1                                       bank1        00000
__Hbank10                                      bank10       00000
__Hbank11                                      bank11       00000
__Hbank12                                      bank12       00000
__Hbank13                                      bank13       00000
__Hbank14                                      bank14       00000
__Hbank15                                      bank15       00000
__Hbank16                                      bank16       00000
__Hbank17                                      bank17       00000
__Hbank18                                      bank18       00000
__Hbank19                                      bank19       00000
__Hbank2                                       bank2        00000
__Hbank20                                      bank20       00000
__Hbank21                                      bank21       00000
__Hbank22                                      bank22       00000
__Hbank23                                      bank23       00000
__Hbank24                                      bank24       00000
__Hbank25                                      bank25       00000
__Hbank26                                      bank26       00000
__Hbank27                                      bank27       00000
__Hbank28                                      bank28       00000
__Hbank29                                      bank29       00000
__Hbank3                                       bank3        00000
__Hbank30                                      bank30       00000
__Hbank31                                      bank31       00000
__Hbank4                                       bank4        00000
__Hbank5                                       bank5        00000
__Hbank6                                       bank6        00000
__Hbank7                                       bank7        00000
__Hbank8                                       bank8        00000
__Hbank9                                       bank9        00000
__Hbigram                                      bigram       00000
__HbssBANK0                                    bssBANK0     00000
__HbssBANK1                                    bssBANK1     00000
__HbssBANK2                                    bssBANK2     00000
__HbssCOMMON                                   bssCOMMON    00000
__Hcinit                                       cinit        00033
__Hclrtext                                     clrtext      00000
__Hcode                                        code         00000
__Hcommon                                      common       00000
__Hconfig                                      config       0800A
__HcstackBANK0                                 cstackBANK0  00000
__HcstackBANK1                                 cstackBANK1  00000
__HcstackBANK2                                 cstackBANK2  00000
__HcstackCOMMON                                cstackCOMMON 00000
__Heeprom_data                                 eeprom_data  00000
__Hend_init                                    end_init     00016
__Hfunctab                                     functab      00000
__Hidloc                                       idloc        00000
__Hinit                                        init         00014
__Hintentry                                    intentry     00014
__Hmaintext                                    maintext     00000
__HnvBANK0                                     nvBANK0      00000
__HnvBANK1                                     nvBANK1      00000
__HnvBANK2                                     nvBANK2      00000
__Hpowerup                                     powerup      00000
__Hram                                         ram          00000
__Hreset_vec                                   reset_vec    00002
__Hsfr0                                        sfr0         00000
__Hsfr1                                        sfr1         00000
__Hsfr10                                       sfr10        00000
__Hsfr11                                       sfr11        00000
__Hsfr12                                       sfr12        00000
__Hsfr13                                       sfr13        00000
__Hsfr14                                       sfr14        00000
__Hsfr15                                       sfr15        00000
__Hsfr16                                       sfr16        00000
__Hsfr17                                       sfr17        00000
__Hsfr18                                       sfr18        00000
__Hsfr19                                       sfr19        00000
__Hsfr2                                        sfr2         00000
__Hsfr20                                       sfr20        00000
__Hsfr21                                       sfr21        00000
__Hsfr22                                       sfr22        00000
__Hsfr23                                       sfr23        00000
__Hsfr24                                       sfr24        00000
__Hsfr25                                       sfr25        00000
__Hsfr26                                       sfr26        00000
__Hsfr27                                       sfr27        00000
__Hsfr28                                       sfr28        00000
__Hsfr29                                       sfr29        00000
__Hsfr3                                        sfr3         00000
__Hsfr30                                       sfr30        00000
__Hsfr31                                       sfr31        00000
__Hsfr4                                        sfr4         00000
__Hsfr5                                        sfr5         00000
__Hsfr6                                        sfr6         00000
__Hsfr7                                        sfr7         00000
__Hsfr8                                        sfr8         00000
__Hsfr9                                        sfr9         00000
__Hspace_0                                     (abs)        0800A
__Hspace_1                                     (abs)        0015B
__Hspace_2                                     (abs)        00000
__Hspace_3                                     (abs)        00000
__Hstack                                       stack        00000
__Hstrings                                     strings      00000
__Hstringtext1                                 stringtext1  00000
__Hstringtext2                                 stringtext2  00000
__Hstringtext3                                 stringtext3  00000
__Hstringtext4                                 stringtext4  00000
__Hstringtext5                                 stringtext5  00000
__Hstringtext6                                 stringtext6  00000
__Htext                                        text         00000
__Labs1                                        abs1         00000
__Lbank0                                       bank0        00000
__Lbank1                                       bank1        00000
__Lbank10                                      bank10       00000
__Lbank11                                      bank11       00000
__Lbank12                                      bank12       00000
__Lbank13                                      bank13       00000
__Lbank14                                      bank14       00000
__Lbank15                                      bank15       00000
__Lbank16                                      bank16       00000
__Lbank17                                      bank17       00000
__Lbank18                                      bank18       00000
__Lbank19                                      bank19       00000
__Lbank2                                       bank2        00000
__Lbank20                                      bank20       00000
__Lbank21                                      bank21       00000
__Lbank22                                      bank22       00000
__Lbank23                                      bank23       00000
__Lbank24                                      bank24       00000
__Lbank25                                      bank25       00000
__Lbank26                                      bank26       00000
__Lbank27                                      bank27       00000
__Lbank28                                      bank28       00000
__Lbank29                                      bank29       00000
__Lbank3                                       bank3        00000
__Lbank30                                      bank30       00000
__Lbank31                                      bank31       00000
__Lbank4                                       bank4        00000
__Lbank5                                       bank5        00000
__Lbank6                                       bank6        00000
__Lbank7                                       bank7        00000
__Lbank8                                       bank8        00000
__Lbank9                                       bank9        00000
__Lbigram                                      bigram       00000
__LbssBANK0                                    bssBANK0     00000
__LbssBANK1                                    bssBANK1     00000
__LbssBANK2                                    bssBANK2     00000
__LbssCOMMON                                   bssCOMMON    00000
__Lcinit                                       cinit        00016
__Lclrtext                                     clrtext      00000
__Lcode                                        code         00000
__Lcommon                                      common       00000
__Lconfig                                      config       08007
__LcstackBANK0                                 cstackBANK0  00000
__LcstackBANK1                                 cstackBANK1  00000
__LcstackBANK2                                 cstackBANK2  00000
__LcstackCOMMON                                cstackCOMMON 00000
__Leeprom_data                                 eeprom_data  00000
__Lend_init                                    end_init     00014
__Lfunctab                                     functab      00000
__Lidloc                                       idloc        00000
__Linit                                        init         00014
__Lintentry                                    intentry     00004
__Lmaintext                                    maintext     00000
__LnvBANK0                                     nvBANK0      00000
__LnvBANK1                                     nvBANK1      00000
__LnvBANK2                                     nvBANK2      00000
__Lpowerup                                     powerup      00000
__Lram                                         ram          00000
__Lreset_vec                                   reset_vec    00000
__Lsfr0                                        sfr0         00000
__Lsfr1                                        sfr1         00000
__Lsfr10                                       sfr10        00000
__Lsfr11                                       sfr11        00000
__Lsfr12                                       sfr12        00000
__Lsfr13                                       sfr13        00000
__Lsfr14                                       sfr14        00000
__Lsfr15                                       sfr15        00000
__Lsfr16                                       sfr16        00000
__Lsfr17                                       sfr17        00000
__Lsfr18                                       sfr18        00000
__Lsfr19                                       sfr19        00000
__Lsfr2                                        sfr2         00000
__Lsfr20                                       sfr20        00000
__Lsfr21                                       sfr21        00000
__Lsfr22                                       sfr22        00000
__Lsfr23                                       sfr23        00000
__Lsfr24                                       sfr24        00000
__Lsfr25                                       sfr25        00000
__Lsfr26                                       sfr26        00000
__Lsfr27                                       sfr27        00000
__Lsfr28                                       sfr28        00000
__Lsfr29                                       sfr29        00000
__Lsfr3                                        sfr3         00000
__Lsfr30                                       sfr30        00000
__Lsfr31                                       sfr31        00000
__Lsfr4                                        sfr4         00000
__Lsfr5                                        sfr5         00000
__Lsfr6                                        sfr6         00000
__Lsfr7                                        sfr7         00000
__Lsfr8                                        sfr8         00000
__Lsfr9                                        sfr9         00000
__Lspace_0                                     (abs)        00000
__Lspace_1                                     (abs)        00000
__Lspace_2                                     (abs)        00000
__Lspace_3                                     (abs)        00000
__Lstack                                       stack        00000
__Lstrings                                     strings      00000
__Lstringtext1                                 stringtext1  00000
__Lstringtext2                                 stringtext2  00000
__Lstringtext3                                 stringtext3  00000
__Lstringtext4                                 stringtext4  00000
__Lstringtext5                                 stringtext5  00000
__Lstringtext6                                 stringtext6  00000
__Ltext                                        text         00000
__S0                                           (abs)        0800A
__S1                                           (abs)        0015B
__S2                                           (abs)        00000
__Umul8_16                                     text22       016FD
__Umul8_16@multiplicand                        cstackBANK0  00028
__Umul8_16@multiplier                          cstackBANK0  00030
__Umul8_16@product                             cstackBANK0  0002C
__Umul8_16@word_mpld                           cstackBANK0  0002E
___aodiv                                       text16       00B3E
___aodiv@counter                               cstackBANK0  00039
___aodiv@dividend                              cstackBANK0  00030
___aodiv@divisor                               cstackBANK0  00028
___aodiv@quotient                              cstackBANK0  0003B
___aodiv@sign                                  cstackBANK0  0003A
___aomod                                       text15       00A5F
___aomod@counter                               cstackBANK0  00039
___aomod@dividend                              cstackBANK0  00030
___aomod@divisor                               cstackBANK0  00028
___aomod@sign                                  cstackBANK0  0003A
___fladd                                       text20       00475
___fladd@a                                     cstackBANK0  0002C
___fladd@aexp                                  cstackBANK0  00039
___fladd@b                                     cstackBANK0  00028
___fladd@bexp                                  cstackBANK0  0003A
___fladd@grs                                   cstackBANK0  0003B
___fladd@signs                                 cstackBANK0  00038
___fldiv                                       text24       00E86
___fldiv@a                                     cstackBANK0  00044
___fldiv@aexp                                  cstackBANK0  0005D
___fldiv@b                                     cstackBANK0  00048
___fldiv@bexp                                  cstackBANK0  0005C
___fldiv@grs                                   cstackBANK0  00058
___fldiv@new_exp                               cstackBANK0  00056
___fldiv@rem                                   cstackBANK0  00051
___fldiv@sign                                  cstackBANK0  00055
___flge                                        text23       0094D
___flge@ff1                                    cstackBANK0  00028
___flge@ff2                                    cstackBANK0  0002C
___flmul                                       text21       00033
___flmul@a                                     cstackBANK1  000D2
___flmul@aexp                                  cstackBANK1  000DC
___flmul@b                                     cstackBANK1  000CE
___flmul@bexp                                  cstackBANK1  000E1
___flmul@grs                                   cstackBANK1  000DD
___flmul@prod                                  cstackBANK1  000E2
___flmul@sign                                  cstackBANK1  000DB
___flmul@temp                                  cstackBANK1  000E6
___flsub                                       text19       016DE
___flsub@a                                     cstackBANK0  0003C
___flsub@b                                     cstackBANK0  00040
___fltol                                       text18       008E7
___fltol@exp1                                  cstackBANK0  00032
___fltol@f1                                    cstackBANK0  00028
___fltol@sign1                                 cstackBANK0  00031
___int_sp                                      stack        00000
___latbits                                     (abs)        00002
___sp                                          stack        00000
___stackhi                                     (abs)        023EF
___stacklo                                     (abs)        020DB
___xxtofl                                      text17       009C9
___xxtofl@arg                                  cstackBANK0  00032
___xxtofl@exp                                  cstackBANK0  00031
___xxtofl@sign                                 cstackBANK0  00030
___xxtofl@val                                  cstackBANK0  00028
__end_of_ADC_Initialize                        text35       015FF
__end_of_EUSART_Initialize                     text31       01741
__end_of_EUSART_SetErrorHandler                text34       01618
__end_of_EUSART_SetFramingErrorHandler         text33       01621
__end_of_EUSART_SetOverrunErrorHandler         text32       0162A
__end_of_EUSART_Write                          text13       01607
__end_of_INTERRUPT_InterruptManager            intentry     00014
__end_of_IOCCF7_DefaultInterruptHandler        text42       00003
__end_of_IOCCF7_ISR                            text41       01649
__end_of_IOCCF7_SetInterruptHandler            text29       01633
__end_of_OSCILLATOR_Initialize                 text30       015F7
__end_of_PIN_MANAGER_IOC                       text40       015EA
__end_of_PIN_MANAGER_Initialize                text28       01800
__end_of_SYSTEM_Initialize                     text25       01667
__end_of_TMR0_DefaultInterruptHandler          text38       00004
__end_of_TMR0_ISR                              text37       01658
__end_of_TMR0_Initialize                       text26       0167C
__end_of_TMR0_SetInterruptHandler              text27       0163C
__end_of__Umul8_16                             text22       0171D
__end_of___aodiv                               text16       00C35
__end_of___aomod                               text15       00B3E
__end_of___fladd                               text20       00657
__end_of___fldiv                               text24       01000
__end_of___flge                                text23       009C9
__end_of___flmul                               text21       0028C
__end_of___flsub                               text19       016FD
__end_of___fltol                               text18       0094D
__end_of___xxtofl                              text17       00A5F
__end_of__initialization                       cinit        0002F
__end_of_abs                                   text14       016AA
__end_of_distanceDisp                          stringtext2  01818
__end_of_dtoa                                  text7        007FA
__end_of_fputc                                 text11       00852
__end_of_fputs                                 text10       0176A
__end_of_hrDisp                                stringtext1  0180D
__end_of_main                                  maintext     00E86
__end_of_pad                                   text8        008E7
__end_of_printf                                text4        01691
__end_of_putch                                 text12       015F0
__end_of_puts                                  text3        016DE
__end_of_resetCursor                           text2        0160F
__end_of_setCursor                             text1        00894
__end_of_speedCalc                             text43       017C8
__end_of_speedDisp                             stringtext3  01820
__end_of_strlen                                text9        016C3
__end_of_timerISR                              text39       00812
__end_of_vfpfcnvrt                             text6        00D38
__end_of_vfprintf                              text5        01797
__end_ofi1___fladd                             text44       00475
__initialization                               cinit        00016
__pbssBANK0                                    bssBANK0     00060
__pbssBANK1                                    bssBANK1     000A0
__pbssBANK2                                    bssBANK2     00120
__pbssCOMMON                                   bssCOMMON    0007C
__pcstackBANK0                                 cstackBANK0  00020
__pcstackBANK1                                 cstackBANK1  000CE
__pcstackBANK2                                 cstackBANK2  0014C
__pcstackCOMMON                                cstackCOMMON 00070
__pintentry                                    intentry     00004
__pmaintext                                    maintext     00D38
__pnvBANK0                                     nvBANK0      00067
__pnvBANK1                                     nvBANK1      000EA
__pnvBANK2                                     nvBANK2      00155
__pstringtext1                                 stringtext1  01800
__pstringtext2                                 stringtext2  0180D
__pstringtext3                                 stringtext3  01818
__pstringtext4                                 stringtext4  01820
__pstringtext5                                 stringtext5  01823
__pstringtext6                                 stringtext6  00000
__ptext1                                       text1        00852
__ptext10                                      text10       01741
__ptext11                                      text11       00812
__ptext12                                      text12       015EA
__ptext13                                      text13       015FF
__ptext14                                      text14       01691
__ptext15                                      text15       00A5F
__ptext16                                      text16       00B3E
__ptext17                                      text17       009C9
__ptext18                                      text18       008E7
__ptext19                                      text19       016DE
__ptext2                                       text2        01607
__ptext20                                      text20       00475
__ptext21                                      text21       00033
__ptext22                                      text22       016FD
__ptext23                                      text23       0094D
__ptext24                                      text24       00E86
__ptext25                                      text25       01658
__ptext26                                      text26       01667
__ptext27                                      text27       01633
__ptext28                                      text28       017C8
__ptext29                                      text29       0162A
__ptext3                                       text3        016C3
__ptext30                                      text30       015F0
__ptext31                                      text31       0171D
__ptext32                                      text32       01621
__ptext33                                      text33       01618
__ptext34                                      text34       0160F
__ptext35                                      text35       015F7
__ptext37                                      text37       01649
__ptext38                                      text38       00003
__ptext39                                      text39       00800
__ptext4                                       text4        0167C
__ptext40                                      text40       015E4
__ptext41                                      text41       0163C
__ptext42                                      text42       00002
__ptext43                                      text43       01797
__ptext44                                      text44       0028C
__ptext5                                       text5        0176A
__ptext6                                       text6        00C35
__ptext7                                       text7        00657
__ptext8                                       text8        00894
__ptext9                                       text9        016AA
__size_of_ADC_Initialize                       (abs)        00000
__size_of_EUSART_Initialize                    (abs)        00000
__size_of_EUSART_SetErrorHandler               (abs)        00000
__size_of_EUSART_SetFramingErrorHandler        (abs)        00000
__size_of_EUSART_SetOverrunErrorHandler        (abs)        00000
__size_of_EUSART_Write                         (abs)        00000
__size_of_INTERRUPT_InterruptManager           (abs)        00000
__size_of_IOCCF7_DefaultInterruptHandler       (abs)        00000
__size_of_IOCCF7_ISR                           (abs)        00000
__size_of_IOCCF7_SetInterruptHandler           (abs)        00000
__size_of_OSCILLATOR_Initialize                (abs)        00000
__size_of_PIN_MANAGER_IOC                      (abs)        00000
__size_of_PIN_MANAGER_Initialize               (abs)        00000
__size_of_SYSTEM_Initialize                    (abs)        00000
__size_of_TMR0_DefaultInterruptHandler         (abs)        00000
__size_of_TMR0_ISR                             (abs)        00000
__size_of_TMR0_Initialize                      (abs)        00000
__size_of_TMR0_SetInterruptHandler             (abs)        00000
__size_of__Umul8_16                            (abs)        00000
__size_of___aodiv                              (abs)        00000
__size_of___aomod                              (abs)        00000
__size_of___fladd                              (abs)        00000
__size_of___fldiv                              (abs)        00000
__size_of___flge                               (abs)        00000
__size_of___flmul                              (abs)        00000
__size_of___flsub                              (abs)        00000
__size_of___fltol                              (abs)        00000
__size_of___xxtofl                             (abs)        00000
__size_of_abs                                  (abs)        00000
__size_of_dtoa                                 (abs)        00000
__size_of_fputc                                (abs)        00000
__size_of_fputs                                (abs)        00000
__size_of_main                                 (abs)        00000
__size_of_pad                                  (abs)        00000
__size_of_printf                               (abs)        00000
__size_of_putch                                (abs)        00000
__size_of_puts                                 (abs)        00000
__size_of_resetCursor                          (abs)        00000
__size_of_setCursor                            (abs)        00000
__size_of_speedCalc                            (abs)        00000
__size_of_strlen                               (abs)        00000
__size_of_timerISR                             (abs)        00000
__size_of_vfpfcnvrt                            (abs)        00000
__size_of_vfprintf                             (abs)        00000
__size_ofi1___fladd                            (abs)        00000
_abs                                           text14       01691
_adcCounter                                    bssBANK1     000BC
_counter                                       bssBANK1     000C0
_dbuf                                          bssBANK2     0012C
_distInt                                       bssBANK1     000CC
_distance                                      bssBANK2     00128
_dtoa                                          text7        00657
_dtoa$755                                      cstackBANK1  000CE
_endTime                                       bssBANK1     000AC
_eusartRxLastError                             bssBANK0     00066
_flags                                         bssBANK0     00064
_fputc                                         text11       00812
_fputs                                         text10       01741
_hallCount                                     bssBANK0     00060
_heartRate                                     bssBANK2     00124
_hrInt                                         bssBANK1     000CA
_main                                          maintext     00D38
_nout                                          bssBANK1     000C4
_pad                                           text8        00894
_prec                                          bssBANK1     000C8
_printf                                        text4        0167C
_putch                                         text12       015EA
_puts                                          text3        016C3
_puts$1101                                     cstackBANK0  0003F
_resetCursor                                   text2        01607
_rpm                                           bssBANK1     000B8
_rpmInt                                        bssBANK2     00120
_rpmVal                                        bssBANK1     000A4
_rpmValInt                                     bssBANK1     000A0
_setCursor                                     text1        00852
_speed                                         bssBANK1     000B4
_speedCalc                                     text43       01797
_speedInt                                      bssCOMMON    0007C
_startTime                                     bssBANK1     000B0
_strlen                                        text9        016AA
_timePassed                                    bssBANK1     000A8
_timer0ReloadVal                               nvBANK0      00067
_timerISR                                      text39       00800
_vfpfcnvrt                                     text6        00C35
_vfprintf                                      text5        0176A
_width                                         bssBANK1     000C6
abs@a                                          cstackBANK0  0003B
btemp                                          (abs)        0007E
clear_ram0                                     clrtext      007FA
dtoa@d                                         cstackBANK0  00044
dtoa@fp                                        cstackBANK1  000D0
dtoa@i                                         cstackBANK1  000DF
dtoa@n                                         cstackBANK1  000D7
dtoa@p                                         cstackBANK1  000D1
dtoa@s                                         cstackBANK1  000D5
dtoa@w                                         cstackBANK1  000D3
end_of_initialization                          cinit        0002F
fputc@c                                        cstackBANK0  0002A
fputc@fp                                       cstackBANK0  0002C
fputs@c                                        cstackBANK0  00038
fputs@fp                                       cstackBANK0  00034
fputs@i                                        cstackBANK0  00039
fputs@s                                        cstackBANK0  00032
i1___fladd                                     text44       0028C
i1___fladd@a                                   cstackCOMMON 00074
i1___fladd@aexp                                cstackCOMMON 00079
i1___fladd@b                                   cstackCOMMON 00070
i1___fladd@bexp                                cstackCOMMON 0007A
i1___fladd@grs                                 cstackCOMMON 0007B
i1___fladd@signs                               cstackCOMMON 00078
int$flags                                      (abs)        0007E
intlevel0                                      functab      00000
intlevel1                                      functab      00000
intlevel2                                      functab      00000
intlevel3                                      functab      00000
intlevel4                                      functab      00000
intlevel5                                      functab      00000
pad@buf                                        cstackBANK0  0003B
pad@fp                                         cstackBANK0  00043
pad@i                                          cstackBANK0  0003F
pad@p                                          cstackBANK0  0003C
pad@w                                          cstackBANK0  00041
printf@ap                                      cstackBANK2  00154
printf@fmt                                     cstackBANK2  0014C
putch@txData                                   cstackBANK0  00029
puts@s                                         cstackBANK0  0003B
reset_vec                                      reset_vec    00000
setCursor@a                                    cstackBANK0  0002C
setCursor@b                                    cstackBANK0  00029
start                                          init         00014
start_initialization                           cinit        00016
strlen@a                                       cstackBANK0  0002B
strlen@s                                       cstackBANK0  0002C
vfpfcnvrt@ap                                   cstackBANK0  00050
vfpfcnvrt@fmt                                  cstackBANK0  0004F
vfpfcnvrt@fp                                   cstackBANK0  0005F
vfpfcnvrt@ll                                   cstackBANK0  00056
vfpfcnvrt@vp                                   cstackBANK0  0005E
vfprintf@ap                                    cstackBANK1  000E3
vfprintf@cfmt                                  cstackBANK1  000E7
vfprintf@fmt                                   cstackBANK1  000E1
vfprintf@fp                                    cstackBANK1  000E6
wtemp0                                         (abs)        0007E


FUNCTION INFORMATION:

 *************** function _main *****************
 Defined at:
		line 40 in file "main.c"
 Parameters:    Size  Location     Type
		None
 Auto vars:     Size  Location     Type
		None
 Return value:  Size  Location     Type
                  1    wreg      void 
 Registers used:
		wreg, fsr0l, fsr0h, fsr1l, fsr1h, status,2, status,0, pclath, cstack
 Tracked objects:
		On entry : 
		On exit  : 
		Unchanged: 
 Data sizes:     COMMON   BANK0   BANK1   BANK2   BANK3   BANK4   BANK5   BANK6   BANK7   BANK8   BANK9  BANK10  BANK11  BANK12
      Params:         0       0       0       0       0       0       0       0       0       0       0       0       0       0
      Locals:         0       0       0       0       0       0       0       0       0       0       0       0       0       0
      Temps:          0       0       0       0       0       0       0       0       0       0       0       0       0       0
      Totals:         0       0       0       0       0       0       0       0       0       0       0       0       0       0
Total ram usage:        0 bytes
 Hardware stack levels required when called:   14
 This function calls:
		_IOCCF7_SetInterruptHandler
		_SYSTEM_Initialize
		_TMR0_SetInterruptHandler
		___fldiv
		___flge
		___flmul
		___flsub
		___fltol
		___xxtofl
		_printf
		_resetCursor
		_setCursor
 This function is called by:
		Startup code after reset
 This function uses a non-reentrant model


 *************** function _setCursor *****************
 Defined at:
		line 67 in file "displayOptions.c"
 Parameters:    Size  Location     Type
  a               1    wreg     unsigned char 
  b               1    9[BANK0 ] unsigned char 
 Auto vars:     Size  Location     Type
  a               1   12[BANK0 ] unsigned char 
 Return value:  Size  Location     Type
                  1    wreg      void 
 Registers used:
		wreg, fsr0l, fsr0h, status,2, status,0, pclath, cstack
 Tracked objects:
		On entry : 
		On exit  : 
		Unchanged: 
 Data sizes:     COMMON   BANK0   BANK1   BANK2   BANK3   BANK4   BANK5   BANK6   BANK7   BANK8   BANK9  BANK10  BANK11  BANK12
      Params:         0       1       0       0       0       0       0       0       0       0       0       0       0       0
      Locals:         0       1       0       0       0       0       0       0       0       0       0       0       0       0
      Temps:          0       2       0       0       0       0       0       0       0       0       0       0       0       0
      Totals:         0       4       0       0       0       0       0       0       0       0       0       0       0       0
Total ram usage:        4 bytes
 Hardware stack levels used:    1
 Hardware stack levels required when called:    6
 This function calls:
		_EUSART_Write
 This function is called by:
		_main
 This function uses a non-reentrant model


 *************** function _resetCursor *****************
 Defined at:
		line 54 in file "displayOptions.c"
 Parameters:    Size  Location     Type
		None
 Auto vars:     Size  Location     Type
		None
 Return value:  Size  Location     Type
                  1    wreg      void 
 Registers used:
		wreg, fsr0l, fsr0h, fsr1l, fsr1h, status,2, status,0, pclath, cstack
 Tracked objects:
		On entry : 
		On exit  : 
		Unchanged: 
 Data sizes:     COMMON   BANK0   BANK1   BANK2   BANK3   BANK4   BANK5   BANK6   BANK7   BANK8   BANK9  BANK10  BANK11  BANK12
      Params:         0       0       0       0       0       0       0       0       0       0       0       0       0       0
      Locals:         0       0       0       0       0       0       0       0       0       0       0       0       0       0
      Temps:          0       0       0       0       0       0       0       0       0       0       0       0       0       0
      Totals:         0       0       0       0       0       0       0       0       0       0       0       0       0       0
Total ram usage:        0 bytes
 Hardware stack levels used:    1
 Hardware stack levels required when called:   10
 This function calls:
		_puts
 This function is called by:
		_main
 This function uses a non-reentrant model


 *************** function _puts *****************
 Defined at:
		line 3 in file "C:\Program Files (x86)\Microchip\xc8\v2.05\pic\sources\c99\common\puts.c"
 Parameters:    Size  Location     Type
  s               2   27[BANK0 ] PTR const unsigned char 
		 -> STR_2(3), 
 Auto vars:     Size  Location     Type
  r               2    0        int 
 Return value:  Size  Location     Type
                  2   27[BANK0 ] int 
 Registers used:
		wreg, fsr0l, fsr0h, fsr1l, fsr1h, status,2, status,0, pclath, cstack
 Tracked objects:
		On entry : 
		On exit  : 
		Unchanged: 
 Data sizes:     COMMON   BANK0   BANK1   BANK2   BANK3   BANK4   BANK5   BANK6   BANK7   BANK8   BANK9  BANK10  BANK11  BANK12
      Params:         0       2       0       0       0       0       0       0       0       0       0       0       0       0
      Locals:         0       3       0       0       0       0       0       0       0       0       0       0       0       0
      Temps:          0       0       0       0       0       0       0       0       0       0       0       0       0       0
      Totals:         0       5       0       0       0       0       0       0       0       0       0       0       0       0
Total ram usage:        5 bytes
 Hardware stack levels used:    1
 Hardware stack levels required when called:    9
 This function calls:
		_fputc
		_fputs
 This function is called by:
		_resetCursor
		_writeString
 This function uses a non-reentrant model


 *************** function _printf *****************
 Defined at:
		line 5 in file "C:\Program Files (x86)\Microchip\xc8\v2.05\pic\sources\c99\common\printf.c"
 Parameters:    Size  Location     Type
  fmt             2    0[BANK2 ] PTR const unsigned char 
		 -> STR_1(3), 
 Auto vars:     Size  Location     Type
  ret             2    0        int 
  ap              1    8[BANK2 ] PTR void [1]
		 -> ?_printf(2), 
 Return value:  Size  Location     Type
                  2    0[BANK2 ] int 
 Registers used:
		wreg, fsr0l, fsr0h, fsr1l, fsr1h, status,2, status,0, pclath, cstack
 Tracked objects:
		On entry : 
		On exit  : 
		Unchanged: 
 Data sizes:     COMMON   BANK0   BANK1   BANK2   BANK3   BANK4   BANK5   BANK6   BANK7   BANK8   BANK9  BANK10  BANK11  BANK12
      Params:         0       0       0       6       0       0       0       0       0       0       0       0       0       0
      Locals:         0       0       0       3       0       0       0       0       0       0       0       0       0       0
      Temps:          0       0       1       0       0       0       0       0       0       0       0       0       0       0
      Totals:         0       0       1       9       0       0       0       0       0       0       0       0       0       0
Total ram usage:       10 bytes
 Hardware stack levels used:    1
 Hardware stack levels required when called:   13
 This function calls:
		_vfprintf
 This function is called by:
		_main
		_writePrintf
 This function uses a non-reentrant model


 *************** function _vfprintf *****************
 Defined at:
		line 1368 in file "C:\Program Files (x86)\Microchip\xc8\v2.05\pic\sources\c99\common\doprnt.c"
 Parameters:    Size  Location     Type
  fp              1    wreg     PTR struct _IO_FILE
		 -> NULL(0), 
  fmt             2   19[BANK1 ] PTR const unsigned char 
		 -> STR_1(3), 
  ap              1   21[BANK1 ] PTR PTR void 
		 -> printf@ap(1), 
 Auto vars:     Size  Location     Type
  fp              1   24[BANK1 ] PTR struct _IO_FILE
		 -> NULL(0), 
  cfmt            2   25[BANK1 ] PTR unsigned char 
		 -> STR_1(3), 
 Return value:  Size  Location     Type
                  2   19[BANK1 ] int 
 Registers used:
		wreg, fsr0l, fsr0h, fsr1l, fsr1h, status,2, status,0, pclath, cstack
 Tracked objects:
		On entry : 
		On exit  : 
		Unchanged: 
 Data sizes:     COMMON   BANK0   BANK1   BANK2   BANK3   BANK4   BANK5   BANK6   BANK7   BANK8   BANK9  BANK10  BANK11  BANK12
      Params:         0       0       3       0       0       0       0       0       0       0       0       0       0       0
      Locals:         0       0       3       0       0       0       0       0       0       0       0       0       0       0
      Temps:          0       0       2       0       0       0       0       0       0       0       0       0       0       0
      Totals:         0       0       8       0       0       0       0       0       0       0       0       0       0       0
Total ram usage:        8 bytes
 Hardware stack levels used:    1
 Hardware stack levels required when called:   12
 This function calls:
		_vfpfcnvrt
 This function is called by:
		_printf
 This function uses a non-reentrant model


 *************** function _vfpfcnvrt *****************
 Defined at:
		line 670 in file "C:\Program Files (x86)\Microchip\xc8\v2.05\pic\sources\c99\common\doprnt.c"
 Parameters:    Size  Location     Type
  fp              1    wreg     PTR struct _IO_FILE
		 -> NULL(0), 
  fmt             1   47[BANK0 ] PTR PTR unsigned char 
		 -> vfprintf@cfmt(2), 
  ap              1   48[BANK0 ] PTR PTR void 
		 -> printf@ap(1), 
 Auto vars:     Size  Location     Type
  fp              1   63[BANK0 ] PTR struct _IO_FILE
		 -> NULL(0), 
  ll              8   54[BANK0 ] long long 
  llu             8    0        unsigned long long 
  f               4    0        unsigned long long 
  ct              3    0        unsigned char [3]
  i               2    0        int 
[...]
      Temps:          0       0       0       0       0       0       0       0       0       0       0       0       0       0
      Totals:         0       2       0       0       0       0       0       0       0       0       0       0       0       0
Total ram usage:        2 bytes
 Hardware stack levels used:    1
 Hardware stack levels required when called:    5
 This function calls:
		Nothing
 This function is called by:
		_EUSART_Initialize
 This function uses a non-reentrant model


 *************** function _ADC_Initialize *****************
 Defined at:
		line 65 in file "mcc_generated_files/adc.c"
 Parameters:    Size  Location     Type
		None
 Auto vars:     Size  Location     Type
		None
 Return value:  Size  Location     Type
                  1    wreg      void 
 Registers used:
		wreg, status,2
 Tracked objects:
		On entry : 
		On exit  : 
		Unchanged: 
 Data sizes:     COMMON   BANK0   BANK1   BANK2   BANK3   BANK4   BANK5   BANK6   BANK7   BANK8   BANK9  BANK10  BANK11  BANK12
      Params:         0       0       0       0       0       0       0       0       0       0       0       0       0       0
      Locals:         0       0       0       0       0       0       0       0       0       0       0       0       0       0
      Temps:          0       0       0       0       0       0       0       0       0       0       0       0       0       0
      Totals:         0       0       0       0       0       0       0       0       0       0       0       0       0       0
Total ram usage:        0 bytes
 Hardware stack levels used:    1
 Hardware stack levels required when called:    5
 This function calls:
		Nothing
 This function is called by:
		_SYSTEM_Initialize
 This function uses a non-reentrant model


 *************** function _INTERRUPT_InterruptManager *****************
 Defined at:
		line 4 in file "mcc_generated_files/interrupt_manager.c"
 Parameters:    Size  Location     Type
		None
 Auto vars:     Size  Location     Type
		None
 Return value:  Size  Location     Type
                  1    wreg      void 
 Registers used:
		wreg, status,2, status,0, pclath, cstack
 Tracked objects:
		On entry : 
		On exit  : 
		Unchanged: 
 Data sizes:     COMMON   BANK0   BANK1   BANK2   BANK3   BANK4   BANK5   BANK6   BANK7   BANK8   BANK9  BANK10  BANK11  BANK12
      Params:         0       0       0       0       0       0       0       0       0       0       0       0       0       0
      Locals:         0       0       0       0       0       0       0       0       0       0       0       0       0       0
      Temps:          0       0       0       0       0       0       0       0       0       0       0       0       0       0
      Totals:         0       0       0       0       0       0       0       0       0       0       0       0       0       0
Total ram usage:        0 bytes
 Hardware stack levels used:    1
 Hardware stack levels required when called:    4
 This function calls:
		_PIN_MANAGER_IOC
		_TMR0_ISR
 This function is called by:
		Interrupt level 1
 This function uses a non-reentrant model


 *************** function _TMR0_ISR *****************
 Defined at:
		line 62 in file "mcc_generated_files/tmr0.c"
 Parameters:    Size  Location     Type
		None
 Auto vars:     Size  Location     Type
		None
 Return value:  Size  Location     Type
                  1    wreg      void 
 Registers used:
		wreg, status,2, status,0, pclath, cstack
 Tracked objects:
		On entry : 
		On exit  : 
		Unchanged: 
 Data sizes:     COMMON   BANK0   BANK1   BANK2   BANK3   BANK4   BANK5   BANK6   BANK7   BANK8   BANK9  BANK10  BANK11  BANK12
      Params:         0       0       0       0       0       0       0       0       0       0       0       0       0       0
      Locals:         0       0       0       0       0       0       0       0       0       0       0       0       0       0
      Temps:          0       0       0       0       0       0       0       0       0       0       0       0       0       0
      Totals:         0       0       0       0       0       0       0       0       0       0       0       0       0       0
Total ram usage:        0 bytes
 Hardware stack levels used:    1
 Hardware stack levels required when called:    1
 This function calls:
		Absolute function
		_TMR0_DefaultInterruptHandler
		_timerISR
 This function is called by:
		_INTERRUPT_InterruptManager
 This function uses a non-reentrant model


 *************** function _TMR0_DefaultInterruptHandler *****************
 Defined at:
		line 83 in file "mcc_generated_files/tmr0.c"
 Parameters:    Size  Location     Type
		None
 Auto vars:     Size  Location     Type
		None
 Return value:  Size  Location     Type
                  1    wreg      void 
 Registers used:
		None
 Tracked objects:
		On entry : 
		On exit  : 
		Unchanged: 
 Data sizes:     COMMON   BANK0   BANK1   BANK2   BANK3   BANK4   BANK5   BANK6   BANK7   BANK8   BANK9  BANK10  BANK11  BANK12
      Params:         0       0       0       0       0       0       0       0       0       0       0       0       0       0
      Locals:         0       0       0       0       0       0       0       0       0       0       0       0       0       0
      Temps:          0       0       0       0       0       0       0       0       0       0       0       0       0       0
      Totals:         0       0       0       0       0       0       0       0       0       0       0       0       0       0
Total ram usage:        0 bytes
 Hardware stack levels used:    1
 This function calls:
		Nothing
 This function is called by:
		_TMR0_Initialize
		_TMR0_ISR
 This function uses a non-reentrant model


 *************** function _timerISR *****************
 Defined at:
		line 77 in file "main.c"
 Parameters:    Size  Location     Type
		None
 Auto vars:     Size  Location     Type
		None
 Return value:  Size  Location     Type
                  1    wreg      void 
 Registers used:
		wreg
 Tracked objects:
		On entry : 
		On exit  : 
		Unchanged: 
 Data sizes:     COMMON   BANK0   BANK1   BANK2   BANK3   BANK4   BANK5   BANK6   BANK7   BANK8   BANK9  BANK10  BANK11  BANK12
      Params:         0       0       0       0       0       0       0       0       0       0       0       0       0       0
      Locals:         0       0       0       0       0       0       0       0       0       0       0       0       0       0
      Temps:          0       0       0       0       0       0       0       0       0       0       0       0       0       0
      Totals:         0       0       0       0       0       0       0       0       0       0       0       0       0       0
Total ram usage:        0 bytes
 Hardware stack levels used:    1
 This function calls:
		Nothing
 This function is called by:
		_main
		_TMR0_ISR
 This function uses a non-reentrant model


 *************** function _PIN_MANAGER_IOC *****************
 Defined at:
		line 79 in file "mcc_generated_files/pin_manager.c"
 Parameters:    Size  Location     Type
		None
 Auto vars:     Size  Location     Type
		None
 Return value:  Size  Location     Type
                  1    wreg      void 
 Registers used:
		wreg, status,2, status,0, pclath, cstack
 Tracked objects:
		On entry : 
		On exit  : 
		Unchanged: 
 Data sizes:     COMMON   BANK0   BANK1   BANK2   BANK3   BANK4   BANK5   BANK6   BANK7   BANK8   BANK9  BANK10  BANK11  BANK12
      Params:         0       0       0       0       0       0       0       0       0       0       0       0       0       0
      Locals:         0       0       0       0       0       0       0       0       0       0       0       0       0       0
      Temps:          0       0       0       0       0       0       0       0       0       0       0       0       0       0
      Totals:         0       0       0       0       0       0       0       0       0       0       0       0       0       0
Total ram usage:        0 bytes
 Hardware stack levels used:    1
 Hardware stack levels required when called:    3
 This function calls:
		_IOCCF7_ISR
 This function is called by:
		_INTERRUPT_InterruptManager
 This function uses a non-reentrant model


 *************** function _IOCCF7_ISR *****************
 Defined at:
		line 91 in file "mcc_generated_files/pin_manager.c"
 Parameters:    Size  Location     Type
		None
 Auto vars:     Size  Location     Type
		None
 Return value:  Size  Location     Type
                  1    wreg      void 
 Registers used:
		wreg, status,2, status,0, pclath, cstack
 Tracked objects:
		On entry : 
		On exit  : 
		Unchanged: 
 Data sizes:     COMMON   BANK0   BANK1   BANK2   BANK3   BANK4   BANK5   BANK6   BANK7   BANK8   BANK9  BANK10  BANK11  BANK12
      Params:         0       0       0       0       0       0       0       0       0       0       0       0       0       0
      Locals:         0       0       0       0       0       0       0       0       0       0       0       0       0       0
      Temps:          0       0       0       0       0       0       0       0       0       0       0       0       0       0
      Totals:         0       0       0       0       0       0       0       0       0       0       0       0       0       0
Total ram usage:        0 bytes
 Hardware stack levels used:    1
 Hardware stack levels required when called:    2
 This function calls:
		Absolute function
		_IOCCF7_DefaultInterruptHandler
		_speedCalc
 This function is called by:
		_PIN_MANAGER_IOC
 This function uses a non-reentrant model


 *************** function _IOCCF7_DefaultInterruptHandler *****************
 Defined at:
		line 113 in file "mcc_generated_files/pin_manager.c"
 Parameters:    Size  Location     Type
		None
 Auto vars:     Size  Location     Type
		None
 Return value:  Size  Location     Type
                  1    wreg      void 
 Registers used:
		None
 Tracked objects:
		On entry : 
		On exit  : 
		Unchanged: 
 Data sizes:     COMMON   BANK0   BANK1   BANK2   BANK3   BANK4   BANK5   BANK6   BANK7   BANK8   BANK9  BANK10  BANK11  BANK12
      Params:         0       0       0       0       0       0       0       0       0       0       0       0       0       0
      Locals:         0       0       0       0       0       0       0       0       0       0       0       0       0       0
      Temps:          0       0       0       0       0       0       0       0       0       0       0       0       0       0
      Totals:         0       0       0       0       0       0       0       0       0       0       0       0       0       0
Total ram usage:        0 bytes
 Hardware stack levels used:    1
 This function calls:
		Nothing
 This function is called by:
		_PIN_MANAGER_Initialize
		_IOCCF7_ISR
 This function uses a non-reentrant model


 *************** function _speedCalc *****************
 Defined at:
		line 84 in file "main.c"
 Parameters:    Size  Location     Type
		None
 Auto vars:     Size  Location     Type
		None
 Return value:  Size  Location     Type
                  1    wreg      void 
 Registers used:
		wreg, status,2, status,0, pclath, cstack
 Tracked objects:
		On entry : 
		On exit  : 
		Unchanged: 
 Data sizes:     COMMON   BANK0   BANK1   BANK2   BANK3   BANK4   BANK5   BANK6   BANK7   BANK8   BANK9  BANK10  BANK11  BANK12
      Params:         0       0       0       0       0       0       0       0       0       0       0       0       0       0
      Locals:         0       0       0       0       0       0       0       0       0       0       0       0       0       0
      Temps:          0       0       0       0       0       0       0       0       0       0       0       0       0       0
      Totals:         0       0       0       0       0       0       0       0       0       0       0       0       0       0
Total ram usage:        0 bytes
 Hardware stack levels used:    1
 Hardware stack levels required when called:    1
 This function calls:
		i1___fladd
 This function is called by:
		_main
		_IOCCF7_ISR
 This function uses a non-reentrant model


 *************** function i1___fladd *****************
 Defined at:
		line 10 in file "C:\Program Files (x86)\Microchip\xc8\v2.05\pic\sources\c99\common\sprcadd.c"
 Parameters:    Size  Location     Type
  b               4    0[COMMON] void 
  a               4    4[COMMON] void 
 Auto vars:     Size  Location     Type
  __fladd         1   11[COMMON] unsigned char 
  __fladd         1   10[COMMON] unsigned char 
  __fladd         1    9[COMMON] unsigned char 
  __fladd         1    8[COMMON] unsigned char 
 Return value:  Size  Location     Type
                  4    0[COMMON] unsigned char 
 Registers used:
		wreg, status,2, status,0
 Tracked objects:
		On entry : 
		On exit  : 
		Unchanged: 
 Data sizes:     COMMON   BANK0   BANK1   BANK2   BANK3   BANK4   BANK5   BANK6   BANK7   BANK8   BANK9  BANK10  BANK11  BANK12
      Params:         8       0       0       0       0       0       0       0       0       0       0       0       0       0
      Locals:         4       0       0       0       0       0       0       0       0       0       0       0       0       0
      Temps:          0       8       0       0       0       0       0       0       0       0       0       0       0       0
      Totals:        12       8       0       0       0       0       0       0       0       0       0       0       0       0
Total ram usage:       20 bytes
 Hardware stack levels used:    1
 This function calls:
		Nothing
 This function is called by:
		_speedCalc
 This function uses a non-reentrant model



MODULE INFORMATION

Module		Function		Class		Link	Load	Size
C:\Program Files (x86)\Microchip\xc8\v2.05\pic\sources\c99\common\printf.c
		_printf        		CODE           	167C	0000	22

C:\Program Files (x86)\Microchip\xc8\v2.05\pic\sources\c99\common\printf.c estimated size: 22

mcc_generated_files/interrupt_manager.c
		_INTERRUPT_InterruptManager		CODE           	0004	0000	17

mcc_generated_files/interrupt_manager.c estimated size: 17

C:\Program Files (x86)\Microchip\xc8\v2.05\pic\sources\c99\common\flge.c
		___flge        		CODE           	094D	0000	125

C:\Program Files (x86)\Microchip\xc8\v2.05\pic\sources\c99\common\flge.c estimated size: 125

displayOptions.c
		_resetCursor   		CODE           	1607	0000	9
		_setCursor     		CODE           	0852	0000	67

displayOptions.c estimated size: 76

C:\Program Files (x86)\Microchip\xc8\v2.05\pic\sources\c99\common\nf_fputc.c
		_fputc         		CODE           	0812	0000	65

C:\Program Files (x86)\Microchip\xc8\v2.05\pic\sources\c99\common\nf_fputc.c estimated size: 65

mcc_generated_files/tmr0.c
		_TMR0_SetInterruptHandler		CODE           	1633	0000	10
		_TMR0_DefaultInterruptHandler		CODE           	0003	0000	2
		_TMR0_ISR      		CODE           	1649	0000	16
		_TMR0_Initialize		CODE           	1667	0000	22

mcc_generated_files/tmr0.c estimated size: 50

mcc_generated_files/pin_manager.c
		_PIN_MANAGER_Initialize		CODE           	17C8	0000	57
		_IOCCF7_DefaultInterruptHandler		CODE           	0002	0000	2
		_IOCCF7_ISR    		CODE           	163C	0000	14
		_PIN_MANAGER_IOC		CODE           	15E4	0000	7
		_IOCCF7_SetInterruptHandler		CODE           	162A	0000	10

mcc_generated_files/pin_manager.c estimated size: 90

C:\Program Files (x86)\Microchip\xc8\v2.05\pic\sources\c99\common\aodiv.c
		___aodiv       		CODE           	0B3E	0000	248

C:\Program Files (x86)\Microchip\xc8\v2.05\pic\sources\c99\common\aodiv.c estimated size: 248

C:\Program Files (x86)\Microchip\xc8\v2.05\pic\sources\c99\common\xxtofl.c
		___xxtofl      		CODE           	09C9	0000	151

C:\Program Files (x86)\Microchip\xc8\v2.05\pic\sources\c99\common\xxtofl.c estimated size: 151

C:\Program Files (x86)\Microchip\xc8\v2.05\pic\sources\c99\common\strlen.c
		_strlen        		CODE           	16AA	0000	26

C:\Program Files (x86)\Microchip\xc8\v2.05\pic\sources\c99\common\strlen.c estimated size: 26

mcc_generated_files/adc.c
		_ADC_Initialize		CODE           	15F7	0000	9

mcc_generated_files/adc.c estimated size: 9

C:\Program Files (x86)\Microchip\xc8\v2.05\pic\sources\c99\common\fltol.c
		___fltol       		CODE           	08E7	0000	103

C:\Program Files (x86)\Microchip\xc8\v2.05\pic\sources\c99\common\fltol.c estimated size: 103

C:\Program Files (x86)\Microchip\xc8\v2.05\pic\sources\c99\common\sprcmul.c
		___flmul       		CODE           	0033	0000	602

C:\Program Files (x86)\Microchip\xc8\v2.05\pic\sources\c99\common\sprcmul.c estimated size: 602

C:\Program Files (x86)\Microchip\xc8\v2.05\pic\sources\c99\common\sprcdiv.c
		___fldiv       		CODE           	0E86	0000	379

C:\Program Files (x86)\Microchip\xc8\v2.05\pic\sources\c99\common\sprcdiv.c estimated size: 379

C:\Program Files (x86)\Microchip\xc8\v2.05\pic\sources\c99\common\doprnt.c
		_vfpfcnvrt     		CODE           	0C35	0000	260
		_pad           		CODE           	0894	0000	84
		_dtoa          		CODE           	0657	0000	420
		_vfprintf      		CODE           	176A	0000	46

C:\Program Files (x86)\Microchip\xc8\v2.05\pic\sources\c99\common\doprnt.c estimated size: 810

shared
		_distanceDisp  		STRCODE        	0000	0000	0
		i1___fladd     		CODE           	028C	0000	490
		__initialization		CODE           	0016	0000	26
		_speedDisp     		STRCODE        	0000	0000	0
		_hrDisp        		STRCODE        	0000	0000	0

shared estimated size: 516

mcc_generated_files/mcc.c
		_OSCILLATOR_Initialize		CODE           	15F0	0000	8
		_SYSTEM_Initialize		CODE           	1658	0000	16

mcc_generated_files/mcc.c estimated size: 24

C:\Program Files (x86)\Microchip\xc8\v2.05\pic\sources\c99\common\abs.c
		_abs           		CODE           	1691	0000	26

C:\Program Files (x86)\Microchip\xc8\v2.05\pic\sources\c99\common\abs.c estimated size: 26

C:\Program Files (x86)\Microchip\xc8\v2.05\pic\sources\c99\common\puts.c
		_puts          		CODE           	16C3	0000	28

C:\Program Files (x86)\Microchip\xc8\v2.05\pic\sources\c99\common\puts.c estimated size: 28

C:\Program Files (x86)\Microchip\xc8\v2.05\pic\sources\c99\common\nf_fputs.c
		_fputs         		CODE           	1741	0000	42

C:\Program Files (x86)\Microchip\xc8\v2.05\pic\sources\c99\common\nf_fputs.c estimated size: 42

mcc_generated_files/eusart.c
		_putch         		CODE           	15EA	0000	7
		_EUSART_Write  		CODE           	15FF	0000	9
		_EUSART_Initialize		CODE           	171D	0000	37
		_EUSART_SetFramingErrorHandler		CODE           	1618	0000	10
		_EUSART_SetErrorHandler		CODE           	160F	0000	10
		_EUSART_SetOverrunErrorHandler		CODE           	1621	0000	10

mcc_generated_files/eusart.c estimated size: 83

C:\Program Files (x86)\Microchip\xc8\v2.05\pic\sources\c99\common\Umul8_16.c
		__Umul8_16     		CODE           	16FD	0000	33

C:\Program Files (x86)\Microchip\xc8\v2.05\pic\sources\c99\common\Umul8_16.c estimated size: 33

main.c
		_main          		CODE           	0D38	0000	335
		_speedCalc     		CODE           	1797	0000	50
		_timerISR      		CODE           	0800	0000	19

main.c estimated size: 404

C:\Program Files (x86)\Microchip\xc8\v2.05\pic\sources\c99\common\sprcadd.c
		___flsub       		CODE           	16DE	0000	32
		___fladd       		CODE           	0475	0000	483

C:\Program Files (x86)\Microchip\xc8\v2.05\pic\sources\c99\common\sprcadd.c estimated size: 515

C:\Program Files (x86)\Microchip\xc8\v2.05\pic\sources\c99\common\aomod.c
		___aomod       		CODE           	0A5F	0000	224

C:\Program Files (x86)\Microchip\xc8\v2.05\pic\sources\c99\common\aomod.c estimated size: 224

