Microchip MPLAB XC8 Compiler V2.05 ()

Linker command line:

-W-3 --edf=C:\Program Files (x86)\Microchip\xc8\v2.05\pic\dat\en_msgs.txt \
  -cs -h+dist/default/production\BicycleComputerPIC16.production.sym \
  --cmf=dist/default/production\BicycleComputerPIC16.production.cmf -z \
  -Q16F1619 -oC:\Users\igna\AppData\Local\Temp\soeg.2 \
  --defsym=__MPLAB_BUILD=1 \
  -Mdist/default/production/BicycleComputerPIC16.production.map -E1 \
  -ver=XC8 --acfsm=1493 -ASTACK=02160h-023EFh -pstack=STACK \
  -ACODE=00h-07FFhx4 -ASTRCODE=00h-01FFFh -ASTRING=00h-0FFhx32 \
  -ACONST=00h-0FFhx32 -AENTRY=00h-0FFhx32 -ACOMMON=070h-07Fh \
  -ABANK0=020h-06Fh -ABANK1=0A0h-0EFh -ABANK2=0120h-016Fh \
  -ABANK3=01A0h-01EFh -ABANK4=0220h-026Fh -ABANK5=02A0h-02EFh \
  -ABANK6=0320h-036Fh -ABANK7=03A0h-03EFh -ABANK8=0420h-046Fh \
  -ABANK9=04A0h-04EFh -ABANK10=0520h-056Fh -ABANK11=05A0h-05EFh \
  -ABANK12=0620h-064Fh -ABIGRAM=02000h-023EFh \
  -ARAM=020h-06Fh,0A0h-0EFh,0120h-016Fh,01A0h-01EFh,0220h-026Fh,02A0h-02EFh,0320h-036Fh,03A0h-03EFh,0420h-046Fh,04A0h-04EFh,0520h-056Fh,05A0h-05EFh,0620h-064Fh \
  -AABS1=020h-07Fh,0A0h-0EFh,0120h-016Fh,01A0h-01EFh,0220h-026Fh,02A0h-02EFh,0320h-036Fh,03A0h-03EFh,0420h-046Fh,04A0h-04EFh,0520h-056Fh,05A0h-05EFh,0620h-064Fh \
  -ASFR0=00h-01Fh -ASFR1=080h-09Fh -ASFR2=0100h-011Fh -ASFR3=0180h-019Fh \
  -ASFR4=0200h-021Fh -ASFR5=0280h-029Fh -ASFR6=0300h-031Fh \
  -ASFR7=0380h-039Fh -ASFR8=0400h-041Fh -ASFR9=0480h-049Fh \
  -ASFR10=0500h-051Fh -ASFR11=0580h-059Fh -ASFR12=0600h-061Fh \
  -ASFR13=0680h-06EFh -ASFR14=0700h-076Fh -ASFR15=0780h-07EFh \
  -ASFR16=0800h-086Fh -ASFR17=0880h-08EFh -ASFR18=0900h-096Fh \
  -ASFR19=0980h-09EFh -ASFR20=0A00h-0A6Fh -ASFR21=0A80h-0AEFh \
  -ASFR22=0B00h-0B6Fh -ASFR23=0B80h-0BEFh -ASFR24=0C00h-0C6Fh \
  -ASFR25=0C80h-0CEFh -ASFR26=0D00h-0D6Fh -ASFR27=0D80h-0DEFh \
  -ASFR28=0E00h-0E6Fh -ASFR29=0E80h-0EEFh -ASFR30=0F00h-0F6Fh \
  -ASFR31=0F80h-0FEFh -preset_vec=00h,intentry=04h,init,end_init \
  -ppowerup=CODE -pcinit=CODE -pfunctab=ENTRY -ACONFIG=08007h-08009h \
  -pconfig=CONFIG -DCONFIG=2 -AIDLOC=08000h-08003h -pidloc=IDLOC -DIDLOC=2 \
  -DCODE=2 -DSTRCODE=2 -DSTRING=2 -DCONST=2 -DENTRY=2 -k \
  C:\Users\igna\AppData\Local\Temp\soeg.o \
  dist/default/production\BicycleComputerPIC16.production.o 

Object code version is 3.11

Machine type is 16F1619



                Name                               Link     Load   Length Selector   Space Scale
C:\Users\igna\AppData\Local\Temp\soeg.o
                end_init                             14       14        2        8       0
                reset_vec                             0        0        2        0       0
                config                             8007     8007        3    1000E       0
dist/default/production\BicycleComputerPIC16.production.o
                cinit                                16       16       44        8       0
                intentry                              4        4       10        8       0
                text52                             1769     1769       46     2ED2       0
                text51                              684      684      17A        8       0
                text50                             15A0     15A0       1F     2B40       0
                text49                               5A       5A      22C        8       0
                text48                              8AB      8AB       66     1156       0
                text47                             17AF     17AF       51     2F5E       0
                text46                              DA3      DA3      10A     1B46       0
                text45                                2        2        1        0       0
                text44                             14BB     14BB        D     2976       0
                text43                             1448     1448        6     2890       0
                text42                              49B      49B      1E9        8       0
                text41                             15DF     15DF       25     2BBE       0
                text40                                3        3        1        6       0
                text39                             14E5     14E5       10     29CA       0
                text37                             144E     144E        6     289C       0
                text36                              800      800        3     1000       0
                text35                             1474     1474        8     28E8       0
                text34                             1484     1484        9     2908       0
                text33                             148D     148D        9     291A       0
                text32                             1496     1496        9     292C       0
                text31                             1604     1604       25     2C08       0
                text30                             1466     1466        7     28CC       0
                text29                             149F     149F        9     293E       0
                text28                             1684     1684       33     2D08       0
                text27                             14A8     14A8        9     2950       0
                text26                             151F     151F       18     2A3E       0
                text25                             14D6     14D6        F     29AC       0
                text24                              911      911       7C     1222       0
                text23                              98D      98D       82     131A       0
                text22                              803      803       52     1006       0
                text21                             16B7     16B7       35     2D6E       0
                text20                             1584     1584       1C     2B08       0
                text19                              286      286      215        8       0
                text18                              CAC      CAC       F7     1958       0
                text17                              AED      AED       DF     15DA       0
                text16                             1537     1537       19     2A6E       0
                text15                             14B1     14B1        A     2962       0
                text14                             1454     1454        6     28A8       0
                text13                             1729     1729       40     2E52       0
                text12                             1629     1629       29     2C52       0
                text11                             1550     1550       19     2AA0       0
                text10                              855      855       56     10AA       0
                text9                               EAD      EAD      153     1D5A       0
                text8                               A0F      A0F       DE     141E       0
                text7                              1652     1652       32     2CA4       0
                text6                              14F5     14F5       15     29EA       0
                text5                              1569     1569       1B     2AD2       0
                text4                              147C     147C        8     28F8       0
                text3                              14C8     14C8        E     2990       0
                text2                              16EC     16EC       3D     2DD8       0
                text1                              150A     150A       15     2A14       0
                maintext                            BCC      BCC       E0     1798       0
                cstackBANK0                          20       20       3C       20       1
                cstackCOMMON                         70       70        E       70       1
                cstackBANK1                          A0       A0       50       A0       1
                cstackBANK2                         14F      14F        E      120       1
                clrtext                            145A     145A        6     28B4       0
                inittext                           1460     1460        6     28C0       0
                bssBANK4                            220      220       20      220       1
                dataBANK3                           1A0      1A0       20      1A0       1
                bssBANK3                            1C0      1C0       14      1A0       1
                dataBANK2                           168      168        2      120       1
                bssBANK2                            120      120       2F      120       1
                dataBANK0                            69       69        7       20       1
                bssBANK0                             5C       5C        D       20       1
                stringtext5                        1830     1830        3     3000       0
                stringtext4                        1827     1827        9     3000       0
                stringtext3                        181D     181D        A     3000       0
                stringtext2                        180F     180F        E     3000       0
                stringtext1                        1800     1800        F     3000       0
                nvBANK2                             15D      15D        B      120       1
                idataBANK3                         15BF     15BF       20     2B7E       0
                idataBANK2                          7FE      7FE        2        8       0
                idataBANK0                         146D     146D        7     28DA       0

TOTAL           Name                               Link     Load   Length     Space
        CLASS   STACK          

        CLASS   CODE           
                end_init                             14       14        2         0
                cinit                                16       16       44         0
                intentry                              4        4       10         0
                reset_vec                             0        0        2         0
                text52                             1769     1769       46         0
                text51                              684      684      17A         0
                text50                             15A0     15A0       1F         0
                text49                               5A       5A      22C         0
                text48                              8AB      8AB       66         0
                text47                             17AF     17AF       51         0
                text46                              DA3      DA3      10A         0
                text45                                2        2        1         0
                text44                             14BB     14BB        D         0
                text43                             1448     1448        6         0
                text42                              49B      49B      1E9         0
                text41                             15DF     15DF       25         0
                text40                                3        3        1         0
                text39                             14E5     14E5       10         0
                text37                             144E     144E        6         0
                text36                              800      800        3         0
                text35                             1474     1474        8         0
                text34                             1484     1484        9         0
                text33                             148D     148D        9         0
                text32                             1496     1496        9         0
                text31                             1604     1604       25         0
                text30                             1466     1466        7         0
                text29                             149F     149F        9         0
                text28                             1684     1684       33         0
                text27                             14A8     14A8        9         0
                text26                             151F     151F       18         0
                text25                             14D6     14D6        F         0
                text24                              911      911       7C         0
                text23                              98D      98D       82         0
                text22                              803      803       52         0
                text21                             16B7     16B7       35         0
                text20                             1584     1584       1C         0
                text19                              286      286      215         0
                text18                              CAC      CAC       F7         0
                text17                              AED      AED       DF         0
                text16                             1537     1537       19         0
                text15                             14B1     14B1        A         0
                text14                             1454     1454        6         0
                text13                             1729     1729       40         0
                text12                             1629     1629       29         0
                text11                             1550     1550       19         0
                text10                              855      855       56         0
                text9                               EAD      EAD      153         0
                text8                               A0F      A0F       DE         0
                text7                              1652     1652       32         0
                text6                              14F5     14F5       15         0
                text5                              1569     1569       1B         0
                text4                              147C     147C        8         0
                text3                              14C8     14C8        E         0
                text2                              16EC     16EC       3D         0
                text1                              150A     150A       15         0
                maintext                            BCC      BCC       E0         0
                clrtext                            145A     145A        6         0
                inittext                           1460     1460        6         0
                idataBANK3                         15BF     15BF       20         0
                idataBANK2                          7FE      7FE        2         0
                idataBANK0                         146D     146D        7         0

        CLASS   STRCODE        
                stringtext5                        1830     1830        3         0
                stringtext4                        1827     1827        9         0
                stringtext3                        181D     181D        A         0
                stringtext2                        180F     180F        E         0
                stringtext1                        1800     1800        F         0

        CLASS   STRING         

        CLASS   CONST          

        CLASS   ENTRY          

        CLASS   COMMON         
                cstackCOMMON                         70       70        E         1

        CLASS   BANK0          
                cstackBANK0                          20       20       3C         1
                dataBANK0                            69       69        7         1
                bssBANK0                             5C       5C        D         1

        CLASS   BANK1          
                cstackBANK1                          A0       A0       50         1

        CLASS   BANK2          
                cstackBANK2                         14F      14F        E         1
                dataBANK2                           168      168        2         1
                bssBANK2                            120      120       2F         1
                nvBANK2                             15D      15D        B         1

        CLASS   BANK3          
                dataBANK3                           1A0      1A0       20         1
                bssBANK3                            1C0      1C0       14         1

        CLASS   BANK4          
                bssBANK4                            220      220       20         1

        CLASS   BANK5          

        CLASS   BANK6          

        CLASS   BANK7          

        CLASS   BANK8          

        CLASS   BANK9          

        CLASS   BANK10         

        CLASS   BANK11         

        CLASS   BANK12         

        CLASS   BIGRAM         

        CLASS   RAM            

        CLASS   ABS1           
                abs_s1                               7E       7E        2         1

        CLASS   SFR0           

        CLASS   SFR1           

        CLASS   SFR2           

        CLASS   SFR3           

        CLASS   SFR4           

        CLASS   SFR5           

        CLASS   SFR6           

        CLASS   SFR7           

        CLASS   SFR8           

        CLASS   SFR9           

        CLASS   SFR10          

        CLASS   SFR11          

        CLASS   SFR12          

        CLASS   SFR13          

        CLASS   SFR14          

        CLASS   SFR15          

        CLASS   SFR16          

        CLASS   SFR17          

        CLASS   SFR18          

        CLASS   SFR19          

        CLASS   SFR20          

        CLASS   SFR21          

        CLASS   SFR22          

        CLASS   SFR23          

        CLASS   SFR24          

        CLASS   SFR25          

        CLASS   SFR26          

        CLASS   SFR27          

        CLASS   SFR28          

        CLASS   SFR29          

        CLASS   SFR30          

        CLASS   SFR31          

        CLASS   CONFIG         
                config                             8007     8007        3         0

        CLASS   IDLOC          

        CLASS   BANK31         

        CLASS   BANK30         

        CLASS   BANK29         

        CLASS   BANK28         

        CLASS   BANK27         

        CLASS   BANK26         

        CLASS   BANK25         

        CLASS   BANK24         

        CLASS   BANK23         

        CLASS   BANK22         

        CLASS   BANK21         

        CLASS   BANK20         

        CLASS   BANK19         

        CLASS   BANK18         

        CLASS   BANK17         

        CLASS   BANK16         

        CLASS   BANK15         

        CLASS   BANK14         

        CLASS   BANK13         

        CLASS   EEDATA         



SEGMENTS        Name                           Load    Length   Top    Selector   Space  Class     Delta

                reset_vec                      000000  000003  000003         0       0  CODE        2
                text40                         000003  000001  000004         6       0  CODE        2
                intentry                       000004  0007FC  000800         8       0  CODE        2
                cstackBANK0                    000020  000050  000070        20       1  BANK0       1
                cstackCOMMON                   000070  00000E  00007E        70       1  COMMON      1
                cstackBANK1                    0000A0  000050  0000F0        A0       1  BANK1       1
                bssBANK2                       000120  00004A  00016A       120       1  BANK2       1
                dataBANK3                      0001A0  000034  0001D4       1A0       1  BANK3       1
                bssBANK4                       000220  000020  000240       220       1  BANK4       1
                text36                         000800  000003  000803      1000       0  CODE        2
                text22                         000803  000052  000855      1006       0  CODE        2
                text10                         000855  000056  0008AB      10AA       0  CODE        2
                text48                         0008AB  000066  000911      1156       0  CODE        2
                text24                         000911  00007C  00098D      1222       0  CODE        2
                text23                         00098D  000082  000A0F      131A       0  CODE        2
                text8                          000A0F  0000DE  000AED      141E       0  CODE        2
                text17                         000AED  0000DF  000BCC      15DA       0  CODE        2
                maintext                       000BCC  0000E0  000CAC      1798       0  CODE        2
                text18                         000CAC  0000F7  000DA3      1958       0  CODE        2
                text46                         000DA3  00010A  000EAD      1B46       0  CODE        2
                text9                          000EAD  000153  001000      1D5A       0  CODE        2
                text43                         001448  000006  00144E      2890       0  CODE        2
                text37                         00144E  000006  001454      289C       0  CODE        2
                text14                         001454  000006  00145A      28A8       0  CODE        2
                clrtext                        00145A  000006  001460      28B4       0  CODE        2
                inittext                       001460  000006  001466      28C0       0  CODE        2
                text30                         001466  000007  00146D      28CC       0  CODE        2
                idataBANK0                     00146D  000007  001474      28DA       0  CODE        2
                text35                         001474  000008  00147C      28E8       0  CODE        2
                text4                          00147C  000008  001484      28F8       0  CODE        2
                text34                         001484  000009  00148D      2908       0  CODE        2
                text33                         00148D  000009  001496      291A       0  CODE        2
                text32                         001496  000009  00149F      292C       0  CODE        2
                text29                         00149F  000009  0014A8      293E       0  CODE        2
                text27                         0014A8  000009  0014B1      2950       0  CODE        2
                text15                         0014B1  00000A  0014BB      2962       0  CODE        2
                text44                         0014BB  00000D  0014C8      2976       0  CODE        2
                text3                          0014C8  00000E  0014D6      2990       0  CODE        2
                text25                         0014D6  00000F  0014E5      29AC       0  CODE        2
                text39                         0014E5  000010  0014F5      29CA       0  CODE        2
                text6                          0014F5  000015  00150A      29EA       0  CODE        2
                text1                          00150A  000015  00151F      2A14       0  CODE        2
                text26                         00151F  000018  001537      2A3E       0  CODE        2
                text16                         001537  000019  001550      2A6E       0  CODE        2
                text11                         001550  000019  001569      2AA0       0  CODE        2
                text5                          001569  00001B  001584      2AD2       0  CODE        2
                text20                         001584  00001C  0015A0      2B08       0  CODE        2
                text50                         0015A0  00001F  0015BF      2B40       0  CODE        2
                idataBANK3                     0015BF  000020  0015DF      2B7E       0  CODE        2
                text41                         0015DF  000025  001604      2BBE       0  CODE        2
                text31                         001604  000025  001629      2C08       0  CODE        2
                text12                         001629  000029  001652      2C52       0  CODE        2
                text7                          001652  000032  001684      2CA4       0  CODE        2
                text28                         001684  000033  0016B7      2D08       0  CODE        2
                text21                         0016B7  000035  0016EC      2D6E       0  CODE        2
                text2                          0016EC  00003D  001729      2DD8       0  CODE        2
                text13                         001729  000040  001769      2E52       0  CODE        2
                text52                         001769  000046  0017AF      2ED2       0  CODE        2
                text47                         0017AF  000051  001800      2F5E       0  CODE        2
                stringtext1                    001800  000033  001833      3000       0  STRCODE     2
                config                         008007  000003  00800A     1000E       0  CONFIG      2


UNUSED ADDRESS RANGES

        Name                Unused          Largest block    Delta
        BANK10           00520-0056F              50           1
        BANK11           005A0-005EF              50           1
        BANK12           00620-0064F              30           1
        BANK2            0016A-0016F               6           1
        BANK3            001D4-001EF              1C           1
        BANK4            00240-0026F              30           1
        BANK5            002A0-002EF              50           1
        BANK6            00320-0036F              50           1
        BANK7            003A0-003EF              50           1
        BANK8            00420-0046F              50           1
        BANK9            004A0-004EF              50           1
        BIGRAM           02000-023EF             3F0           1
        CODE             01000-01447             448           2
                         01833-01FFF             7CD
        CONST            01000-01447             100           2
                         01833-01FFF             100
        ENTRY            01000-01447             100           2
                         01833-01FFF             100
        IDLOC            08000-08003               4           2
        RAM              0016A-0016F               6           1
                         001D4-001EF              1C
                         00240-0026F              30
                         002A0-002EF              50
                         00320-0036F              50
                         003A0-003EF              50
                         00420-0046F              50
                         004A0-004EF              50
                         00520-0056F              50
                         005A0-005EF              50
                         00620-0064F              30
        SFR0             00000-0001F              20           1
        SFR1             00080-0009F              20           1
        SFR10            00500-0051F              20           1
        SFR11            00580-0059F              20           1
        SFR12            00600-0061F              20           1
        SFR13            00680-006EF              70           1
        SFR14            00700-0076F              70           1
        SFR15            00780-007EF              70           1
        SFR16            00800-0086F              70           1
        SFR17            00880-008EF              70           1
        SFR18            00900-0096F              70           1
        SFR19            00980-009EF              70           1
        SFR2             00100-0011F              20           1
        SFR20            00A00-00A6F              70           1
        SFR21            00A80-00AEF              70           1
        SFR22            00B00-00B6F              70           1
        SFR23            00B80-00BEF              70           1
        SFR24            00C00-00C6F              70           1
        SFR25            00C80-00CEF              70           1
        SFR26            00D00-00D6F              70           1
        SFR27            00D80-00DEF              70           1
        SFR28            00E00-00E6F              70           1
        SFR29            00E80-00EEF              70           1
        SFR3             00180-0019F              20           1
        SFR30            00F00-00F6F              70           1
        SFR31            00F80-00FEF              70           1
        SFR4             00200-0021F              20           1
        SFR5             00280-0029F              20           1
        SFR6             00300-0031F              20           1
        SFR7             00380-0039F              20           1
        SFR8             00400-0041F              20           1
        SFR9             00480-0049F              20           1
        STACK            02160-023EF             290           1
        STRCODE          01000-01447             448           2
                         01833-01FFF             7CD
        STRING           01000-01447             100           2
                         01833-01FFF             100

                                  Symbol Table

?_ADC_GetConversionResult                      cstackBANK1  000A0
?__Umul8_16                                    cstackCOMMON 00070
?___aldiv                                      cstackBANK1  000A0
?___aodiv                                      cstackBANK1  000A0
?___aomod                                      cstackBANK1  000A0
?___awdiv                                      cstackBANK1  000A0
?___awmod                                      cstackBANK0  00052
?___fladd                                      cstackCOMMON 00070
?___fldiv                                      cstackCOMMON 00070
?___flmul                                      cstackBANK0  0002D
?___fltol                                      cstackBANK0  00047
?___lwdiv                                      cstackBANK1  000A0
?___wmul                                       cstackBANK1  000A9
?_abs                                          cstackBANK1  000B3
?_dtoa                                         cstackBANK1  000BC
?_fputc                                        cstackBANK1  000A2
?_fputs                                        cstackBANK1  000AA
?_pad                                          cstackBANK1  000B3
?_printf                                       cstackBANK2  00152
?_strlen                                       cstackBANK1  000A0
?_vfpfcnvrt                                    cstackBANK1  000DA
?_vfprintf                                     cstackBANK1  000EA
?i1___awdiv                                    cstackCOMMON 00070
EUSART_SetErrorHandler@interruptHandler        cstackBANK1  000A0
EUSART_SetFramingErrorHandler@interruptHandler cstackBANK1  000A0
EUSART_SetOverrunErrorHandler@interruptHandler cstackBANK1  000A0
EUSART_Write@txData                            cstackBANK1  000A0
IOCCF7_SetInterruptHandler@InterruptHandler    cstackBANK1  000A0
TMR0_SetInterruptHandler@InterruptHandler      cstackBANK1  000A0
_ADCON0                                        (abs)        0009D
_ADCON0bits                                    (abs)        0009D
_ADCON1                                        (abs)        0009E
_ADCON2                                        (abs)        0009F
_ADC_GetConversionResult                       text37       0144E
_ADC_Initialize                                text35       01474
_ADC_StartConversion                           text36       00800
_ADRESH                                        (abs)        0009C
_ADRESL                                        (abs)        0009B
_ANSELA                                        (abs)        0018C
_ANSELB                                        (abs)        0018D
_ANSELC                                        (abs)        0018E
_BAUD1CON                                      (abs)        0019F
_BORCON                                        (abs)        00116
_BPM                                           bssBANK2     00136
_EUSART_DefaultErrorHandler                    (abs)        00000
_EUSART_DefaultFramingErrorHandler             (abs)        00000
_EUSART_DefaultOverrunErrorHandler             (abs)        00000
_EUSART_ErrorHandler                           nvBANK2      00161
_EUSART_FramingErrorHandler                    nvBANK2      00165
_EUSART_Initialize                             text31       01604
_EUSART_OverrunErrorHandler                    nvBANK2      00163
_EUSART_SetErrorHandler                        text34       01484
_EUSART_SetFramingErrorHandler                 text33       0148D
_EUSART_SetOverrunErrorHandler                 text32       01496
_EUSART_Write                                  text15       014B1
_EUSART_is_tx_ready                            text3        014C8
_EUSART_is_tx_ready$167                        cstackBANK1  000A0
_IBI                                           dataBANK0    00069
_INTCONbits                                    (abs)        0000B
_INTERRUPT_InterruptManager                    intentry     00004
_IOCCF7_DefaultInterruptHandler                text45       00002
_IOCCF7_ISR                                    text44       014BB
_IOCCF7_InterruptHandler                       nvBANK2      0015F
_IOCCF7_SetInterruptHandler                    text29       0149F
_IOCCFbits                                     (abs)        00399
_IOCCNbits                                     (abs)        00398
_IOCCPbits                                     (abs)        00397
_LATA                                          (abs)        0010C
_LATB                                          (abs)        0010D
_LATC                                          (abs)        0010E
_ODCONA                                        (abs)        0028C
_ODCONB                                        (abs)        0028D
_ODCONC                                        (abs)        0028E
_OPTION_REG                                    (abs)        00095
_OPTION_REGbits                                (abs)        00095
_OSCCON                                        (abs)        00099
_OSCILLATOR_Initialize                         text30       01466
_OSCTUNE                                       (abs)        00098
_P                                             dataBANK2    00168
_PIN_MANAGER_IOC                               text43       01448
_PIN_MANAGER_Initialize                        text28       01684
_PIR1bits                                      (abs)        00010
_Pulse                                         bssBANK0     00066
_QS                                            bssBANK2     00146
_RB7PPS                                        (abs)        00E9F
_RC1REG                                        (abs)        00199
_RC1STA                                        (abs)        0019D
_RC1STAbits                                    (abs)        0019D
_SLRCONA                                       (abs)        0030C
_SLRCONB                                       (abs)        0030D
_SLRCONC                                       (abs)        0030E
_SPBRGH                                        (abs)        0019C
_SPBRGL                                        (abs)        0019B
_SYSTEM_Initialize                             text25       014D6
_Signal                                        bssBANK0     00062
_T                                             dataBANK0    0006D
_TMR0                                          (abs)        00015
_TMR0_DefaultInterruptHandler                  text40       00003
_TMR0_ISR                                      text39       014E5
_TMR0_Initialize                               text26       0151F
_TMR0_InterruptHandler                         nvBANK2      0015D
_TMR0_SetInterruptHandler                      text27       014A8
_TRISA                                         (abs)        0008C
_TRISB                                         (abs)        0008D
_TRISC                                         (abs)        0008E
_TX1REG                                        (abs)        0019A
_TX1STA                                        (abs)        0019E
_TX1STAbits                                    (abs)        0019E
_WPUA                                          (abs)        0020C
_WPUB                                          (abs)        0020D
_WPUC                                          (abs)        0020E
__CFG_BOREN$ON                                 (abs)        00000
__CFG_BORV$LO                                  (abs)        00000
__CFG_CLKOUTEN$OFF                             (abs)        00000
__CFG_CP$OFF                                   (abs)        00000
__CFG_FCMEN$ON                                 (abs)        00000
__CFG_FOSC$INTOSC                              (abs)        00000
__CFG_IESO$ON                                  (abs)        00000
__CFG_LPBOR$OFF                                (abs)        00000
__CFG_LVP$OFF                                  (abs)        00000
__CFG_MCLRE$ON                                 (abs)        00000
__CFG_PLLEN$OFF                                (abs)        00000
__CFG_PPS1WAY$ON                               (abs)        00000
__CFG_PWRTE$OFF                                (abs)        00000
__CFG_STVREN$ON                                (abs)        00000
__CFG_WDTCCS$SWC                               (abs)        00000
__CFG_WDTCPS$WDTCPS1F                          (abs)        00000
__CFG_WDTCWS$WDTCWSSW                          (abs)        00000
__CFG_WDTE$OFF                                 (abs)        00000
__CFG_WRT$OFF                                  (abs)        00000
__CFG_ZCD$OFF                                  (abs)        00000
__Habs1                                        abs1         00000
__Hbank0                                       bank0        00000
__Hbank1                                       bank1        00000
__Hbank10                                      bank10       00000
__Hbank11                                      bank11       00000
__Hbank12                                      bank12       00000
__Hbank13                                      bank13       00000
__Hbank14                                      bank14       00000
__Hbank15                                      bank15       00000
__Hbank16                                      bank16       00000
__Hbank17                                      bank17       00000
__Hbank18                                      bank18       00000
__Hbank19                                      bank19       00000
__Hbank2                                       bank2        00000
__Hbank20                                      bank20       00000
__Hbank21                                      bank21       00000
__Hbank22                                      bank22       00000
__Hbank23                                      bank23       00000
__Hbank24                                      bank24       00000
__Hbank25                                      bank25       00000
__Hbank26                                      bank26       00000
__Hbank27                                      bank27       00000
__Hbank28                                      bank28       00000
__Hbank29                                      bank29       00000
__Hbank3                                       bank3        00000
__Hbank30                                      bank30       00000
__Hbank31                                      bank31       00000
__Hbank4                                       bank4        00000
__Hbank5                                       bank5        00000
__Hbank6                                       bank6        00000
__Hbank7                                       bank7        00000
__Hbank8                                       bank8        00000
__Hbank9                                       bank9        00000
__Hbigram                                      bigram       00000
__HbssBANK0                                    bssBANK0     00000
__HbssBANK2                                    bssBANK2     00000
__HbssBANK3                                    bssBANK3     00000
__HbssBANK4                                    bssBANK4     00000
__Hcinit                                       cinit        0005A
__Hclrtext                                     clrtext      00000
__Hcode                                        code         00000
__Hcommon                                      common       00000
__Hconfig                                      config       0800A
__HcstackBANK0                                 cstackBANK0  00000
__HcstackBANK1                                 cstackBANK1  00000
__HcstackBANK2                                 cstackBANK2  00000
__HcstackCOMMON                                cstackCOMMON 00000
__HdataBANK0                                   dataBANK0    00000
__HdataBANK2                                   dataBANK2    00000
__HdataBANK3                                   dataBANK3    00000
__Heeprom_data                                 eeprom_data  00000
__Hend_init                                    end_init     00016
__Hfunctab                                     functab      00000
__HidataBANK0                                  idataBANK0   00000
__HidataBANK2                                  idataBANK2   00000
__HidataBANK3                                  idataBANK3   00000
__Hidloc                                       idloc        00000
__Hinit                                        init         00014
__Hinittext                                    inittext     00000
__Hintentry                                    intentry     00014
__Hmaintext                                    maintext     00000
__HnvBANK2                                     nvBANK2      00000
__Hpowerup                                     powerup      00000
__Hram                                         ram          00000
__Hreset_vec                                   reset_vec    00002
__Hsfr0                                        sfr0         00000
__Hsfr1                                        sfr1         00000
__Hsfr10                                       sfr10        00000
__Hsfr11                                       sfr11        00000
__Hsfr12                                       sfr12        00000
__Hsfr13                                       sfr13        00000
__Hsfr14                                       sfr14        00000
__Hsfr15                                       sfr15        00000
__Hsfr16                                       sfr16        00000
__Hsfr17                                       sfr17        00000
__Hsfr18                                       sfr18        00000
__Hsfr19                                       sfr19        00000
__Hsfr2                                        sfr2         00000
__Hsfr20                                       sfr20        00000
__Hsfr21                                       sfr21        00000
__Hsfr22                                       sfr22        00000
__Hsfr23                                       sfr23        00000
__Hsfr24                                       sfr24        00000
__Hsfr25                                       sfr25        00000
__Hsfr26                                       sfr26        00000
__Hsfr27                                       sfr27        00000
__Hsfr28                                       sfr28        00000
__Hsfr29                                       sfr29        00000
__Hsfr3                                        sfr3         00000
__Hsfr30                                       sfr30        00000
__Hsfr31                                       sfr31        00000
__Hsfr4                                        sfr4         00000
__Hsfr5                                        sfr5         00000
__Hsfr6                                        sfr6         00000
__Hsfr7                                        sfr7         00000
__Hsfr8                                        sfr8         00000
__Hsfr9                                        sfr9         00000
__Hspace_0                                     (abs)        0800A
__Hspace_1                                     (abs)        00240
__Hspace_2                                     (abs)        00000
__Hspace_3                                     (abs)        00000
__Hstack                                       stack        00000
__Hstrings                                     strings      00000
__Hstringtext1                                 stringtext1  00000
__Hstringtext2                                 stringtext2  00000
__Hstringtext3                                 stringtext3  00000
__Hstringtext4                                 stringtext4  00000
__Hstringtext5                                 stringtext5  00000
__Hstringtext6                                 stringtext6  00000
__Htext                                        text         00000
__Labs1                                        abs1         00000
__Lbank0                                       bank0        00000
__Lbank1                                       bank1        00000
__Lbank10                                      bank10       00000
__Lbank11                                      bank11       00000
__Lbank12                                      bank12       00000
__Lbank13                                      bank13       00000
__Lbank14                                      bank14       00000
__Lbank15                                      bank15       00000
__Lbank16                                      bank16       00000
__Lbank17                                      bank17       00000
__Lbank18                                      bank18       00000
__Lbank19                                      bank19       00000
__Lbank2                                       bank2        00000
__Lbank20                                      bank20       00000
__Lbank21                                      bank21       00000
__Lbank22                                      bank22       00000
__Lbank23                                      bank23       00000
__Lbank24                                      bank24       00000
__Lbank25                                      bank25       00000
__Lbank26                                      bank26       00000
__Lbank27                                      bank27       00000
__Lbank28                                      bank28       00000
__Lbank29                                      bank29       00000
__Lbank3                                       bank3        00000
__Lbank30                                      bank30       00000
__Lbank31                                      bank31       00000
__Lbank4                                       bank4        00000
__Lbank5                                       bank5        00000
__Lbank6                                       bank6        00000
__Lbank7                                       bank7        00000
__Lbank8                                       bank8        00000
__Lbank9                                       bank9        00000
__Lbigram                                      bigram       00000
__LbssBANK0                                    bssBANK0     00000
__LbssBANK2                                    bssBANK2     00000
__LbssBANK3                                    bssBANK3     00000
__LbssBANK4                                    bssBANK4     00000
__Lcinit                                       cinit        00016
__Lclrtext                                     clrtext      00000
__Lcode                                        code         00000
__Lcommon                                      common       00000
__Lconfig                                      config       08007
__LcstackBANK0                                 cstackBANK0  00000
__LcstackBANK1                                 cstackBANK1  00000
__LcstackBANK2                                 cstackBANK2  00000
__LcstackCOMMON                                cstackCOMMON 00000
__LdataBANK0                                   dataBANK0    00000
__LdataBANK2                                   dataBANK2    00000
__LdataBANK3                                   dataBANK3    00000
__Leeprom_data                                 eeprom_data  00000
__Lend_init                                    end_init     00014
__Lfunctab                                     functab      00000
__LidataBANK0                                  idataBANK0   00000
__LidataBANK2                                  idataBANK2   00000
__LidataBANK3                                  idataBANK3   00000
__Lidloc                                       idloc        00000
__Linit                                        init         00014
__Linittext                                    inittext     00000
__Lintentry                                    intentry     00004
__Lmaintext                                    maintext     00000
__LnvBANK2                                     nvBANK2      00000
__Lpowerup                                     powerup      00000
__Lram                                         ram          00000
__Lreset_vec                                   reset_vec    00000
__Lsfr0                                        sfr0         00000
__Lsfr1                                        sfr1         00000
__Lsfr10                                       sfr10        00000
__Lsfr11                                       sfr11        00000
__Lsfr12                                       sfr12        00000
__Lsfr13                                       sfr13        00000
__Lsfr14                                       sfr14        00000
__Lsfr15                                       sfr15        00000
__Lsfr16                                       sfr16        00000
__Lsfr17                                       sfr17        00000
__Lsfr18                                       sfr18        00000
__Lsfr19                                       sfr19        00000
__Lsfr2                                        sfr2         00000
__Lsfr20                                       sfr20        00000
__Lsfr21                                       sfr21        00000
__Lsfr22                                       sfr22        00000
__Lsfr23                                       sfr23        00000
__Lsfr24                                       sfr24        00000
__Lsfr25                                       sfr25        00000
__Lsfr26                                       sfr26        00000
__Lsfr27                                       sfr27        00000
__Lsfr28                                       sfr28        00000
__Lsfr29                                       sfr29        00000
__Lsfr3                                        sfr3         00000
__Lsfr30                                       sfr30        00000
__Lsfr31                                       sfr31        00000
__Lsfr4                                        sfr4         00000
__Lsfr5                                        sfr5         00000
__Lsfr6                                        sfr6         00000
__Lsfr7                                        sfr7         00000
__Lsfr8                                        sfr8         00000
__Lsfr9                                        sfr9         00000
__Lspace_0                                     (abs)        00000
__Lspace_1                                     (abs)        00000
__Lspace_2                                     (abs)        00000
__Lspace_3                                     (abs)        00000
__Lstack                                       stack        00000
__Lstrings                                     strings      00000
__Lstringtext1                                 stringtext1  00000
__Lstringtext2                                 stringtext2  00000
__Lstringtext3                                 stringtext3  00000
__Lstringtext4                                 stringtext4  00000
__Lstringtext5                                 stringtext5  00000
__Lstringtext6                                 stringtext6  00000
__Ltext                                        text         00000
__S0                                           (abs)        0800A
__S1                                           (abs)        00240
__S2                                           (abs)        00000
__Umul8_16                                     text50       015A0
__Umul8_16@multiplicand                        cstackCOMMON 00070
__Umul8_16@multiplier                          cstackCOMMON 00078
__Umul8_16@product                             cstackCOMMON 00074
__Umul8_16@word_mpld                           cstackCOMMON 00076
___aldiv                                       text23       0098D
___aldiv@counter                               cstackBANK1  000A9
___aldiv@dividend                              cstackBANK1  000A4
___aldiv@divisor                               cstackBANK1  000A0
___aldiv@quotient                              cstackBANK1  000AB
___aldiv@sign                                  cstackBANK1  000AA
___aodiv                                       text18       00CAC
___aodiv@counter                               cstackBANK1  000B1
___aodiv@dividend                              cstackBANK1  000A8
___aodiv@divisor                               cstackBANK1  000A0
___aodiv@quotient                              cstackBANK1  000B3
___aodiv@sign                                  cstackBANK1  000B2
___aomod                                       text17       00AED
___aomod@counter                               cstackBANK1  000B1
___aomod@dividend                              cstackBANK1  000A8
___aomod@divisor                               cstackBANK1  000A0
___aomod@sign                                  cstackBANK1  000B2
___awdiv                                       text22       00803
___awdiv@counter                               cstackBANK1  000A5
___awdiv@dividend                              cstackBANK1  000A2
___awdiv@divisor                               cstackBANK1  000A0
___awdiv@quotient                              cstackBANK1  000A7
___awdiv@sign                                  cstackBANK1  000A6
___awmod                                       text52       01769
___awmod@counter                               cstackBANK0  00056
___awmod@dividend                              cstackBANK0  00054
___awmod@divisor                               cstackBANK0  00052
___awmod@sign                                  cstackBANK0  00057
___fladd                                       text42       0049B
___fladd@a                                     cstackCOMMON 00074
___fladd@aexp                                  cstackCOMMON 00079
___fladd@b                                     cstackCOMMON 00070
___fladd@bexp                                  cstackCOMMON 0007A
___fladd@grs                                   cstackCOMMON 0007B
___fladd@signs                                 cstackCOMMON 00078
___fldiv                                       text51       00684
___fldiv@a                                     cstackCOMMON 00070
___fldiv@aexp                                  cstackBANK0  0002C
___fldiv@b                                     cstackCOMMON 00074
___fldiv@bexp                                  cstackBANK0  0002B
___fldiv@grs                                   cstackBANK0  00027
___fldiv@new_exp                               cstackBANK0  00025
___fldiv@rem                                   cstackBANK0  00020
___fldiv@sign                                  cstackBANK0  00024
___flge                                        text24       00911
___flge@ff1                                    cstackBANK1  000A0
___flge@ff2                                    cstackBANK1  000A4
___flmul                                       text49       0005A
___flmul@a                                     cstackBANK0  00031
___flmul@aexp                                  cstackBANK0  0003F
___flmul@b                                     cstackBANK0  0002D
___flmul@bexp                                  cstackBANK0  00040
___flmul@grs                                   cstackBANK0  0003B
___flmul@prod                                  cstackBANK0  00041
___flmul@sign                                  cstackBANK0  0003A
___flmul@temp                                  cstackBANK0  00045
___fltol                                       text48       008AB
___fltol@exp1                                  cstackBANK0  00051
___fltol@f1                                    cstackBANK0  00047
___fltol@sign1                                 cstackBANK0  00050
___int_sp                                      stack        00000
___latbits                                     (abs)        00002
___lwdiv                                       text21       016B7
___lwdiv@counter                               cstackBANK1  000A7
___lwdiv@dividend                              cstackBANK1  000A2
___lwdiv@divisor                               cstackBANK1  000A0
___lwdiv@quotient                              cstackBANK1  000A5
___sp                                          stack        00000
___stackhi                                     (abs)        023EF
___stacklo                                     (abs)        02160
___wmul                                        text20       01584
___wmul@multiplicand                           cstackBANK1  000AB
___wmul@multiplier                             cstackBANK1  000A9
___wmul@product                                cstackBANK1  000AD
__end_of_ADC_GetConversionResult               text37       01454
__end_of_ADC_Initialize                        text35       0147C
__end_of_ADC_StartConversion                   text36       00803
__end_of_EUSART_Initialize                     text31       01629
__end_of_EUSART_SetErrorHandler                text34       0148D
__end_of_EUSART_SetFramingErrorHandler         text33       01496
__end_of_EUSART_SetOverrunErrorHandler         text32       0149F
__end_of_EUSART_Write                          text15       014BB
__end_of_EUSART_is_tx_ready                    text3        014D6
__end_of_INTERRUPT_InterruptManager            intentry     00014
__end_of_IOCCF7_DefaultInterruptHandler        text45       00003
__end_of_IOCCF7_ISR                            text44       014C8
__end_of_IOCCF7_SetInterruptHandler            text29       014A8
__end_of_OSCILLATOR_Initialize                 text30       0146D
__end_of_PIN_MANAGER_IOC                       text43       0144E
__end_of_PIN_MANAGER_Initialize                text28       016B7
__end_of_SYSTEM_Initialize                     text25       014E5
__end_of_TMR0_DefaultInterruptHandler          text40       00004
__end_of_TMR0_ISR                              text39       014F5
__end_of_TMR0_Initialize                       text26       01537
__end_of_TMR0_SetInterruptHandler              text27       014B1
__end_of__Umul8_16                             text50       015BF
__end_of___aldiv                               text23       00A0F
__end_of___aodiv                               text18       00DA3
__end_of___aomod                               text17       00BCC
__end_of___awdiv                               text22       00855
__end_of___awmod                               text52       017AF
__end_of___fladd                               text42       00684
__end_of___fldiv                               text51       007FE
__end_of___flge                                text24       0098D
__end_of___flmul                               text49       00286
__end_of___fltol                               text48       00911
__end_of___lwdiv                               text21       016EC
__end_of___wmul                                text20       015A0
__end_of__initialization                       cinit        00056
__end_of_abs                                   text16       01550
__end_of_dtoa                                  text9        01000
__end_of_fputc                                 text13       01769
__end_of_fputs                                 text12       01652
__end_of_heartBeatCalc                         text19       0049B
__end_of_main                                  maintext     00CAC
__end_of_pad                                   text10       008AB
__end_of_printf                                text6        0150A
__end_of_putch                                 text14       0145A
__end_of_puts                                  text5        01584
__end_of_resetCursor                           text4        01484
__end_of_setCursor                             text2        01729
__end_of_speedCalc                             text46       00EAD
__end_of_strlen                                text11       01569
__end_of_timerISR                              text41       01604
__end_of_vfpfcnvrt                             text8        00AED
__end_of_vfprintf                              text7        01684
__end_of_writeString                           text1        0151F
__end_ofi1___awdiv                             text47       01800
__initialization                               cinit        00016
__pbssBANK0                                    bssBANK0     0005C
__pbssBANK2                                    bssBANK2     00120
__pbssBANK3                                    bssBANK3     001C0
__pbssBANK4                                    bssBANK4     00220
__pcstackBANK0                                 cstackBANK0  00020
__pcstackBANK1                                 cstackBANK1  000A0
__pcstackBANK2                                 cstackBANK2  0014F
__pcstackCOMMON                                cstackCOMMON 00070
__pdataBANK0                                   dataBANK0    00069
__pdataBANK2                                   dataBANK2    00168
__pdataBANK3                                   dataBANK3    001A0
__pidataBANK0                                  idataBANK0   0146D
__pidataBANK2                                  idataBANK2   007FE
__pidataBANK3                                  idataBANK3   015BF
__pintentry                                    intentry     00004
__pmaintext                                    maintext     00BCC
__pnvBANK2                                     nvBANK2      0015D
__pstringtext1                                 stringtext1  01800
__pstringtext2                                 stringtext2  0180F
__pstringtext3                                 stringtext3  0181D
__pstringtext4                                 stringtext4  01827
__pstringtext5                                 stringtext5  01830
__pstringtext6                                 stringtext6  00000
__ptext1                                       text1        0150A
__ptext10                                      text10       00855
__ptext11                                      text11       01550
__ptext12                                      text12       01629
__ptext13                                      text13       01729
__ptext14                                      text14       01454
__ptext15                                      text15       014B1
__ptext16                                      text16       01537
__ptext17                                      text17       00AED
__ptext18                                      text18       00CAC
__ptext19                                      text19       00286
__ptext2                                       text2        016EC
__ptext20                                      text20       01584
__ptext21                                      text21       016B7
__ptext22                                      text22       00803
__ptext23                                      text23       0098D
__ptext24                                      text24       00911
__ptext25                                      text25       014D6
__ptext26                                      text26       0151F
__ptext27                                      text27       014A8
__ptext28                                      text28       01684
__ptext29                                      text29       0149F
__ptext3                                       text3        014C8
__ptext30                                      text30       01466
__ptext31                                      text31       01604
__ptext32                                      text32       01496
__ptext33                                      text33       0148D
__ptext34                                      text34       01484
__ptext35                                      text35       01474
__ptext36                                      text36       00800
__ptext37                                      text37       0144E
__ptext39                                      text39       014E5
__ptext4                                       text4        0147C
__ptext40                                      text40       00003
__ptext41                                      text41       015DF
__ptext42                                      text42       0049B
__ptext43                                      text43       01448
__ptext44                                      text44       014BB
__ptext45                                      text45       00002
__ptext46                                      text46       00DA3
__ptext47                                      text47       017AF
__ptext48                                      text48       008AB
__ptext49                                      text49       0005A
__ptext5                                       text5        01569
__ptext50                                      text50       015A0
__ptext51                                      text51       00684
__ptext52                                      text52       01769
__ptext6                                       text6        014F5
__ptext7                                       text7        01652
__ptext8                                       text8        00A0F
__ptext9                                       text9        00EAD
__size_of_ADC_GetConversionResult              (abs)        00000
__size_of_ADC_Initialize                       (abs)        00000
__size_of_ADC_StartConversion                  (abs)        00000
__size_of_EUSART_Initialize                    (abs)        00000
__size_of_EUSART_SetErrorHandler               (abs)        00000
__size_of_EUSART_SetFramingErrorHandler        (abs)        00000
__size_of_EUSART_SetOverrunErrorHandler        (abs)        00000
__size_of_EUSART_Write                         (abs)        00000
__size_of_EUSART_is_tx_ready                   (abs)        00000
__size_of_INTERRUPT_InterruptManager           (abs)        00000
__size_of_IOCCF7_DefaultInterruptHandler       (abs)        00000
__size_of_IOCCF7_ISR                           (abs)        00000
__size_of_IOCCF7_SetInterruptHandler           (abs)        00000
__size_of_OSCILLATOR_Initialize                (abs)        00000
__size_of_PIN_MANAGER_IOC                      (abs)        00000
__size_of_PIN_MANAGER_Initialize               (abs)        00000
__size_of_SYSTEM_Initialize                    (abs)        00000
__size_of_TMR0_DefaultInterruptHandler         (abs)        00000
__size_of_TMR0_ISR                             (abs)        00000
__size_of_TMR0_Initialize                      (abs)        00000
__size_of_TMR0_SetInterruptHandler             (abs)        00000
__size_of__Umul8_16                            (abs)        00000
__size_of___aldiv                              (abs)        00000
__size_of___aodiv                              (abs)        00000
__size_of___aomod                              (abs)        00000
__size_of___awdiv                              (abs)        00000
__size_of___awmod                              (abs)        00000
__size_of___fladd                              (abs)        00000
__size_of___fldiv                              (abs)        00000
__size_of___flge                               (abs)        00000
__size_of___flmul                              (abs)        00000
__size_of___fltol                              (abs)        00000
__size_of___lwdiv                              (abs)        00000
__size_of___wmul                               (abs)        00000
__size_of_abs                                  (abs)        00000
__size_of_dtoa                                 (abs)        00000
__size_of_fputc                                (abs)        00000
__size_of_fputs                                (abs)        00000
__size_of_heartBeatCalc                        (abs)        00000
__size_of_main                                 (abs)        00000
__size_of_pad                                  (abs)        00000
__size_of_printf                               (abs)        00000
__size_of_putch                                (abs)        00000
__size_of_puts                                 (abs)        00000
__size_of_resetCursor                          (abs)        00000
__size_of_setCursor                            (abs)        00000
__size_of_speedCalc                            (abs)        00000
__size_of_strlen                               (abs)        00000
__size_of_timerISR                             (abs)        00000
__size_of_vfpfcnvrt                            (abs)        00000
__size_of_vfprintf                             (abs)        00000
__size_of_writeString                          (abs)        00000
__size_ofi1___awdiv                            (abs)        00000
_abs                                           text16       01537
_adcCounter                                    bssBANK2     00124
_adcVal                                        bssBANK2     0013A
_amp                                           bssBANK2     00138
_counter                                       bssBANK2     0014B
_dbuf                                          bssBANK4     00220
_distHi                                        bssBANK2     00144
_distLo                                        bssBANK2     00142
_distance                                      bssBANK0     00064
_distanceDisp                                  dataBANK3    001AD
_dtoa                                          text9        00EAD
_dtoa$792                                      cstackBANK1  000C7
_eusartRxLastError                             bssBANK0     00068
_firstBeat                                     dataBANK0    0006F
_flags                                         bssBANK0     00060
_fputc                                         text13       01729
_fputs                                         text12       01629
_heartBeatCalc                                 text19       00286
_heartRate                                     bssBANK2     00128
_hrDisp                                        dataBANK3    001A0
_hrInt                                         bssBANK2     0013C
_lastBeatTime                                  bssBANK2     00120
_main                                          maintext     00BCC
_nout                                          bssBANK2     00130
_pad                                           text10       00855
_prec                                          bssBANK2     00134
_printf                                        text6        014F5
_putch                                         text14       01454
_puts                                          text5        01569
_puts$1138                                     cstackBANK1  000B7
_rate                                          bssBANK3     001C0
_resetCursor                                   text4        0147C
_rpm                                           bssBANK2     00147
_sampleCounter                                 bssBANK0     0005C
_secondBeat                                    bssBANK0     00067
_setCursor                                     text2        016EC
_speed                                         bssBANK2     0012C
_speedCalc                                     text46       00DA3
_speedCalc$1328                                cstackBANK0  00058
_speedDisp                                     dataBANK3    001B8
_speedHi                                       bssBANK2     0013E
_speedLo                                       bssBANK2     00140
_strlen                                        text11       01550
_thresh                                        dataBANK0    0006B
_timer0ReloadVal                               nvBANK2      00167
_timerISR                                      text41       015DF
_vfpfcnvrt                                     text8        00A0F
_vfprintf                                      text7        01652
_width                                         bssBANK2     00132
_writeString                                   text1        0150A
abs@a                                          cstackBANK1  000B3
btemp                                          (abs)        0007E
clear_ram0                                     clrtext      0145A
dtoa@d                                         cstackBANK1  000BC
dtoa@fp                                        cstackBANK1  000CB
dtoa@i                                         cstackBANK1  000D8
dtoa@n                                         cstackBANK1  000D0
dtoa@p                                         cstackBANK1  000C9
dtoa@s                                         cstackBANK1  000CE
dtoa@w                                         cstackBANK1  000CC
end_of_initialization                          cinit        00056
fputc@c                                        cstackBANK1  000A2
fputc@fp                                       cstackBANK1  000A4
fputs@c                                        cstackBANK1  000B0
fputs@fp                                       cstackBANK1  000AC
fputs@i                                        cstackBANK1  000B1
fputs@s                                        cstackBANK1  000AA
heartBeatCalc@N                                cstackBANK1  000B7
heartBeatCalc@adcVal                           cstackBANK1  000AF
heartBeatCalc@i                                cstackBANK1  000B5
heartBeatCalc@i_630                            cstackBANK1  000B9
heartBeatCalc@runningTotal                     cstackBANK1  000B3
i1___awdiv                                     text47       017AF
i1___awdiv@counter                             cstackCOMMON 00075
i1___awdiv@dividend                            cstackCOMMON 00072
i1___awdiv@divisor                             cstackCOMMON 00070
i1___awdiv@quotient                            cstackCOMMON 00077
i1___awdiv@sign                                cstackCOMMON 00076
init_ram                                       inittext     01460
int$flags                                      (abs)        0007E
intlevel0                                      functab      00000
intlevel1                                      functab      00000
intlevel2                                      functab      00000
intlevel3                                      functab      00000
intlevel4                                      functab      00000
intlevel5                                      functab      00000
pad@buf                                        cstackBANK1  000B3
pad@fp                                         cstackBANK1  000BB
pad@i                                          cstackBANK1  000B7
pad@p                                          cstackBANK1  000B4
pad@w                                          cstackBANK1  000B9
printf@ap                                      cstackBANK2  0015A
printf@fmt                                     cstackBANK2  00152
putch@txData                                   cstackBANK1  000A1
puts@s                                         cstackBANK1  000B3
reset_vec                                      reset_vec    00000
setCursor@a                                    cstackBANK1  000A4
setCursor@b                                    cstackBANK1  000A1
start                                          init         00014
start_initialization                           cinit        00016
strlen@a                                       cstackBANK1  000A3
strlen@s                                       cstackBANK1  000A4
vfpfcnvrt@ap                                   cstackBANK1  000DB
vfpfcnvrt@fmt                                  cstackBANK1  000DA
vfpfcnvrt@fp                                   cstackBANK1  000E9
vfpfcnvrt@ll                                   cstackBANK1  000E1
vfprintf@ap                                    cstackBANK1  000EC
vfprintf@cfmt                                  cstackBANK2  00150
vfprintf@fmt                                   cstackBANK1  000EA
vfprintf@fp                                    cstackBANK2  0014F
writeString@string                             cstackBANK1  000B8
wtemp0                                         (abs)        0007E


FUNCTION INFORMATION:

 *************** function _main *****************
 Defined at:
		line 52 in file "main.c"
 Parameters:    Size  Location     Type
		None
 Auto vars:     Size  Location     Type
		None
 Return value:  Size  Location     Type
                  1    wreg      void 
 Registers used:
		wreg, fsr0l, fsr0h, fsr1l, fsr1h, status,2, status,0, pclath, cstack
 Tracked objects:
		On entry : 
		On exit  : 
		Unchanged: 
 Data sizes:     COMMON   BANK0   BANK1   BANK2   BANK3   BANK4   BANK5   BANK6   BANK7   BANK8   BANK9  BANK10  BANK11  BANK12
      Params:         0       0       0       0       0       0       0       0       0       0       0       0       0       0
      Locals:         0       0       0       0       0       0       0       0       0       0       0       0       0       0
      Temps:          0       0       0       2       0       0       0       0       0       0       0       0       0       0
[...]
 Registers used:
		wreg, status,2, status,0, pclath, cstack
 Tracked objects:
		On entry : 
		On exit  : 
		Unchanged: 
 Data sizes:     COMMON   BANK0   BANK1   BANK2   BANK3   BANK4   BANK5   BANK6   BANK7   BANK8   BANK9  BANK10  BANK11  BANK12
      Params:         0       0       0       0       0       0       0       0       0       0       0       0       0       0
      Locals:         0       0       0       0       0       0       0       0       0       0       0       0       0       0
      Temps:          0       0       0       0       0       0       0       0       0       0       0       0       0       0
      Totals:         0       0       0       0       0       0       0       0       0       0       0       0       0       0
Total ram usage:        0 bytes
 Hardware stack levels used:    1
 Hardware stack levels required when called:    3
 This function calls:
		Absolute function
		_IOCCF7_DefaultInterruptHandler
		_speedCalc
 This function is called by:
		_PIN_MANAGER_IOC
 This function uses a non-reentrant model


 *************** function _IOCCF7_DefaultInterruptHandler *****************
 Defined at:
		line 108 in file "mcc_generated_files/pin_manager.c"
 Parameters:    Size  Location     Type
		None
 Auto vars:     Size  Location     Type
		None
 Return value:  Size  Location     Type
                  1    wreg      void 
 Registers used:
		None
 Tracked objects:
		On entry : 
		On exit  : 
		Unchanged: 
 Data sizes:     COMMON   BANK0   BANK1   BANK2   BANK3   BANK4   BANK5   BANK6   BANK7   BANK8   BANK9  BANK10  BANK11  BANK12
      Params:         0       0       0       0       0       0       0       0       0       0       0       0       0       0
      Locals:         0       0       0       0       0       0       0       0       0       0       0       0       0       0
      Temps:          0       0       0       0       0       0       0       0       0       0       0       0       0       0
      Totals:         0       0       0       0       0       0       0       0       0       0       0       0       0       0
Total ram usage:        0 bytes
 Hardware stack levels used:    1
 This function calls:
		Nothing
 This function is called by:
		_PIN_MANAGER_Initialize
		_IOCCF7_ISR
 This function uses a non-reentrant model


 *************** function _speedCalc *****************
 Defined at:
		line 116 in file "main.c"
 Parameters:    Size  Location     Type
		None
 Auto vars:     Size  Location     Type
		None
 Return value:  Size  Location     Type
                  1    wreg      void 
 Registers used:
		wreg, status,2, status,0, pclath, cstack
 Tracked objects:
		On entry : 
		On exit  : 
		Unchanged: 
 Data sizes:     COMMON   BANK0   BANK1   BANK2   BANK3   BANK4   BANK5   BANK6   BANK7   BANK8   BANK9  BANK10  BANK11  BANK12
      Params:         0       0       0       0       0       0       0       0       0       0       0       0       0       0
      Locals:         0       4       0       0       0       0       0       0       0       0       0       0       0       0
      Temps:          0       0       0       0       0       0       0       0       0       0       0       0       0       0
      Totals:         0       4       0       0       0       0       0       0       0       0       0       0       0       0
Total ram usage:        4 bytes
 Hardware stack levels used:    1
 Hardware stack levels required when called:    2
 This function calls:
		___awmod
		___fldiv
		___flmul
		___fltol
		i1___awdiv
 This function is called by:
		_main
		_IOCCF7_ISR
 This function uses a non-reentrant model


 *************** function i1___awdiv *****************
 Defined at:
		line 5 in file "C:\Program Files (x86)\Microchip\xc8\v2.05\pic\sources\c99\common\awdiv.c"
 Parameters:    Size  Location     Type
  divisor         2    0[COMMON] int 
  dividend        2    2[COMMON] int 
 Auto vars:     Size  Location     Type
  __awdiv         2    7[COMMON] int 
  __awdiv         1    6[COMMON] unsigned char 
  __awdiv         1    5[COMMON] unsigned char 
 Return value:  Size  Location     Type
                  2    0[COMMON] int 
 Registers used:
		wreg, status,2, status,0
 Tracked objects:
		On entry : 
		On exit  : 
		Unchanged: 
 Data sizes:     COMMON   BANK0   BANK1   BANK2   BANK3   BANK4   BANK5   BANK6   BANK7   BANK8   BANK9  BANK10  BANK11  BANK12
      Params:         4       0       0       0       0       0       0       0       0       0       0       0       0       0
      Locals:         4       0       0       0       0       0       0       0       0       0       0       0       0       0
      Temps:          1       0       0       0       0       0       0       0       0       0       0       0       0       0
      Totals:         9       0       0       0       0       0       0       0       0       0       0       0       0       0
Total ram usage:        9 bytes
 Hardware stack levels used:    1
 This function calls:
		Nothing
 This function is called by:
		_speedCalc
 This function uses a non-reentrant model


 *************** function ___fltol *****************
 Defined at:
		line 43 in file "C:\Program Files (x86)\Microchip\xc8\v2.05\pic\sources\c99\common\fltol.c"
 Parameters:    Size  Location     Type
  f1              4   39[BANK0 ] int 
 Auto vars:     Size  Location     Type
  exp1            1   49[BANK0 ] unsigned char 
  sign1           1   48[BANK0 ] unsigned char 
 Return value:  Size  Location     Type
                  4   39[BANK0 ] long 
 Registers used:
		wreg, status,2, status,0
 Tracked objects:
		On entry : 
		On exit  : 
		Unchanged: 
 Data sizes:     COMMON   BANK0   BANK1   BANK2   BANK3   BANK4   BANK5   BANK6   BANK7   BANK8   BANK9  BANK10  BANK11  BANK12
      Params:         0       4       0       0       0       0       0       0       0       0       0       0       0       0
      Locals:         0       2       0       0       0       0       0       0       0       0       0       0       0       0
      Temps:          0       5       0       0       0       0       0       0       0       0       0       0       0       0
      Totals:         0      11       0       0       0       0       0       0       0       0       0       0       0       0
Total ram usage:       11 bytes
 Hardware stack levels used:    1
 This function calls:
		Nothing
 This function is called by:
		_speedCalc
 This function uses a non-reentrant model


 *************** function ___flmul *****************
 Defined at:
		line 8 in file "C:\Program Files (x86)\Microchip\xc8\v2.05\pic\sources\c99\common\sprcmul.c"
 Parameters:    Size  Location     Type
  b               4   13[BANK0 ] long 
  a               4   17[BANK0 ] long 
 Auto vars:     Size  Location     Type
  prod            4   33[BANK0 ] struct .
  grs             4   27[BANK0 ] unsigned long 
  temp            2   37[BANK0 ] struct .
  bexp            1   32[BANK0 ] unsigned char 
  aexp            1   31[BANK0 ] unsigned char 
  sign            1   26[BANK0 ] unsigned char 
 Return value:  Size  Location     Type
                  4   13[BANK0 ] unsigned char 
 Registers used:
		wreg, status,2, status,0, pclath, cstack
 Tracked objects:
		On entry : 
		On exit  : 
		Unchanged: 
 Data sizes:     COMMON   BANK0   BANK1   BANK2   BANK3   BANK4   BANK5   BANK6   BANK7   BANK8   BANK9  BANK10  BANK11  BANK12
      Params:         0       8       0       0       0       0       0       0       0       0       0       0       0       0
      Locals:         0      13       0       0       0       0       0       0       0       0       0       0       0       0
      Temps:          0       5       0       0       0       0       0       0       0       0       0       0       0       0
      Totals:         0      26       0       0       0       0       0       0       0       0       0       0       0       0
Total ram usage:       26 bytes
 Hardware stack levels used:    1
 Hardware stack levels required when called:    1
 This function calls:
		__Umul8_16
 This function is called by:
		_speedCalc
 This function uses a non-reentrant model


 *************** function __Umul8_16 *****************
 Defined at:
		line 4 in file "C:\Program Files (x86)\Microchip\xc8\v2.05\pic\sources\c99\common\Umul8_16.c"
 Parameters:    Size  Location     Type
  multiplier      1    wreg     unsigned char 
  multiplicand    1    0[COMMON] unsigned char 
 Auto vars:     Size  Location     Type
  multiplier      1    8[COMMON] unsigned char 
  word_mpld       2    6[COMMON] unsigned int 
  product         2    4[COMMON] unsigned int 
 Return value:  Size  Location     Type
                  2    0[COMMON] unsigned int 
 Registers used:
		wreg, status,2, status,0
 Tracked objects:
		On entry : 
		On exit  : 
		Unchanged: 
 Data sizes:     COMMON   BANK0   BANK1   BANK2   BANK3   BANK4   BANK5   BANK6   BANK7   BANK8   BANK9  BANK10  BANK11  BANK12
      Params:         2       0       0       0       0       0       0       0       0       0       0       0       0       0
      Locals:         5       0       0       0       0       0       0       0       0       0       0       0       0       0
      Temps:          2       0       0       0       0       0       0       0       0       0       0       0       0       0
      Totals:         9       0       0       0       0       0       0       0       0       0       0       0       0       0
Total ram usage:        9 bytes
 Hardware stack levels used:    1
 This function calls:
		Nothing
 This function is called by:
		___flmul
 This function uses a non-reentrant model


 *************** function ___fldiv *****************
 Defined at:
		line 8 in file "C:\Program Files (x86)\Microchip\xc8\v2.05\pic\sources\c99\common\sprcdiv.c"
 Parameters:    Size  Location     Type
  a               4    0[COMMON] unsigned int 
  b               4    4[COMMON] unsigned int 
 Auto vars:     Size  Location     Type
  grs             4    7[BANK0 ] unsigned long 
  rem             4    0[BANK0 ] unsigned long 
  new_exp         2    5[BANK0 ] int 
  aexp            1   12[BANK0 ] unsigned char 
  bexp            1   11[BANK0 ] unsigned char 
  sign            1    4[BANK0 ] unsigned char 
 Return value:  Size  Location     Type
                  4    0[COMMON] unsigned char 
 Registers used:
		wreg, status,2, status,0
 Tracked objects:
		On entry : 
		On exit  : 
		Unchanged: 
 Data sizes:     COMMON   BANK0   BANK1   BANK2   BANK3   BANK4   BANK5   BANK6   BANK7   BANK8   BANK9  BANK10  BANK11  BANK12
      Params:         8       0       0       0       0       0       0       0       0       0       0       0       0       0
      Locals:         0      13       0       0       0       0       0       0       0       0       0       0       0       0
      Temps:          5       0       0       0       0       0       0       0       0       0       0       0       0       0
      Totals:        13      13       0       0       0       0       0       0       0       0       0       0       0       0
Total ram usage:       26 bytes
 Hardware stack levels used:    1
 This function calls:
		Nothing
 This function is called by:
		_speedCalc
 This function uses a non-reentrant model


 *************** function ___awmod *****************
 Defined at:
		line 5 in file "C:\Program Files (x86)\Microchip\xc8\v2.05\pic\sources\c99\common\awmod.c"
 Parameters:    Size  Location     Type
  divisor         2   50[BANK0 ] int 
  dividend        2   52[BANK0 ] int 
 Auto vars:     Size  Location     Type
  sign            1   55[BANK0 ] unsigned char 
  counter         1   54[BANK0 ] unsigned char 
 Return value:  Size  Location     Type
                  2   50[BANK0 ] int 
 Registers used:
		wreg, status,2, status,0
 Tracked objects:
		On entry : 
		On exit  : 
		Unchanged: 
 Data sizes:     COMMON   BANK0   BANK1   BANK2   BANK3   BANK4   BANK5   BANK6   BANK7   BANK8   BANK9  BANK10  BANK11  BANK12
      Params:         0       4       0       0       0       0       0       0       0       0       0       0       0       0
      Locals:         0       2       0       0       0       0       0       0       0       0       0       0       0       0
      Temps:          1       0       0       0       0       0       0       0       0       0       0       0       0       0
      Totals:         1       6       0       0       0       0       0       0       0       0       0       0       0       0
Total ram usage:        7 bytes
 Hardware stack levels used:    1
 This function calls:
		Nothing
 This function is called by:
		_speedCalc
 This function uses a non-reentrant model



MODULE INFORMATION

Module		Function		Class		Link	Load	Size
C:\Program Files (x86)\Microchip\xc8\v2.05\pic\sources\c99\common\awmod.c
		___awmod       		CODE           	1769	0000	71

C:\Program Files (x86)\Microchip\xc8\v2.05\pic\sources\c99\common\awmod.c estimated size: 71

C:\Program Files (x86)\Microchip\xc8\v2.05\pic\sources\c99\common\printf.c
		_printf        		CODE           	14F5	0000	22

C:\Program Files (x86)\Microchip\xc8\v2.05\pic\sources\c99\common\printf.c estimated size: 22

mcc_generated_files/interrupt_manager.c
		_INTERRUPT_InterruptManager		CODE           	0004	0000	17

mcc_generated_files/interrupt_manager.c estimated size: 17

C:\Program Files (x86)\Microchip\xc8\v2.05\pic\sources\c99\common\flge.c
		___flge        		CODE           	0911	0000	125

C:\Program Files (x86)\Microchip\xc8\v2.05\pic\sources\c99\common\flge.c estimated size: 125

displayOptions.c
		_writeString   		CODE           	150A	0000	22
		_resetCursor   		CODE           	147C	0000	9
		_setCursor     		CODE           	16EC	0000	62

displayOptions.c estimated size: 93

C:\Program Files (x86)\Microchip\xc8\v2.05\pic\sources\c99\common\nf_fputc.c
		_fputc         		CODE           	1729	0000	65

C:\Program Files (x86)\Microchip\xc8\v2.05\pic\sources\c99\common\nf_fputc.c estimated size: 65

mcc_generated_files/tmr0.c
		_TMR0_SetInterruptHandler		CODE           	14A8	0000	10
		_TMR0_DefaultInterruptHandler		CODE           	0003	0000	2
		_TMR0_ISR      		CODE           	14E5	0000	17
		_TMR0_Initialize		CODE           	151F	0000	25

mcc_generated_files/tmr0.c estimated size: 54

mcc_generated_files/pin_manager.c
		_PIN_MANAGER_Initialize		CODE           	1684	0000	52
		_IOCCF7_DefaultInterruptHandler		CODE           	0002	0000	2
		_IOCCF7_ISR    		CODE           	14BB	0000	14
		_PIN_MANAGER_IOC		CODE           	1448	0000	7
		_IOCCF7_SetInterruptHandler		CODE           	149F	0000	10

mcc_generated_files/pin_manager.c estimated size: 85

C:\Program Files (x86)\Microchip\xc8\v2.05\pic\sources\c99\common\aodiv.c
		___aodiv       		CODE           	0CAC	0000	248

C:\Program Files (x86)\Microchip\xc8\v2.05\pic\sources\c99\common\aodiv.c estimated size: 248

C:\Program Files (x86)\Microchip\xc8\v2.05\pic\sources\c99\common\strlen.c
		_strlen        		CODE           	1550	0000	26

C:\Program Files (x86)\Microchip\xc8\v2.05\pic\sources\c99\common\strlen.c estimated size: 26

mcc_generated_files/adc.c
		_ADC_Initialize		CODE           	1474	0000	9
		_ADC_GetConversionResult		CODE           	144E	0000	7
		_ADC_StartConversion		CODE           	0800	0000	4

mcc_generated_files/adc.c estimated size: 20

C:\Program Files (x86)\Microchip\xc8\v2.05\pic\sources\c99\common\lwdiv.c
		___lwdiv       		CODE           	16B7	0000	54

C:\Program Files (x86)\Microchip\xc8\v2.05\pic\sources\c99\common\lwdiv.c estimated size: 54

C:\Program Files (x86)\Microchip\xc8\v2.05\pic\sources\c99\common\awdiv.c
		___awdiv       		CODE           	0803	0000	83

C:\Program Files (x86)\Microchip\xc8\v2.05\pic\sources\c99\common\awdiv.c estimated size: 83

C:\Program Files (x86)\Microchip\xc8\v2.05\pic\sources\c99\common\fltol.c
		___fltol       		CODE           	08AB	0000	103

C:\Program Files (x86)\Microchip\xc8\v2.05\pic\sources\c99\common\fltol.c estimated size: 103

C:\Program Files (x86)\Microchip\xc8\v2.05\pic\sources\c99\common\aldiv.c
		___aldiv       		CODE           	098D	0000	131

C:\Program Files (x86)\Microchip\xc8\v2.05\pic\sources\c99\common\aldiv.c estimated size: 131

C:\Program Files (x86)\Microchip\xc8\v2.05\pic\sources\c99\common\sprcmul.c
		___flmul       		CODE           	005A	0000	557

C:\Program Files (x86)\Microchip\xc8\v2.05\pic\sources\c99\common\sprcmul.c estimated size: 557

C:\Program Files (x86)\Microchip\xc8\v2.05\pic\sources\c99\common\sprcdiv.c
		___fldiv       		CODE           	0684	0000	379

C:\Program Files (x86)\Microchip\xc8\v2.05\pic\sources\c99\common\sprcdiv.c estimated size: 379

C:\Program Files (x86)\Microchip\xc8\v2.05\pic\sources\c99\common\doprnt.c
		_vfpfcnvrt     		CODE           	0A0F	0000	223
		_pad           		CODE           	0855	0000	87
		_dtoa          		CODE           	0EAD	0000	340
		_vfprintf      		CODE           	1652	0000	51

C:\Program Files (x86)\Microchip\xc8\v2.05\pic\sources\c99\common\doprnt.c estimated size: 701

shared
		i1___awdiv     		CODE           	17AF	0000	82
		__initialization		CODE           	0016	0000	65

shared estimated size: 147

mcc_generated_files/mcc.c
		_OSCILLATOR_Initialize		CODE           	1466	0000	8
		_SYSTEM_Initialize		CODE           	14D6	0000	16

mcc_generated_files/mcc.c estimated size: 24

C:\Program Files (x86)\Microchip\xc8\v2.05\pic\sources\c99\common\Umul16.c
		___wmul        		CODE           	1584	0000	29

C:\Program Files (x86)\Microchip\xc8\v2.05\pic\sources\c99\common\Umul16.c estimated size: 29

C:\Program Files (x86)\Microchip\xc8\v2.05\pic\sources\c99\common\abs.c
		_abs           		CODE           	1537	0000	26

C:\Program Files (x86)\Microchip\xc8\v2.05\pic\sources\c99\common\abs.c estimated size: 26

C:\Program Files (x86)\Microchip\xc8\v2.05\pic\sources\c99\common\puts.c
		_puts          		CODE           	1569	0000	28

C:\Program Files (x86)\Microchip\xc8\v2.05\pic\sources\c99\common\puts.c estimated size: 28

C:\Program Files (x86)\Microchip\xc8\v2.05\pic\sources\c99\common\nf_fputs.c
		_fputs         		CODE           	1629	0000	42

C:\Program Files (x86)\Microchip\xc8\v2.05\pic\sources\c99\common\nf_fputs.c estimated size: 42

mcc_generated_files/eusart.c
		_putch         		CODE           	1454	0000	7
		_EUSART_Write  		CODE           	14B1	0000	11
		_EUSART_Initialize		CODE           	1604	0000	38
		_EUSART_SetFramingErrorHandler		CODE           	148D	0000	10
		_EUSART_SetErrorHandler		CODE           	1484	0000	10
		_EUSART_SetOverrunErrorHandler		CODE           	1496	0000	10
		_EUSART_is_tx_ready		CODE           	14C8	0000	15

mcc_generated_files/eusart.c estimated size: 101

C:\Program Files (x86)\Microchip\xc8\v2.05\pic\sources\c99\common\Umul8_16.c
		__Umul8_16     		CODE           	15A0	0000	32

C:\Program Files (x86)\Microchip\xc8\v2.05\pic\sources\c99\common\Umul8_16.c estimated size: 32

main.c
		_main          		CODE           	0BCC	0000	225
		_heartBeatCalc 		CODE           	0286	0000	534
		_speedCalc     		CODE           	0DA3	0000	267
		_timerISR      		CODE           	15DF	0000	38

main.c estimated size: 1064

C:\Program Files (x86)\Microchip\xc8\v2.05\pic\sources\c99\common\sprcadd.c
		___fladd       		CODE           	049B	0000	490

C:\Program Files (x86)\Microchip\xc8\v2.05\pic\sources\c99\common\sprcadd.c estimated size: 490

C:\Program Files (x86)\Microchip\xc8\v2.05\pic\sources\c99\common\aomod.c
		___aomod       		CODE           	0AED	0000	224

C:\Program Files (x86)\Microchip\xc8\v2.05\pic\sources\c99\common\aomod.c estimated size: 224

